<html>
<body>
<pre>
<h1>µVision Build Log</h1>
<h2>Project:</h2>
E:\tianmn\devel\t\transducer\TBC\MDK-ARM\Project.uvproj
Project File Date:  03/10/2015

<h2>Output:</h2>
Build target 'ZFWL_V1.0'
compiling i2c_fram.c...
..\USER\i2c_fram.c(30): error:  #65: expected a ";"
..\USER\i2c_fram.c(37): warning:  #12-D: parsing restarts here after previous syntax error
..\USER\i2c_fram.c(28): warning:  #177-D: variable "i" was declared but never referenced
..\USER\i2c_fram.c(29): warning:  #177-D: variable "j" was declared but never referenced
Target not created
Load "E:\\tianmn\\devel\\t\\transducer\\TBC\\MDK-ARM\\Obj\\Project.AXF" 
_____^
*** error 56: cant open file
Build target 'ZFWL_V1.0'
compiling i2c_fram.c...
linking...
Program Size: Code=36048 RO-data=860 RW-data=308 ZI-data=64260  
FromELF: creating hex file...
".\Obj\Project.axf" - 0 Error(s), 0 Warning(s).
Load "E:\\tianmn\\devel\\t\\transducer\\TBC\\MDK-ARM\\Obj\\Project.AXF" 
Set JLink Project File to "E:\tianmn\devel\t\transducer\TBC\MDK-ARM\JLinkSettings.ini"
 
JLink info:
------------
DLL: V4.20p, compiled Nov 19 2010 15:55:07
Firmware: J-Link ARM V8 compiled Nov 19 2010 11:55:23
Hardware: V8.00
S/N : 270676280 
Feature(s) : RDI,FlashDL,FlashBP,JFlash,GDBFULL 
 
* JLink Info: TotalIRLen = 9, IRPrint = 0x0011
* JLink Info: Found Cortex-M3 r1p1, Little endian.
* JLink Info: TPIU fitted.
* JLink Info: ETM fitted.
* JLink Info:   FPUnit: 6 code (BP) slots and 2 literal slots
ROMTableAddr = 0xE00FF003
 
Target info:
------------
Device: STM32F107VC
VTarget = 3.261V
State of Pins: 
TCK: 1, TDI: 0, TDO: 1, TMS: 0, TRES: 1, TRST: 1
Hardware-Breakpoints: 6
Software-Breakpoints: 2048
Watchpoints:          0
JTAG speed: 2000 kHz
 
Erase Done.
Programming Done.
Verify OK.
Build target 'ZFWL_V1.0'
compiling ssnp_for_app.c...
..\USER\ucCos_App\upcomputer.h(38): warning:  #1-D: last line of file ends without a newline
..\USER\ssnp\ssnp_for_app.c(418): warning:  #177-D: variable "recv_type" was declared but never referenced
linking...
Program Size: Code=35872 RO-data=860 RW-data=308 ZI-data=64260  
FromELF: creating hex file...
".\Obj\Project.axf" - 0 Error(s), 2 Warning(s).
Load "E:\\tianmn\\devel\\t\\transducer\\TBC\\MDK-ARM\\Obj\\Project.AXF" 
Set JLink Project File to "E:\tianmn\devel\t\transducer\TBC\MDK-ARM\JLinkSettings.ini"
 
JLink info:
------------
DLL: V4.20p, compiled Nov 19 2010 15:55:07
Firmware: J-Link ARM V8 compiled Nov 19 2010 11:55:23
Hardware: V8.00
S/N : 270676280 
Feature(s) : RDI,FlashDL,FlashBP,JFlash,GDBFULL 
 
* JLink Info: TotalIRLen = 9, IRPrint = 0x0011
* JLink Info: Found Cortex-M3 r1p1, Little endian.
* JLink Info: TPIU fitted.
* JLink Info: ETM fitted.
* JLink Info:   FPUnit: 6 code (BP) slots and 2 literal slots
ROMTableAddr = 0xE00FF003
 
Target info:
------------
Device: STM32F107VC
VTarget = 3.261V
State of Pins: 
TCK: 1, TDI: 0, TDO: 1, TMS: 0, TRES: 1, TRST: 1
Hardware-Breakpoints: 6
Software-Breakpoints: 2048
Watchpoints:          0
JTAG speed: 2000 kHz
 
Erase Done.
Programming Done.
Verify OK.
Build target 'ZFWL_V1.0'
compiling ssnp_for_app.c...
..\USER\ucCos_App\upcomputer.h(38): warning:  #1-D: last line of file ends without a newline
..\USER\ssnp\ssnp_for_app.c(461): error:  #20: identifier "ret" is undefined
..\USER\ssnp\ssnp_for_app.c(468): error:  #7: unrecognized token
..\USER\ssnp\ssnp_for_app.c(468): error:  #29: expected an expression
..\USER\ssnp\ssnp_for_app.c(468): error:  #7: unrecognized token
..\USER\ssnp\ssnp_for_app.c(469): error:  #65: expected a ";"
..\USER\ssnp\ssnp_for_app.c(418): warning:  #177-D: variable "recv_type" was declared but never referenced
Target not created
Build target 'ZFWL_V1.0'
compiling ssnp_for_app.c...
..\USER\ucCos_App\upcomputer.h(38): warning:  #1-D: last line of file ends without a newline
..\USER\ssnp\ssnp_for_app.c(461): error:  #20: identifier "ret" is undefined
..\USER\ssnp\ssnp_for_app.c(418): warning:  #177-D: variable "recv_type" was declared but never referenced
Target not created
Build target 'ZFWL_V1.0'
compiling ssnp_for_app.c...
..\USER\ucCos_App\upcomputer.h(38): warning:  #1-D: last line of file ends without a newline
..\USER\ssnp\ssnp_for_app.c(461): error:  #268: declaration may not appear after executable statement in block
..\USER\ssnp\ssnp_for_app.c(418): warning:  #177-D: variable "recv_type" was declared but never referenced
Target not created
Build target 'ZFWL_V1.0'
compiling ssnp_for_app.c...
..\USER\ucCos_App\upcomputer.h(38): warning:  #1-D: last line of file ends without a newline
..\USER\ssnp\ssnp_for_app.c(418): warning:  #177-D: variable "recv_type" was declared but never referenced
linking...
Program Size: Code=35816 RO-data=860 RW-data=308 ZI-data=64260  
FromELF: creating hex file...
".\Obj\Project.axf" - 0 Error(s), 2 Warning(s).
Load "E:\\tianmn\\devel\\t\\transducer\\TBC\\MDK-ARM\\Obj\\Project.AXF" 
Set JLink Project File to "E:\tianmn\devel\t\transducer\TBC\MDK-ARM\JLinkSettings.ini"
 
JLink info:
------------
DLL: V4.20p, compiled Nov 19 2010 15:55:07
Firmware: J-Link ARM V8 compiled Nov 19 2010 11:55:23
Hardware: V8.00
S/N : 270676280 
Feature(s) : RDI,FlashDL,FlashBP,JFlash,GDBFULL 
 
* JLink Info: TotalIRLen = 9, IRPrint = 0x0011
* JLink Info: Found Cortex-M3 r1p1, Little endian.
* JLink Info: TPIU fitted.
* JLink Info: ETM fitted.
* JLink Info:   FPUnit: 6 code (BP) slots and 2 literal slots
ROMTableAddr = 0xE00FF003
 
Target info:
------------
Device: STM32F107VC
VTarget = 3.261V
State of Pins: 
TCK: 1, TDI: 0, TDO: 1, TMS: 0, TRES: 1, TRST: 1
Hardware-Breakpoints: 6
Software-Breakpoints: 2048
Watchpoints:          0
JTAG speed: 2000 kHz
 
Erase Done.
Programming Done.
Verify OK.
