<html>
<body>
<pre>
<h1>µVision Build Log</h1>
<h2>Project:</h2>
C:\Users\tianmn\Desktop\t\t\t\transducer_network\transducer_network\transducer_network\TBC\MDK-ARM\Project.uvproj
Project File Date:  03/15/2015

<h2>Output:</h2>
Build target 'ZFWL_V1.0'
compiling ssnp_for_app.c...
compiling teds_table.c...
..\USER\ssnp\teds_table.c(147): warning:  #177-D: variable "light" was declared but never referenced
                 u8 light = 1;
..\USER\ssnp\teds_table.c: 1 warning, 0 errors
linking...
Program Size: Code=22508 RO-data=744 RW-data=296 ZI-data=65080  
FromELF: creating hex file...
".\Obj\Project.axf" - 0 Error(s), 1 Warning(s).
</pre>
</body>
</html>
