<html>
<body>
<pre>
<h1>礦ision Build Log</h1>
<h2>Project:</h2>
E:\me\传感器网络实验\毕业论文试验\AAAA完整最终演示\TBIM\MDK-ARM\Project.uvproj
Project File Date:  06/20/2014

<h2>Output:</h2>
Build target 'ZFWL_V1.0'
compiling TBIM.c...
..\USER\ssnp\TBIM.h(47): warning:  #1295-D: Deprecated declaration test_schedul_table - give arg types
..\USER\ssnp\TBIM.c(532): warning:  #550-D: variable "err" was set but never used
..\USER\ssnp\TBIM.c(606): warning:  #550-D: variable "err" was set but never used
..\USER\ssnp\TBIM.c(710): warning:  #550-D: variable "err" was set but never used
..\USER\ssnp\TBIM.c(711): warning:  #550-D: variable "offset" was set but never used
..\USER\ssnp\TBIM.c(712): warning:  #550-D: variable "max_block_size" was set but never used
..\USER\ssnp\TBIM.c(713): warning:  #177-D: variable "tdcnTEDS" was declared but never referenced
..\USER\ssnp\TBIM.c(383): warning:  #177-D: function "send_cmd_reply" was declared but never referenced
..\USER\ssnp\TBIM.c(387): warning:  #177-D: function "sent_trigger_reply" was declared but never referenced
linking...
Program Size: Code=29684 RO-data=860 RW-data=500 ZI-data=54332  
FromELF: creating hex file...
".\Obj\Project.axf" - 0 Error(s), 9 Warning(s).
Build target 'ZFWL_V1.0'
linking...
Program Size: Code=29684 RO-data=860 RW-data=500 ZI-data=54332  
FromELF: creating hex file...
".\Obj\Project.axf" - 0 Error(s), 0 Warning(s).
Load "E:\\me\\传感器网络实验\\毕业论文试验\\AAAA完整最终演示\\TBIM\\MDK-ARM\\Obj\\Project.AXF" 
Set JLink Project File to "E:\me\传感器网络实验\毕业论文试验\AAAA完整最终演示\TBIM\MDK-ARM\JLinkSettings.ini"
 
JLink info:
------------
DLL: V4.20p, compiled Nov 19 2010 15:55:07
Firmware: J-Link ARM V8 compiled Nov 19 2010 11:55:23
Hardware: V8.00
S/N : 270676280 
Feature(s) : RDI,FlashDL,FlashBP,JFlash,GDBFULL 
 
* JLink Info: TotalIRLen = 9, IRPrint = 0x0011
* JLink Info: Found Cortex-M3 r1p1, Little endian.
* JLink Info: TPIU fitted.
* JLink Info: ETM fitted.
* JLink Info:   FPUnit: 6 code (BP) slots and 2 literal slots
ROMTableAddr = 0xE00FF003
 
Target info:
------------
Device: STM32F107VC
VTarget = 3.280V
State of Pins: 
TCK: 1, TDI: 0, TDO: 1, TMS: 0, TRES: 1, TRST: 1
Hardware-Breakpoints: 6
Software-Breakpoints: 2048
Watchpoints:          4
JTAG speed: 2000 kHz
 
Erase Done.
Programming Done.
Verify OK.
Build target 'ZFWL_V1.0'
compiling TBIM.c...
..\USER\ssnp\TBIM.h(47): warning:  #1295-D: Deprecated declaration test_schedul_table - give arg types
..\USER\ssnp\TBIM.c(532): warning:  #550-D: variable "err" was set but never used
..\USER\ssnp\TBIM.c(606): warning:  #550-D: variable "err" was set but never used
..\USER\ssnp\TBIM.c(710): warning:  #550-D: variable "err" was set but never used
..\USER\ssnp\TBIM.c(711): warning:  #550-D: variable "offset" was set but never used
..\USER\ssnp\TBIM.c(712): warning:  #550-D: variable "max_block_size" was set but never used
..\USER\ssnp\TBIM.c(713): warning:  #177-D: variable "tdcnTEDS" was declared but never referenced
..\USER\ssnp\TBIM.c(383): warning:  #177-D: function "send_cmd_reply" was declared but never referenced
..\USER\ssnp\TBIM.c(387): warning:  #177-D: function "sent_trigger_reply" was declared but never referenced
linking...
Program Size: Code=29684 RO-data=860 RW-data=500 ZI-data=54332  
FromELF: creating hex file...
".\Obj\Project.axf" - 0 Error(s), 9 Warning(s).
Load "E:\\me\\传感器网络实验\\毕业论文试验\\AAAA完整最终演示\\TBIM\\MDK-ARM\\Obj\\Project.AXF" 
Set JLink Project File to "E:\me\传感器网络实验\毕业论文试验\AAAA完整最终演示\TBIM\MDK-ARM\JLinkSettings.ini"
 
JLink info:
------------
DLL: V4.20p, compiled Nov 19 2010 15:55:07
Firmware: J-Link ARM V8 compiled Nov 19 2010 11:55:23
Hardware: V8.00
S/N : 270676280 
Feature(s) : RDI,FlashDL,FlashBP,JFlash,GDBFULL 
 
* JLink Info: TotalIRLen = 9, IRPrint = 0x0011
* JLink Info: Found Cortex-M3 r1p1, Little endian.
* JLink Info: TPIU fitted.
* JLink Info: ETM fitted.
* JLink Info:   FPUnit: 6 code (BP) slots and 2 literal slots
ROMTableAddr = 0xE00FF003
 
Target info:
------------
Device: STM32F107VC
VTarget = 3.274V
State of Pins: 
TCK: 1, TDI: 0, TDO: 1, TMS: 0, TRES: 1, TRST: 1
Hardware-Breakpoints: 6
Software-Breakpoints: 2048
Watchpoints:          0
JTAG speed: 2000 kHz
 
Erase Done.
Programming Done.
Verify OK.
Build target 'ZFWL_V1.0'
compiling TBIM.c...
..\USER\ssnp\TBIM.h(47): warning:  #1295-D: Deprecated declaration test_schedul_table - give arg types
..\USER\ssnp\TBIM.c(532): warning:  #550-D: variable "err" was set but never used
..\USER\ssnp\TBIM.c(606): warning:  #550-D: variable "err" was set but never used
..\USER\ssnp\TBIM.c(710): warning:  #550-D: variable "err" was set but never used
..\USER\ssnp\TBIM.c(711): warning:  #550-D: variable "offset" was set but never used
..\USER\ssnp\TBIM.c(712): warning:  #550-D: variable "max_block_size" was set but never used
..\USER\ssnp\TBIM.c(713): warning:  #177-D: variable "tdcnTEDS" was declared but never referenced
..\USER\ssnp\TBIM.c(383): warning:  #177-D: function "send_cmd_reply" was declared but never referenced
..\USER\ssnp\TBIM.c(387): warning:  #177-D: function "sent_trigger_reply" was declared but never referenced
linking...
Program Size: Code=29684 RO-data=860 RW-data=500 ZI-data=54332  
FromELF: creating hex file...
".\Obj\Project.axf" - 0 Error(s), 9 Warning(s).
Build target 'ZFWL_V1.0'
linking...
Program Size: Code=29684 RO-data=860 RW-data=500 ZI-data=54332  
FromELF: creating hex file...
".\Obj\Project.axf" - 0 Error(s), 0 Warning(s).
Load "E:\\me\\传感器网络实验\\毕业论文试验\\AAAA完整最终演示\\TBIM\\MDK-ARM\\Obj\\Project.AXF" 
Set JLink Project File to "E:\me\传感器网络实验\毕业论文试验\AAAA完整最终演示\TBIM\MDK-ARM\JLinkSettings.ini"
 
JLink info:
------------
DLL: V4.20p, compiled Nov 19 2010 15:55:07
Firmware: J-Link ARM V8 compiled Nov 19 2010 11:55:23
Hardware: V8.00
S/N : 270676280 
Feature(s) : RDI,FlashDL,FlashBP,JFlash,GDBFULL 
 
* JLink Info: TotalIRLen = 9, IRPrint = 0x0011
* JLink Info: Found Cortex-M3 r1p1, Little endian.
* JLink Info: TPIU fitted.
* JLink Info: ETM fitted.
* JLink Info:   FPUnit: 6 code (BP) slots and 2 literal slots
ROMTableAddr = 0xE00FF003
 
Target info:
------------
Device: STM32F107VC
VTarget = 3.274V
State of Pins: 
TCK: 1, TDI: 0, TDO: 1, TMS: 0, TRES: 1, TRST: 1
Hardware-Breakpoints: 6
Software-Breakpoints: 2048
Watchpoints:          4
JTAG speed: 2000 kHz
 
Erase Done.
Programming Done.
Verify OK.
Build target 'ZFWL_V1.0'
compiling TBIM.c...
..\USER\ssnp\TBIM.h(47): warning:  #1295-D: Deprecated declaration test_schedul_table - give arg types
..\USER\ssnp\TBIM.c(532): warning:  #550-D: variable "err" was set but never used
..\USER\ssnp\TBIM.c(606): warning:  #550-D: variable "err" was set but never used
..\USER\ssnp\TBIM.c(710): warning:  #550-D: variable "err" was set but never used
..\USER\ssnp\TBIM.c(711): warning:  #550-D: variable "offset" was set but never used
..\USER\ssnp\TBIM.c(712): warning:  #550-D: variable "max_block_size" was set but never used
..\USER\ssnp\TBIM.c(713): warning:  #177-D: variable "tdcnTEDS" was declared but never referenced
..\USER\ssnp\TBIM.c(383): warning:  #177-D: function "send_cmd_reply" was declared but never referenced
..\USER\ssnp\TBIM.c(387): warning:  #177-D: function "sent_trigger_reply" was declared but never referenced
compiling TBIMDriver.c...
..\USER\ssnp\TBIMDriver.c(59): warning:  #223-D: function "rand" declared implicitly
..\USER\ssnp\TBIMDriver.c(63): warning:  #1-D: last line of file ends without a newline
linking...
Program Size: Code=29684 RO-data=860 RW-data=500 ZI-data=54332  
FromELF: creating hex file...
".\Obj\Project.axf" - 0 Error(s), 11 Warning(s).
Build target 'ZFWL_V1.0'
linking...
Program Size: Code=29684 RO-data=860 RW-data=500 ZI-data=54332  
FromELF: creating hex file...
".\Obj\Project.axf" - 0 Error(s), 0 Warning(s).
Load "E:\\me\\传感器网络实验\\毕业论文试验\\AAAA完整最终演示\\TBIM\\MDK-ARM\\Obj\\Project.AXF" 
Set JLink Project File to "E:\me\传感器网络实验\毕业论文试验\AAAA完整最终演示\TBIM\MDK-ARM\JLinkSettings.ini"
 
JLink info:
------------
DLL: V4.20p, compiled Nov 19 2010 15:55:07
Firmware: J-Link ARM V8 compiled Nov 19 2010 11:55:23
Hardware: V8.00
S/N : 270676280 
Feature(s) : RDI,FlashDL,FlashBP,JFlash,GDBFULL 
 
* JLink Info: TotalIRLen = 9, IRPrint = 0x0011
* JLink Info: Found Cortex-M3 r1p1, Little endian.
* JLink Info: TPIU fitted.
* JLink Info: ETM fitted.
* JLink Info:   FPUnit: 6 code (BP) slots and 2 literal slots
ROMTableAddr = 0xE00FF003
 
Target info:
------------
Device: STM32F107VC
VTarget = 3.274V
State of Pins: 
TCK: 1, TDI: 0, TDO: 1, TMS: 0, TRES: 1, TRST: 1
Hardware-Breakpoints: 6
Software-Breakpoints: 2048
Watchpoints:          4
JTAG speed: 2000 kHz
 
Erase Done.
Programming Done.
Verify OK.
