ARM Linker, 4.1 [Build 567] [Standard]

==============================================================================

Section Cross References

    main.o(i.App_TaskStart) refers to os_cpu_c.o(i.OS_CPU_SysTickInit) for OS_CPU_SysTickInit
    main.o(i.App_TaskStart) refers to os_core.o(i.OSStatInit) for OSStatInit
    main.o(i.App_TaskStart) refers to uctsk_ssnp_tbc.o(i.App_SSNPTaskCreate) for App_SSNPTaskCreate
    main.o(i.App_TaskStart) refers to os_time.o(i.OSTimeDlyHMSM) for OSTimeDlyHMSM
    main.o(i.main) refers to cpu_a.o(.text) for CPU_IntDis
    main.o(i.main) refers to os_core.o(i.OSInit) for OSInit
    main.o(i.main) refers to os_task.o(i.OSTaskCreateExt) for OSTaskCreateExt
    main.o(i.main) refers to os_task.o(i.OSTaskNameSet) for OSTaskNameSet
    main.o(i.main) refers to os_core.o(i.OSStart) for OSStart
    main.o(i.main) refers to main.o(.bss) for .bss
    main.o(i.main) refers to main.o(i.App_TaskStart) for App_TaskStart
    stm32f10x_it.o(i.SysTick_Handler) refers to os_cpu_a.o(.text) for OS_CPU_SR_Save
    stm32f10x_it.o(i.SysTick_Handler) refers to os_core.o(i.OSTimeTick) for OSTimeTick
    stm32f10x_it.o(i.SysTick_Handler) refers to os_core.o(i.OSIntExit) for OSIntExit
    stm32f10x_it.o(i.SysTick_Handler) refers to os_core.o(.data) for OSIntNesting
    uctsk_ssnp_tbc.o(i.App_SSNPTaskCreate) refers to os_task.o(i.OSTaskCreate) for OSTaskCreate
    uctsk_ssnp_tbc.o(i.App_SSNPTaskCreate) refers to uctsk_ssnp_tbc.o(.bss) for .bss
    uctsk_ssnp_tbc.o(i.App_SSNPTaskCreate) refers to uctsk_ssnp_tbc.o(i.uctsk_SSNP_TBC_new) for uctsk_SSNP_TBC_new
    uctsk_ssnp_tbc.o(i.TIM5_IRQHandler) refers to stm32f10x_tim.o(i.TIM_GetITStatus) for TIM_GetITStatus
    uctsk_ssnp_tbc.o(i.TIM5_IRQHandler) refers to stm32f10x_tim.o(i.TIM_ClearITPendingBit) for TIM_ClearITPendingBit
    uctsk_ssnp_tbc.o(i.TIM5_IRQHandler) refers to tbc.o(.bss) for tbc
    uctsk_ssnp_tbc.o(i.app_init) refers to sys_arch.o(i.sys_mbox_new) for sys_mbox_new
    uctsk_ssnp_tbc.o(i.app_init) refers to printfa.o(i.__0printf) for __2printf
    uctsk_ssnp_tbc.o(i.app_init) refers to stm32f10x_rcc.o(i.RCC_APB1PeriphClockCmd) for RCC_APB1PeriphClockCmd
    uctsk_ssnp_tbc.o(i.app_init) refers to stm32f10x_tim.o(i.TIM_TimeBaseInit) for TIM_TimeBaseInit
    uctsk_ssnp_tbc.o(i.app_init) refers to stm32f10x_tim.o(i.TIM_ITConfig) for TIM_ITConfig
    uctsk_ssnp_tbc.o(i.app_init) refers to stm32f10x_tim.o(i.TIM_Cmd) for TIM_Cmd
    uctsk_ssnp_tbc.o(i.app_init) refers to tbc.o(i.TBC_init) for TBC_init
    uctsk_ssnp_tbc.o(i.app_init) refers to upcomputer.o(i.init_queue) for init_queue
    uctsk_ssnp_tbc.o(i.app_init) refers to uctsk_ssnp_tbc.o(.data) for .data
    uctsk_ssnp_tbc.o(i.fputc) refers to stm32f10x_usart.o(i.USART_SendData) for USART_SendData
    uctsk_ssnp_tbc.o(i.fputc) refers to stm32f10x_usart.o(i.USART_GetFlagStatus) for USART_GetFlagStatus
    uctsk_ssnp_tbc.o(i.send_cmd) refers to tbc.o(i.TBC_send_noArgucmd) for TBC_send_noArgucmd
    uctsk_ssnp_tbc.o(i.send_cmd) refers to printfa.o(i.__0printf) for __2printf
    uctsk_ssnp_tbc.o(i.uctsk_SSNP_TBC_new) refers to ssnp_for_app.o(i.hardware_init) for hardware_init
    uctsk_ssnp_tbc.o(i.uctsk_SSNP_TBC_new) refers to ssnp_for_app.o(i.protocol_init) for protocol_init
    uctsk_ssnp_tbc.o(i.uctsk_SSNP_TBC_new) refers to printfa.o(i.__0printf) for __2printf
    uctsk_ssnp_tbc.o(i.uctsk_SSNP_TBC_new) refers to uctsk_ssnp_tbc.o(i.app_init) for app_init
    uctsk_ssnp_tbc.o(i.uctsk_SSNP_TBC_new) refers to teds_table.o(i.startWork) for startWork
    uctsk_ssnp_tbc.o(i.uctsk_SSNP_TBC_new) refers to ssnp_for_app.o(i.send_discovery_msg) for send_discovery_msg
    uctsk_ssnp_tbc.o(i.uctsk_SSNP_TBC_new) refers to os_time.o(i.OSTimeDly) for OSTimeDly
    uctsk_ssnp_tbc.o(i.uctsk_SSNP_TBC_new) refers to api_lib.o(i.get_tbim) for get_tbim
    uctsk_ssnp_tbc.o(i.uctsk_SSNP_TBC_new) refers to tbc.o(i.TBIM_recongnition) for TBIM_recongnition
    uctsk_ssnp_tbc.o(i.uctsk_SSNP_TBC_new) refers to stm32f10x_tim.o(i.TIM_GetCounter) for TIM_GetCounter
    uctsk_ssnp_tbc.o(i.uctsk_SSNP_TBC_new) refers to ssnp_for_app.o(i.tbc_send_reflect_msg) for tbc_send_reflect_msg
    uctsk_ssnp_tbc.o(i.uctsk_SSNP_TBC_new) refers to ethbcp.o(i.is_reflect_reply_ok) for is_reflect_reply_ok
    uctsk_ssnp_tbc.o(i.uctsk_SSNP_TBC_new) refers to ethbcp.o(i.set_reflect_reply_unfinished) for set_reflect_reply_unfinished
    uctsk_ssnp_tbc.o(i.uctsk_SSNP_TBC_new) refers to tbc.o(i.set_syn_asyn_num) for set_syn_asyn_num
    uctsk_ssnp_tbc.o(i.uctsk_SSNP_TBC_new) refers to tbc.o(i.get_epoch) for get_epoch
    uctsk_ssnp_tbc.o(i.uctsk_SSNP_TBC_new) refers to ssnp_for_app.o(i.tbc_send_define_epoch_msg) for tbc_send_define_epoch_msg
    uctsk_ssnp_tbc.o(i.uctsk_SSNP_TBC_new) refers to tbc.o(i.timeslot_alloc) for timeslot_alloc
    uctsk_ssnp_tbc.o(i.uctsk_SSNP_TBC_new) refers to misc.o(i.NVIC_PriorityGroupConfig) for NVIC_PriorityGroupConfig
    uctsk_ssnp_tbc.o(i.uctsk_SSNP_TBC_new) refers to misc.o(i.NVIC_Init) for NVIC_Init
[...]
    _printf_lld                              0x00000000   Number         0  stubs.o ABSOLUTE
    _printf_lli                              0x00000000   Number         0  stubs.o ABSOLUTE
    _printf_llo                              0x00000000   Number         0  stubs.o ABSOLUTE
    _printf_llu                              0x00000000   Number         0  stubs.o ABSOLUTE
    _printf_llx                              0x00000000   Number         0  stubs.o ABSOLUTE
    _printf_longlong_dec                     0x00000000   Number         0  stubs.o ABSOLUTE
    _printf_longlong_hex                     0x00000000   Number         0  stubs.o ABSOLUTE
    _printf_longlong_oct                     0x00000000   Number         0  stubs.o ABSOLUTE
    _printf_ls                               0x00000000   Number         0  stubs.o ABSOLUTE
    _printf_mbtowc                           0x00000000   Number         0  stubs.o ABSOLUTE
    _printf_n                                0x00000000   Number         0  stubs.o ABSOLUTE
    _printf_o                                0x00000000   Number         0  stubs.o ABSOLUTE
    _printf_p                                0x00000000   Number         0  stubs.o ABSOLUTE
    _printf_percent                          0x00000000   Number         0  stubs.o ABSOLUTE
    _printf_pre_padding                      0x00000000   Number         0  stubs.o ABSOLUTE
    _printf_return_value                     0x00000000   Number         0  stubs.o ABSOLUTE
    _printf_s                                0x00000000   Number         0  stubs.o ABSOLUTE
    _printf_sizespec                         0x00000000   Number         0  stubs.o ABSOLUTE
    _printf_str                              0x00000000   Number         0  stubs.o ABSOLUTE
    _printf_truncate_signed                  0x00000000   Number         0  stubs.o ABSOLUTE
    _printf_truncate_unsigned                0x00000000   Number         0  stubs.o ABSOLUTE
    _printf_u                                0x00000000   Number         0  stubs.o ABSOLUTE
    _printf_wc                               0x00000000   Number         0  stubs.o ABSOLUTE
    _printf_wctomb                           0x00000000   Number         0  stubs.o ABSOLUTE
    _printf_widthprec                        0x00000000   Number         0  stubs.o ABSOLUTE
    _printf_x                                0x00000000   Number         0  stubs.o ABSOLUTE
    __decompress                              - Undefined Weak Reference
    __Vectors_Size                           0x00000150   Number         0  startup_stm32f10x_cl.o ABSOLUTE
    __Vectors                                0x08000000   Data           4  startup_stm32f10x_cl.o(RESET)
    __Vectors_End                            0x08000150   Data           0  startup_stm32f10x_cl.o(RESET)
    __main                                   0x08000151   Thumb Code     0  entry.o(.ARM.Collect$$$$00000000)
    _main_stk                                0x08000151   Thumb Code     0  entry2.o(.ARM.Collect$$$$00000001)
    _main_scatterload                        0x08000155   Thumb Code     0  entry5.o(.ARM.Collect$$$$00000004)
    __main_after_scatterload                 0x08000159   Thumb Code     0  entry5.o(.ARM.Collect$$$$00000004)
    _main_init                               0x08000159   Thumb Code     0  entry7.o(.ARM.Collect$$$$00000007)
    Reset_Handler                            0x08000165   Thumb Code     8  startup_stm32f10x_cl.o(.text)
    ADC1_2_IRQHandler                        0x0800017f   Thumb Code     0  startup_stm32f10x_cl.o(.text)
    CAN1_RX0_IRQHandler                      0x0800017f   Thumb Code     0  startup_stm32f10x_cl.o(.text)
    CAN1_RX1_IRQHandler                      0x0800017f   Thumb Code     0  startup_stm32f10x_cl.o(.text)
    CAN1_SCE_IRQHandler                      0x0800017f   Thumb Code     0  startup_stm32f10x_cl.o(.text)
    CAN1_TX_IRQHandler                       0x0800017f   Thumb Code     0  startup_stm32f10x_cl.o(.text)
    CAN2_RX0_IRQHandler                      0x0800017f   Thumb Code     0  startup_stm32f10x_cl.o(.text)
    CAN2_RX1_IRQHandler                      0x0800017f   Thumb Code     0  startup_stm32f10x_cl.o(.text)
    CAN2_SCE_IRQHandler                      0x0800017f   Thumb Code     0  startup_stm32f10x_cl.o(.text)
    CAN2_TX_IRQHandler                       0x0800017f   Thumb Code     0  startup_stm32f10x_cl.o(.text)
    DMA1_Channel1_IRQHandler                 0x0800017f   Thumb Code     0  startup_stm32f10x_cl.o(.text)
    DMA1_Channel2_IRQHandler                 0x0800017f   Thumb Code     0  startup_stm32f10x_cl.o(.text)
    DMA1_Channel3_IRQHandler                 0x0800017f   Thumb Code     0  startup_stm32f10x_cl.o(.text)
    DMA1_Channel4_IRQHandler                 0x0800017f   Thumb Code     0  startup_stm32f10x_cl.o(.text)
    DMA1_Channel5_IRQHandler                 0x0800017f   Thumb Code     0  startup_stm32f10x_cl.o(.text)
    DMA1_Channel6_IRQHandler                 0x0800017f   Thumb Code     0  startup_stm32f10x_cl.o(.text)
    DMA1_Channel7_IRQHandler                 0x0800017f   Thumb Code     0  startup_stm32f10x_cl.o(.text)
    DMA2_Channel1_IRQHandler                 0x0800017f   Thumb Code     0  startup_stm32f10x_cl.o(.text)
    DMA2_Channel2_IRQHandler                 0x0800017f   Thumb Code     0  startup_stm32f10x_cl.o(.text)
    DMA2_Channel3_IRQHandler                 0x0800017f   Thumb Code     0  startup_stm32f10x_cl.o(.text)
    DMA2_Channel4_IRQHandler                 0x0800017f   Thumb Code     0  startup_stm32f10x_cl.o(.text)
    DMA2_Channel5_IRQHandler                 0x0800017f   Thumb Code     0  startup_stm32f10x_cl.o(.text)
    ETH_WKUP_IRQHandler                      0x0800017f   Thumb Code     0  startup_stm32f10x_cl.o(.text)
    EXTI0_IRQHandler                         0x0800017f   Thumb Code     0  startup_stm32f10x_cl.o(.text)
    EXTI15_10_IRQHandler                     0x0800017f   Thumb Code     0  startup_stm32f10x_cl.o(.text)
    EXTI1_IRQHandler                         0x0800017f   Thumb Code     0  startup_stm32f10x_cl.o(.text)
    EXTI2_IRQHandler                         0x0800017f   Thumb Code     0  startup_stm32f10x_cl.o(.text)
    EXTI3_IRQHandler                         0x0800017f   Thumb Code     0  startup_stm32f10x_cl.o(.text)
    EXTI4_IRQHandler                         0x0800017f   Thumb Code     0  startup_stm32f10x_cl.o(.text)
    EXTI9_5_IRQHandler                       0x0800017f   Thumb Code     0  startup_stm32f10x_cl.o(.text)
    FLASH_IRQHandler                         0x0800017f   Thumb Code     0  startup_stm32f10x_cl.o(.text)
    I2C1_ER_IRQHandler                       0x0800017f   Thumb Code     0  startup_stm32f10x_cl.o(.text)
    I2C1_EV_IRQHandler                       0x0800017f   Thumb Code     0  startup_stm32f10x_cl.o(.text)
    I2C2_ER_IRQHandler                       0x0800017f   Thumb Code     0  startup_stm32f10x_cl.o(.text)
    I2C2_EV_IRQHandler                       0x0800017f   Thumb Code     0  startup_stm32f10x_cl.o(.text)
    OTG_FS_IRQHandler                        0x0800017f   Thumb Code     0  startup_stm32f10x_cl.o(.text)
    OTG_FS_WKUP_IRQHandler                   0x0800017f   Thumb Code     0  startup_stm32f10x_cl.o(.text)
    PVD_IRQHandler                           0x0800017f   Thumb Code     0  startup_stm32f10x_cl.o(.text)
    RCC_IRQHandler                           0x0800017f   Thumb Code     0  startup_stm32f10x_cl.o(.text)
    RTCAlarm_IRQHandler                      0x0800017f   Thumb Code     0  startup_stm32f10x_cl.o(.text)
    RTC_IRQHandler                           0x0800017f   Thumb Code     0  startup_stm32f10x_cl.o(.text)
    SPI1_IRQHandler                          0x0800017f   Thumb Code     0  startup_stm32f10x_cl.o(.text)
    SPI2_IRQHandler                          0x0800017f   Thumb Code     0  startup_stm32f10x_cl.o(.text)
    SPI3_IRQHandler                          0x0800017f   Thumb Code     0  startup_stm32f10x_cl.o(.text)
    TAMPER_IRQHandler                        0x0800017f   Thumb Code     0  startup_stm32f10x_cl.o(.text)
    TIM1_BRK_IRQHandler                      0x0800017f   Thumb Code     0  startup_stm32f10x_cl.o(.text)
    TIM1_CC_IRQHandler                       0x0800017f   Thumb Code     0  startup_stm32f10x_cl.o(.text)
    TIM1_TRG_COM_IRQHandler                  0x0800017f   Thumb Code     0  startup_stm32f10x_cl.o(.text)
    TIM1_UP_IRQHandler                       0x0800017f   Thumb Code     0  startup_stm32f10x_cl.o(.text)
    TIM2_IRQHandler                          0x0800017f   Thumb Code     0  startup_stm32f10x_cl.o(.text)
    TIM3_IRQHandler                          0x0800017f   Thumb Code     0  startup_stm32f10x_cl.o(.text)
    TIM4_IRQHandler                          0x0800017f   Thumb Code     0  startup_stm32f10x_cl.o(.text)
    TIM6_IRQHandler                          0x0800017f   Thumb Code     0  startup_stm32f10x_cl.o(.text)
    TIM7_IRQHandler                          0x0800017f   Thumb Code     0  startup_stm32f10x_cl.o(.text)
    UART4_IRQHandler                         0x0800017f   Thumb Code     0  startup_stm32f10x_cl.o(.text)
    UART5_IRQHandler                         0x0800017f   Thumb Code     0  startup_stm32f10x_cl.o(.text)
    USART3_IRQHandler                        0x0800017f   Thumb Code     0  startup_stm32f10x_cl.o(.text)
    WWDG_IRQHandler                          0x0800017f   Thumb Code     0  startup_stm32f10x_cl.o(.text)
    OS_CPU_SR_Save                           0x08000189   Thumb Code     0  os_cpu_a.o(.text)
    OS_CPU_SR_Restore                        0x08000191   Thumb Code     0  os_cpu_a.o(.text)
    OSStartHighRdy                           0x08000197   Thumb Code     0  os_cpu_a.o(.text)
    OSCtxSw                                  0x080001b7   Thumb Code     0  os_cpu_a.o(.text)
    OSIntCtxSw                               0x080001c1   Thumb Code     0  os_cpu_a.o(.text)
    PendSV_Handler                           0x080001cb   Thumb Code     0  os_cpu_a.o(.text)
    CPU_IntDis                               0x0800022d   Thumb Code     0  cpu_a.o(.text)
    CPU_IntEn                                0x08000231   Thumb Code     0  cpu_a.o(.text)
    CPU_SR_Save                              0x08000235   Thumb Code     0  cpu_a.o(.text)
    CPU_SR_Restore                           0x0800023d   Thumb Code     0  cpu_a.o(.text)
    CPU_CntLeadZeros                         0x08000243   Thumb Code     0  cpu_a.o(.text)
    CPU_RevBits                              0x08000249   Thumb Code     0  cpu_a.o(.text)
    CPU_WaitForInt                           0x0800024f   Thumb Code     0  cpu_a.o(.text)
    CPU_WaitForExcept                        0x08000253   Thumb Code     0  cpu_a.o(.text)
    __aeabi_memcpy                           0x08000257   Thumb Code    36  memcpya.o(.text)
    __aeabi_memcpy4                          0x08000257   Thumb Code     0  memcpya.o(.text)
    __aeabi_memcpy8                          0x08000257   Thumb Code     0  memcpya.o(.text)
    __aeabi_memset                           0x0800027b   Thumb Code    14  memseta.o(.text)
    __aeabi_memset4                          0x0800027b   Thumb Code     0  memseta.o(.text)
    __aeabi_memset8                          0x0800027b   Thumb Code     0  memseta.o(.text)
    __aeabi_memclr                           0x08000289   Thumb Code     4  memseta.o(.text)
    __aeabi_memclr4                          0x08000289   Thumb Code     0  memseta.o(.text)
    __aeabi_memclr8                          0x08000289   Thumb Code     0  memseta.o(.text)
    _memset$wrapper                          0x0800028d   Thumb Code    20  memseta.o(.text)
    __aeabi_f2uiz                            0x080002a1   Thumb Code    40  ffixui.o(.text)
    __aeabi_f2d                              0x080002c9   Thumb Code    44  f2d.o(.text)
    __aeabi_uidiv                            0x080002f5   Thumb Code     0  uidiv.o(.text)
    __aeabi_uidivmod                         0x080002f5   Thumb Code    44  uidiv.o(.text)
    __aeabi_uldivmod                         0x08000321   Thumb Code   102  uldiv.o(.text)
    __I$use$fp                               0x08000387   Thumb Code     0  iusefp.o(.text)
    __aeabi_dadd                             0x08000387   Thumb Code   318  dadd.o(.text)
    __aeabi_dsub                             0x080004c5   Thumb Code     6  dadd.o(.text)
    __aeabi_drsub                            0x080004cb   Thumb Code     6  dadd.o(.text)
    __aeabi_dmul                             0x080004d1   Thumb Code   226  dmul.o(.text)
    __aeabi_ddiv                             0x080005b3   Thumb Code   222  ddiv.o(.text)
    __aeabi_d2ulz                            0x08000691   Thumb Code    48  dfixul.o(.text)
    __aeabi_cdrcmple                         0x080006c1   Thumb Code    38  cdrcmple.o(.text)
    __scatterload                            0x080006e9   Thumb Code    28  init.o(.text)
    __scatterload_rt2                        0x080006e9   Thumb Code     0  init.o(.text)
    __aeabi_llsl                             0x0800070d   Thumb Code    30  llshl.o(.text)
    _ll_shift_l                              0x0800070d   Thumb Code     0  llshl.o(.text)
    __aeabi_llsr                             0x0800072b   Thumb Code    32  llushr.o(.text)
    _ll_ushift_r                             0x0800072b   Thumb Code     0  llushr.o(.text)
    __aeabi_lasr                             0x0800074b   Thumb Code    36  llsshr.o(.text)
    _ll_sshift_r                             0x0800074b   Thumb Code     0  llsshr.o(.text)
    _double_round                            0x0800076f   Thumb Code    26  depilogue.o(.text)
    _double_epilogue                         0x08000789   Thumb Code   168  depilogue.o(.text)
    App_SSNPTaskCreate                       0x08000831   Thumb Code    12  uctsk_ssnp_tbc.o(i.App_SSNPTaskCreate)
    App_TCBInitHook                          0x08000845   Thumb Code     2  os_apphooks.o(i.App_TCBInitHook)
    App_TaskCreateHook                       0x08000847   Thumb Code     2  os_apphooks.o(i.App_TaskCreateHook)
    App_TaskIdleHook                         0x08000849   Thumb Code     2  os_apphooks.o(i.App_TaskIdleHook)
    App_TaskStatHook                         0x08000865   Thumb Code     2  os_apphooks.o(i.App_TaskStatHook)
    App_TaskSwHook                           0x08000867   Thumb Code     2  os_apphooks.o(i.App_TaskSwHook)
    App_TimeTickHook                         0x08000869   Thumb Code     2  os_apphooks.o(i.App_TimeTickHook)
    BusFault_Handler                         0x0800086b   Thumb Code     2  stm32f10x_it.o(i.BusFault_Handler)
    DebugMon_Handler                         0x0800086d   Thumb Code     2  stm32f10x_it.o(i.DebugMon_Handler)
    ETH_DMAClearITPendingBit                 0x08000879   Thumb Code     6  stm32_eth.o(i.ETH_DMAClearITPendingBit)
    ETH_DMAITConfig                          0x08000885   Thumb Code    18  stm32_eth.o(i.ETH_DMAITConfig)
    ETH_DMAReceptionCmd                      0x0800089d   Thumb Code    22  stm32_eth.o(i.ETH_DMAReceptionCmd)
    ETH_DMARxDescChainInit                   0x080008b9   Thumb Code    68  stm32_eth.o(i.ETH_DMARxDescChainInit)
    ETH_DMARxDescReceiveITConfig             0x08000905   Thumb Code    18  stm32_eth.o(i.ETH_DMARxDescReceiveITConfig)
    ETH_DMATransmissionCmd                   0x08000919   Thumb Code    22  stm32_eth.o(i.ETH_DMATransmissionCmd)
    ETH_DMATxDescChainInit                   0x08000935   Thumb Code    62  stm32_eth.o(i.ETH_DMATxDescChainInit)
    ETH_DeInit                               0x0800097d   Thumb Code    24  stm32_eth.o(i.ETH_DeInit)
    ETH_FlushTransmitFIFO                    0x080009a1   Thumb Code    12  stm32_eth.o(i.ETH_FlushTransmitFIFO)
    ETH_GetRxPktSize                         0x080009b1   Thumb Code    28  stm32_eth.o(i.ETH_GetRxPktSize)
    ETH_GetSoftwareResetStatus               0x080009d1   Thumb Code    14  stm32_eth.o(i.ETH_GetSoftwareResetStatus)
    ETH_IRQHandler                           0x080009e5   Thumb Code    56  ssnp_for_app.o(i.ETH_IRQHandler)
    ETH_Init                                 0x08000a25   Thumb Code   474  stm32_eth.o(i.ETH_Init)
    ETH_MACAddressConfig                     0x08000c29   Thumb Code    22  stm32_eth.o(i.ETH_MACAddressConfig)
    ETH_MACReceptionCmd                      0x08000c45   Thumb Code    22  stm32_eth.o(i.ETH_MACReceptionCmd)
    ETH_MACTransmissionCmd                   0x08000c61   Thumb Code    22  stm32_eth.o(i.ETH_MACTransmissionCmd)
    ETH_ReadPHYRegister                      0x08000c7d   Thumb Code    70  stm32_eth.o(i.ETH_ReadPHYRegister)
    ETH_RxPkt_ChainMode                      0x08000ccd   Thumb Code    72  ethernetif.o(i.ETH_RxPkt_ChainMode)
    ETH_SoftwareReset                        0x08000d1d   Thumb Code    12  stm32_eth.o(i.ETH_SoftwareReset)
    ETH_Start                                0x08000d2d   Thumb Code    34  stm32_eth.o(i.ETH_Start)
    ETH_StructInit                           0x08000d4f   Thumb Code   124  stm32_eth.o(i.ETH_StructInit)
    ETH_TxPkt_ChainMode                      0x08000dcd   Thumb Code    50  ethernetif.o(i.ETH_TxPkt_ChainMode)
    ETH_WritePHYRegister                     0x08000e09   Thumb Code    66  stm32_eth.o(i.ETH_WritePHYRegister)
    GPIO_ETH_MediaInterfaceConfig            0x08000ee9   Thumb Code     6  stm32f10x_gpio.o(i.GPIO_ETH_MediaInterfaceConfig)
    GPIO_Init                                0x08000ef5   Thumb Code   164  stm32f10x_gpio.o(i.GPIO_Init)
    GPIO_PinRemapConfig                      0x08000f99   Thumb Code    82  stm32f10x_gpio.o(i.GPIO_PinRemapConfig)
    GPIO_ResetBits                           0x08000ff1   Thumb Code     4  stm32f10x_gpio.o(i.GPIO_ResetBits)
    GPIO_SetBits                             0x08000ff5   Thumb Code     4  stm32f10x_gpio.o(i.GPIO_SetBits)
    HardFault_Handler                        0x08000ff9   Thumb Code     2  stm32f10x_it.o(i.HardFault_Handler)
    I2C_Ack                                  0x08000ffd   Thumb Code    36  i2c_fram.o(i.I2C_Ack)
    I2C_BufferWrite                          0x08001025   Thumb Code   160  i2c_fram.o(i.I2C_BufferWrite)
    I2C_FRAM_BufferRead                      0x080010c5   Thumb Code   110  i2c_fram.o(i.I2C_FRAM_BufferRead)
    I2C_Fram_PageWrite                       0x08001139   Thumb Code    82  i2c_fram.o(i.I2C_Fram_PageWrite)
    I2C_NoAck                                0x0800118d   Thumb Code    36  i2c_fram.o(i.I2C_NoAck)
    I2C_ReceiveByte                          0x080011b5   Thumb Code    68  i2c_fram.o(i.I2C_ReceiveByte)
    I2C_SendByte                             0x080011fd   Thumb Code    66  i2c_fram.o(i.I2C_SendByte)
    I2C_Start                                0x08001245   Thumb Code    56  i2c_fram.o(i.I2C_Start)
    I2C_Stop                                 0x08001281   Thumb Code    36  i2c_fram.o(i.I2C_Stop)
    I2C_WaitAck                              0x080012a9   Thumb Code    42  i2c_fram.o(i.I2C_WaitAck)
    I2C_delay                                0x080012d9   Thumb Code    24  i2c_fram.o(i.I2C_delay)
    InitiateDiscovery                        0x080012f1   Thumb Code   112  ethbcp.o(i.InitiateDiscovery)
    MemManage_Handler                        0x08001391   Thumb Code     2  stm32f10x_it.o(i.MemManage_Handler)
    NMI_Handler                              0x08001393   Thumb Code     2  stm32f10x_it.o(i.NMI_Handler)
    NVIC_Init                                0x08001395   Thumb Code    92  misc.o(i.NVIC_Init)
    NVIC_PriorityGroupConfig                 0x080013f1   Thumb Code    10  misc.o(i.NVIC_PriorityGroupConfig)
    OSDebugInit                              0x08001405   Thumb Code     2  os_dbg.o(i.OSDebugInit)
    OSEventNameSet                           0x08001409   Thumb Code    70  os_core.o(i.OSEventNameSet)
    OSInit                                   0x08001455   Thumb Code   188  os_core.o(i.OSInit)
    OSInitHookBegin                          0x08001545   Thumb Code     8  os_cpu_c.o(i.OSInitHookBegin)
    OSInitHookEnd                            0x08001551   Thumb Code     2  os_cpu_c.o(i.OSInitHookEnd)
    OSIntExit                                0x08001555   Thumb Code    82  os_core.o(i.OSIntExit)
    OSMemCreate                              0x080015b1   Thumb Code   118  os_mem.o(i.OSMemCreate)
    OSMemGet                                 0x0800162d   Thumb Code    62  os_mem.o(i.OSMemGet)
    OSMemPut                                 0x0800166b   Thumb Code    58  os_mem.o(i.OSMemPut)
    OSQAccept                                0x080016a5   Thumb Code    84  os_q.o(i.OSQAccept)
    OSQCreate                                0x080016f9   Thumb Code   120  os_q.o(i.OSQCreate)
    OSQDel                                   0x08001781   Thumb Code   226  os_q.o(i.OSQDel)
    OSQFlush                                 0x08001875   Thumb Code    48  os_q.o(i.OSQFlush)
    OSQPend                                  0x080018a5   Thumb Code   212  os_q.o(i.OSQPend)
    OSQPost                                  0x08001985   Thumb Code   112  os_q.o(i.OSQPost)
    OSSchedLock                              0x080019f5   Thumb Code    38  os_core.o(i.OSSchedLock)
    OSSchedUnlock                            0x08001a21   Thumb Code    54  os_core.o(i.OSSchedUnlock)
    OSSemCreate                              0x08001a5d   Thumb Code    62  os_sem.o(i.OSSemCreate)
    OSSemDel                                 0x08001aa9   Thumb Code   196  os_sem.o(i.OSSemDel)
    OSSemPend                                0x08001b79   Thumb Code   180  os_sem.o(i.OSSemPend)
    OSSemPost                                0x08001c39   Thumb Code    88  os_sem.o(i.OSSemPost)
    OSStart                                  0x08001c91   Thumb Code    38  os_core.o(i.OSStart)
    OSStatInit                               0x08001cc1   Thumb Code    48  os_core.o(i.OSStatInit)
    OSTCBInitHook                            0x08001cf5   Thumb Code     4  os_cpu_c.o(i.OSTCBInitHook)
    OSTaskCreate                             0x08001cf9   Thumb Code   132  os_task.o(i.OSTaskCreate)
    OSTaskCreateExt                          0x08001d89   Thumb Code   150  os_task.o(i.OSTaskCreateExt)
    OSTaskCreateHook                         0x08001e2d   Thumb Code     4  os_cpu_c.o(i.OSTaskCreateHook)
    OSTaskIdleHook                           0x08001e31   Thumb Code     4  os_cpu_c.o(i.OSTaskIdleHook)
    OSTaskNameSet                            0x08001e35   Thumb Code    94  os_task.o(i.OSTaskNameSet)
    OSTaskStatHook                           0x08001ea1   Thumb Code     4  os_cpu_c.o(i.OSTaskStatHook)
    OSTaskStkChk                             0x08001ea5   Thumb Code   128  os_task.o(i.OSTaskStkChk)
    OSTaskStkInit                            0x08001f2d   Thumb Code   100  os_cpu_c.o(i.OSTaskStkInit)
    OSTaskSuspend                            0x08001f91   Thumb Code   160  os_task.o(i.OSTaskSuspend)
    OSTaskSwHook                             0x08002041   Thumb Code     4  os_cpu_c.o(i.OSTaskSwHook)
    OSTimeDly                                0x08002045   Thumb Code    88  os_time.o(i.OSTimeDly)
    OSTimeDlyHMSM                            0x080020b1   Thumb Code   108  os_time.o(i.OSTimeDlyHMSM)
    OSTimeGet                                0x08002125   Thumb Code    18  os_time.o(i.OSTimeGet)
    OSTimeTick                               0x0800213d   Thumb Code   164  os_core.o(i.OSTimeTick)
    OSTimeTickHook                           0x080021e5   Thumb Code    34  os_cpu_c.o(i.OSTimeTickHook)
    OSTmrSignal                              0x0800220d   Thumb Code     8  os_tmr.o(i.OSTmrSignal)
    OSTmr_Init                               0x08002219   Thumb Code   194  os_tmr.o(i.OSTmr_Init)
    OS_CPU_SysTickInit                       0x08002441   Thumb Code    50  os_cpu_c.o(i.OS_CPU_SysTickInit)
    OS_EventTaskRdy                          0x0800247d   Thumb Code   110  os_core.o(i.OS_EventTaskRdy)
    OS_EventTaskRemove                       0x080024f9   Thumb Code    36  os_core.o(i.OS_EventTaskRemove)
    OS_EventTaskRemoveMulti                  0x0800251d   Thumb Code    48  os_core.o(i.OS_EventTaskRemoveMulti)
    OS_EventTaskWait                         0x0800254d   Thumb Code    80  os_core.o(i.OS_EventTaskWait)
    OS_EventWaitListInit                     0x080025a1   Thumb Code    20  os_core.o(i.OS_EventWaitListInit)
    OS_FlagInit                              0x080025b5   Thumb Code    62  os_flag.o(i.OS_FlagInit)
    OS_MemClr                                0x080026c9   Thumb Code    18  os_core.o(i.OS_MemClr)
    OS_MemInit                               0x080026dd   Thumb Code    64  os_mem.o(i.OS_MemInit)
    OS_QInit                                 0x08002729   Thumb Code    56  os_q.o(i.OS_QInit)
    OS_Sched                                 0x08002769   Thumb Code    64  os_core.o(i.OS_Sched)
    OS_TCBInit                               0x080027d1   Thumb Code   238  os_core.o(i.OS_TCBInit)
    OS_TaskIdle                              0x080028cd   Thumb Code    24  os_core.o(i.OS_TaskIdle)
    OS_TaskStat                              0x080028e9   Thumb Code    82  os_core.o(i.OS_TaskStat)
    OS_TaskStatStkChk                        0x08002941   Thumb Code    50  os_core.o(i.OS_TaskStatStkChk)
    OS_TaskStkClr                            0x08002979   Thumb Code    22  os_task.o(i.OS_TaskStkClr)
    RCC_AHBPeriphClockCmd                    0x08002991   Thumb Code    18  stm32f10x_rcc.o(i.RCC_AHBPeriphClockCmd)
    RCC_AHBPeriphResetCmd                    0x080029a9   Thumb Code    18  stm32f10x_rcc.o(i.RCC_AHBPeriphResetCmd)
    RCC_APB1PeriphClockCmd                   0x080029c1   Thumb Code    18  stm32f10x_rcc.o(i.RCC_APB1PeriphClockCmd)
    RCC_APB2PeriphClockCmd                   0x080029d9   Thumb Code    18  stm32f10x_rcc.o(i.RCC_APB2PeriphClockCmd)
    RCC_GetClocksFreq                        0x080029f1   Thumb Code   188  stm32f10x_rcc.o(i.RCC_GetClocksFreq)
    RCC_GetFlagStatus                        0x08002ac1   Thumb Code    44  stm32f10x_rcc.o(i.RCC_GetFlagStatus)
    RCC_MCOConfig                            0x08002af1   Thumb Code     6  stm32f10x_rcc.o(i.RCC_MCOConfig)
    RCC_PLL3Cmd                              0x08002afd   Thumb Code     6  stm32f10x_rcc.o(i.RCC_PLL3Cmd)
    RCC_PLL3Config                           0x08002b09   Thumb Code    14  stm32f10x_rcc.o(i.RCC_PLL3Config)
    SVC_Handler                              0x08002b1d   Thumb Code     2  stm32f10x_it.o(i.SVC_Handler)
    SysTick_Handler                          0x08002bd9   Thumb Code    30  stm32f10x_it.o(i.SysTick_Handler)
    SystemInit                               0x08002bfd   Thumb Code    76  system_stm32f10x.o(i.SystemInit)
    TBC_DLL_init                             0x08002c59   Thumb Code    58  ethbcp.o(i.TBC_DLL_init)
    TBC_init                                 0x08002cbd   Thumb Code    16  tbc.o(i.TBC_init)
    TBC_send_cmd_to_tbim                     0x08002cd1   Thumb Code    70  tbc.o(i.TBC_send_cmd_to_tbim)
    TBC_send_noArguCmd_to_tbim               0x08002d17   Thumb Code    76  tbc.o(i.TBC_send_noArguCmd_to_tbim)
    TBC_send_upcomputer_cmd                  0x08002d63   Thumb Code    28  tbc.o(i.TBC_send_upcomputer_cmd)
    TBIM_recongnition                        0x08002d7f   Thumb Code    42  tbc.o(i.TBIM_recongnition)
    TIM5_IRQHandler                          0x08002da9   Thumb Code    50  uctsk_ssnp_tbc.o(i.TIM5_IRQHandler)
    TIM_ClearITPendingBit                    0x08002de5   Thumb Code     6  stm32f10x_tim.o(i.TIM_ClearITPendingBit)
    TIM_Cmd                                  0x08002deb   Thumb Code    20  stm32f10x_tim.o(i.TIM_Cmd)
    TIM_GetCounter                           0x08002dff   Thumb Code     4  stm32f10x_tim.o(i.TIM_GetCounter)
    TIM_GetITStatus                          0x08002e03   Thumb Code    24  stm32f10x_tim.o(i.TIM_GetITStatus)
    TIM_ITConfig                             0x08002e1b   Thumb Code    16  stm32f10x_tim.o(i.TIM_ITConfig)
    TIM_TimeBaseInit                         0x08002e2d   Thumb Code   114  stm32f10x_tim.o(i.TIM_TimeBaseInit)
    USART1_IRQHandler                        0x08002ec9   Thumb Code     2  stm32f10x_it.o(i.USART1_IRQHandler)
    USART2_IRQHandler                        0x08002ecd   Thumb Code   190  ssnp_for_app.o(i.USART2_IRQHandler)
    USART_ClearFlag                          0x08002fad   Thumb Code     6  stm32f10x_usart.o(i.USART_ClearFlag)
    USART_ClearITPendingBit                  0x08002fb3   Thumb Code    12  stm32f10x_usart.o(i.USART_ClearITPendingBit)
    USART_Cmd                                0x08002fbf   Thumb Code    20  stm32f10x_usart.o(i.USART_Cmd)
    USART_GetFlagStatus                      0x08003075   Thumb Code    14  stm32f10x_usart.o(i.USART_GetFlagStatus)
    USART_GetITStatus                        0x08003083   Thumb Code    62  stm32f10x_usart.o(i.USART_GetITStatus)
    USART_ITConfig                           0x080030c1   Thumb Code    48  stm32f10x_usart.o(i.USART_ITConfig)
    USART_Init                               0x080030f1   Thumb Code   176  stm32f10x_usart.o(i.USART_Init)
    USART_ReceiveData                        0x080031a5   Thumb Code     8  stm32f10x_usart.o(i.USART_ReceiveData)
    USART_SendData                           0x080031ad   Thumb Code     8  stm32f10x_usart.o(i.USART_SendData)
    UsageFault_Handler                       0x080031b5   Thumb Code     2  stm32f10x_it.o(i.UsageFault_Handler)
    __0printf                                0x080031b9   Thumb Code    22  printfa.o(i.__0printf)
    __1printf                                0x080031b9   Thumb Code     0  printfa.o(i.__0printf)
    __2printf                                0x080031b9   Thumb Code     0  printfa.o(i.__0printf)
    __c89printf                              0x080031b9   Thumb Code     0  printfa.o(i.__0printf)
    printf                                   0x080031b9   Thumb Code     0  printfa.o(i.__0printf)
    __scatterload_copy                       0x080031d9   Thumb Code    14  handlers.o(i.__scatterload_copy)
    __scatterload_null                       0x080031e7   Thumb Code     2  handlers.o(i.__scatterload_null)
    __scatterload_zeroinit                   0x080031e9   Thumb Code    14  handlers.o(i.__scatterload_zeroinit)
    add_alias_pending                        0x08003a75   Thumb Code    82  alias_state.o(i.add_alias_pending)
    alias_check_timer                        0x08003ad5   Thumb Code    34  timer.o(i.alias_check_timer)
    alias_done                               0x08003afd   Thumb Code   120  alias_state.o(i.alias_done)
    alloc_alias_map                          0x08003b79   Thumb Code    64  alias_map.o(i.alloc_alias_map)
    clear_unresponsive_alias                 0x08003ce9   Thumb Code   100  alias_state.o(i.clear_unresponsive_alias)
    deQueue                                  0x08003f51   Thumb Code    58  upcomputer.o(i.deQueue)
    del_alias_map                            0x08003f91   Thumb Code    34  alias_map.o(i.del_alias_map)
    do_bind                                  0x08003fb9   Thumb Code    92  api_msg.o(i.do_bind)
    do_connect                               0x08004015   Thumb Code    74  api_msg.o(i.do_connect)
    do_get_alias_alloc_state                 0x0800405f   Thumb Code    26  api_msg.o(i.do_get_alias_alloc_state)
    do_newconn                               0x08004079   Thumb Code    32  api_msg.o(i.do_newconn)
    do_send                                  0x08004099   Thumb Code   138  api_msg.o(i.do_send)
    dp_bind                                  0x08004145   Thumb Code    40  dp.o(i.dp_bind)
    dp_connect                               0x08004171   Thumb Code    40  dp.o(i.dp_connect)
    dp_input                                 0x0800419d   Thumb Code   302  dp.o(i.dp_input)
    dp_new                                   0x08004475   Thumb Code    22  dp.o(i.dp_new)
    dp_recv                                  0x0800448b   Thumb Code     6  dp.o(i.dp_recv)
    dp_sendto                                0x08004491   Thumb Code    46  dp.o(i.dp_sendto)
    dp_sendto_if                             0x080044c9   Thumb Code   266  dp.o(i.dp_sendto_if)
    ethbcp_output                            0x0800481d   Thumb Code   122  ethbcp.o(i.ethbcp_output)
    ethernet_input                           0x08004a19   Thumb Code   160  ethbcp.o(i.ethernet_input)
    ethernetif_init                          0x08004b95   Thumb Code    64  ethernetif.o(i.ethernetif_init)
    ethernetif_input                         0x08004c05   Thumb Code   130  ethernetif.o(i.ethernetif_input)
    find_tbim                                0x08004cb1   Thumb Code    48  tbc.o(i.find_tbim)
    fputc                                    0x08004ce5   Thumb Code    30  uctsk_ssnp_tbc.o(i.fputc)
    get_alias_alloc_state                    0x08004ee1   Thumb Code     6  ethbcp.o(i.get_alias_alloc_state)
    get_alias_done_list                      0x08004eed   Thumb Code     6  alias_state.o(i.get_alias_done_list)
    get_done_list                            0x08004ef9   Thumb Code    20  ethbcp.o(i.get_done_list)
    get_epoch                                0x08004f2d   Thumb Code   108  tbc.o(i.get_epoch)
    get_tbim                                 0x08004fdd   Thumb Code    36  api_lib.o(i.get_tbim)
    hardware_init                            0x08005005   Thumb Code     4  ssnp_for_app.o(i.hardware_init)
    inet_chksum                              0x08005009   Thumb Code     4  inet_chksum.o(i.inet_chksum)
    initTedsTable                            0x0800500d   Thumb Code    74  teds_table.o(i.initTedsTable)
    init_queue                               0x0800505d   Thumb Code    12  upcomputer.o(i.init_queue)
    isQempty                                 0x0800506d   Thumb Code    14  upcomputer.o(i.isQempty)
    is_exist_in_pending_list                 0x08005081   Thumb Code    26  alias_state.o(i.is_exist_in_pending_list)
    is_reflect_reply_ok                      0x080050a1   Thumb Code     6  ethbcp.o(i.is_reflect_reply_ok)
    main                                     0x0800515d   Thumb Code    68  main.o(i.main)
    mem_alloc                                0x080051b5   Thumb Code   190  mem.o(i.mem_alloc)
    mem_free                                 0x08005279   Thumb Code    60  mem.o(i.mem_free)
    mem_init                                 0x080052b9   Thumb Code    50  mem.o(i.mem_init)
    mem_trim                                 0x080052f5   Thumb Code   200  mem.o(i.mem_trim)
    memp_alloc                               0x080053c1   Thumb Code    30  memp.o(i.memp_alloc)
    memp_free                                0x080053e5   Thumb Code    36  memp.o(i.memp_free)
    memp_init                                0x0800540d   Thumb Code    70  memp.o(i.memp_init)
    netbuf_delete                            0x0800545d   Thumb Code    32  netbuf.o(i.netbuf_delete)
    netbuf_free                              0x0800547d   Thumb Code    18  netbuf.o(i.netbuf_free)
    netbuf_ref                               0x0800548f   Thumb Code    50  netbuf.o(i.netbuf_ref)
    netconn_bind                             0x0800556d   Thumb Code    42  api_lib.o(i.netconn_bind)
    netconn_connect                          0x0800559d   Thumb Code    42  api_lib.o(i.netconn_connect)
    netconn_new                              0x080055cd   Thumb Code    56  api_lib.o(i.netconn_new)
    netconn_recv                             0x08005609   Thumb Code    54  api_lib.o(i.netconn_recv)
    netconn_send                             0x08005641   Thumb Code    46  api_lib.o(i.netconn_send)
    netconn_sendto                           0x08005675   Thumb Code    16  api_lib.o(i.netconn_sendto)
    netif_add                                0x08005685   Thumb Code    70  netif.o(i.netif_add)
    netif_init                               0x080056f5   Thumb Code     2  netif.o(i.netif_init)
    netif_set_default                        0x080056f9   Thumb Code     6  netif.o(i.netif_set_default)
    pbuf_alloc                               0x08005705   Thumb Code   286  pbuf.o(i.pbuf_alloc)
    pbuf_cat                                 0x08005845   Thumb Code    32  pbuf.o(i.pbuf_cat)
    pbuf_chain                               0x08005865   Thumb Code    18  pbuf.o(i.pbuf_chain)
    pbuf_free                                0x08005877   Thumb Code    82  pbuf.o(i.pbuf_free)
    pbuf_header                              0x080058c9   Thumb Code    92  pbuf.o(i.pbuf_header)
    pbuf_realloc                             0x08005925   Thumb Code    80  pbuf.o(i.pbuf_realloc)
    pbuf_ref                                 0x08005975   Thumb Code    26  pbuf.o(i.pbuf_ref)
    protocol_init                            0x08005a59   Thumb Code   112  ssnp_for_app.o(i.protocol_init)
    protocol_stack_init                      0x08005ae1   Thumb Code    30  init.o(i.protocol_stack_init)
    readTeds                                 0x08005b01   Thumb Code   254  teds_table.o(i.readTeds)
    readTedsTable                            0x08005cd9   Thumb Code    46  teds_table.o(i.readTedsTable)
    sdp_bind                                 0x08005e51   Thumb Code    40  sdp.o(i.sdp_bind)
    sdp_connect                              0x08005e7d   Thumb Code    40  sdp.o(i.sdp_connect)
    sdp_input                                0x08005ea9   Thumb Code   284  sdp.o(i.sdp_input)
    sdp_new                                  0x080060b5   Thumb Code    22  sdp.o(i.sdp_new)
    sdp_recv                                 0x080060cb   Thumb Code     6  sdp.o(i.sdp_recv)
    sdp_sendto                               0x080060d1   Thumb Code    46  sdp.o(i.sdp_sendto)
    sdp_sendto_if                            0x08006109   Thumb Code   272  sdp.o(i.sdp_sendto_if)
    send_assign_time_slot_msg                0x08006361   Thumb Code   124  ethbcp.o(i.send_assign_time_slot_msg)
    send_begin_of_epoch_msg                  0x08006419   Thumb Code    94  ethbcp.o(i.send_begin_of_epoch_msg)
    send_define_epoch_msg                    0x080064b1   Thumb Code   112  ethbcp.o(i.send_define_epoch_msg)
    send_discovery_msg                       0x08006559   Thumb Code     6  ssnp_for_app.o(i.send_discovery_msg)
    send_reflect_msg                         0x08006565   Thumb Code    96  ethbcp.o(i.send_reflect_msg)
    send_sdp_upcomputer                      0x080065f9   Thumb Code    58  upcomputer.o(i.send_sdp_upcomputer)
    send_upcomputer                          0x08006635   Thumb Code    44  upcomputer.o(i.send_upcomputer)
    set_alias_alloc_done                     0x08006665   Thumb Code     8  ethbcp.o(i.set_alias_alloc_done)
    set_connection_recvmbox                  0x08006671   Thumb Code    12  api_lib.o(i.set_connection_recvmbox)
    set_mac_address                          0x0800667d   Thumb Code    24  ethernetif.o(i.set_mac_address)
    set_reflect_reply_unfinished             0x08006699   Thumb Code     8  ethbcp.o(i.set_reflect_reply_unfinished)
    set_syn_asyn_num                         0x080066a5   Thumb Code    12  tbc.o(i.set_syn_asyn_num)
    ssnp_apimsg                              0x080066b5   Thumb Code    48  ssnp.o(i.ssnp_apimsg)
    ssnp_apimsg_alias_list                   0x080066e9   Thumb Code    46  ssnp.o(i.ssnp_apimsg_alias_list)
    ssnp_init                                0x0800671d   Thumb Code    44  ssnp.o(i.ssnp_init)
    ssnp_input                               0x08006765   Thumb Code    82  ssnp.o(i.ssnp_input)
    startWork                                0x08006871   Thumb Code    82  teds_table.o(i.startWork)
    sys_arch_mbox_fetch                      0x080068dd   Thumb Code   114  sys_arch.o(i.sys_arch_mbox_fetch)
    sys_arch_mbox_fetch_unblock              0x08006955   Thumb Code    12  sys_arch.o(i.sys_arch_mbox_fetch_unblock)
    sys_arch_sem_wait                        0x08006961   Thumb Code   100  sys_arch.o(i.sys_arch_sem_wait)
    sys_init                                 0x080069c5   Thumb Code    26  sys_arch.o(i.sys_init)
    sys_mbox_free                            0x080069e9   Thumb Code    66  sys_arch.o(i.sys_mbox_free)
    sys_mbox_new                             0x08006a55   Thumb Code    62  sys_arch.o(i.sys_mbox_new)
    sys_mbox_post                            0x08006aa5   Thumb Code    44  sys_arch.o(i.sys_mbox_post)
    sys_mbox_trypost                         0x08006ad5   Thumb Code    22  sys_arch.o(i.sys_mbox_trypost)
    sys_sem_free                             0x08006af1   Thumb Code    12  sys_arch.o(i.sys_sem_free)
    sys_sem_new                              0x08006afd   Thumb Code     4  sys_arch.o(i.sys_sem_new)
    sys_sem_signal                           0x08006b01   Thumb Code     4  sys_arch.o(i.sys_sem_signal)
    sys_thread_new                           0x08006b05   Thumb Code   106  sys_arch.o(i.sys_thread_new)
    sys_time_get                             0x08006b75   Thumb Code     4  sys_arch.o(i.sys_time_get)
    sys_timeout                              0x08006b79   Thumb Code    86  timer.o(i.sys_timeout)
    sys_timeouts_init                        0x08006bd5   Thumb Code    12  timer.o(i.sys_timeouts_init)
    sys_timeouts_mbox_fetch                  0x08006be5   Thumb Code    92  timer.o(i.sys_timeouts_mbox_fetch)
    sys_untimeout                            0x08006c45   Thumb Code    68  timer.o(i.sys_untimeout)
    tbc_send_begin_of_epoch_msg              0x08006c8d   Thumb Code     6  ssnp_for_app.o(i.tbc_send_begin_of_epoch_msg)
    tbc_send_define_epoch_msg                0x08006c99   Thumb Code    10  ssnp_for_app.o(i.tbc_send_define_epoch_msg)
    tbc_send_reflect_msg                     0x08006ca9   Thumb Code     8  ssnp_for_app.o(i.tbc_send_reflect_msg)
    tbc_send_timeslot_msg                    0x08006cb5   Thumb Code    18  ssnp_for_app.o(i.tbc_send_timeslot_msg)
    timeslot_alloc                           0x08006ccd   Thumb Code    58  tbc.o(i.timeslot_alloc)
    tp_bind                                  0x08006d0d   Thumb Code    58  tp.o(i.tp_bind)
    tp_connect                               0x08006d4d   Thumb Code    40  tp.o(i.tp_connect)
    tp_input                                 0x08006d79   Thumb Code   216  tp.o(i.tp_input)
    tp_new                                   0x08006f3d   Thumb Code    22  tp.o(i.tp_new)
    tp_recv                                  0x08006f53   Thumb Code     6  tp.o(i.tp_recv)
    tp_sendto                                0x08006f59   Thumb Code    46  tp.o(i.tp_sendto)
    tp_sendto_if                             0x08006f91   Thumb Code   122  tp.o(i.tp_sendto_if)
    writeTEDS                                0x080072ed   Thumb Code    28  ssnp_for_app.o(i.writeTEDS)
    writeTeds                                0x0800730d   Thumb Code     8  teds_table.o(i.writeTeds)
    writeTedsEntry                           0x08007315   Thumb Code    16  teds_table.o(i.writeTedsEntry)
    writeTedsTable                           0x08007325   Thumb Code    28  teds_table.o(i.writeTedsTable)
    OSUnMapTbl                               0x08007344   Data         256  os_core.o(.constdata)
    pvNullPointer                            0x08007474   Data           4  sys_arch.o(.constdata)
    Region$$Table$$Base                      0x080074bc   Number         0  anon$$obj.o(Region$$Table)
    Region$$Table$$Limit                     0x080074dc   Number         0  anon$$obj.o(Region$$Table)
    recv_num                                 0x20000000   Data           4  uctsk_ssnp_tbc.o(.data)
    syn_num                                  0x20000004   Data           4  uctsk_ssnp_tbc.o(.data)
    asyn_num                                 0x20000008   Data           4  uctsk_ssnp_tbc.o(.data)
    upcomputer_cmd_recv_mbox                 0x20000014   Data           4  uctsk_ssnp_tbc.o(.data)
    FRAM_ADDRESS                             0x20000018   Data           1  i2c_fram.o(.data)
    DMATxDescToSet                           0x20000030   Data           4  stm32_eth.o(.data)
    DMARxDescToGet                           0x20000034   Data           4  stm32_eth.o(.data)
    DMAPTPTxDescToSet                        0x20000038   Data           4  stm32_eth.o(.data)
    DMAPTPRxDescToGet                        0x2000003c   Data           4  stm32_eth.o(.data)
    SystemCoreClock                          0x20000040   Data           4  system_stm32f10x.o(.data)
    AHBPrescTable                            0x20000044   Data          16  system_stm32f10x.o(.data)
    OSCPUUsage                               0x20000058   Data           1  os_core.o(.data)
    OSStatRdy                                0x20000059   Data           1  os_core.o(.data)
    OSIntNesting                             0x2000005a   Data           1  os_core.o(.data)
    OSLockNesting                            0x2000005b   Data           1  os_core.o(.data)
    OSPrioCur                                0x2000005c   Data           1  os_core.o(.data)
    OSPrioHighRdy                            0x2000005d   Data           1  os_core.o(.data)
    OSRdyGrp                                 0x2000005e   Data           1  os_core.o(.data)
    OSRunning                                0x2000005f   Data           1  os_core.o(.data)
    OSTaskCtr                                0x20000060   Data           1  os_core.o(.data)
    OSTickStepState                          0x20000061   Data           1  os_core.o(.data)
    OSCtxSwCtr                               0x20000064   Data           4  os_core.o(.data)
    OSEventFreeList                          0x20000068   Data           4  os_core.o(.data)
    OSIdleCtrMax                             0x2000006c   Data           4  os_core.o(.data)
    OSIdleCtrRun                             0x20000070   Data           4  os_core.o(.data)
    OSIdleCtr                                0x20000074   Data           4  os_core.o(.data)
    OSTCBCur                                 0x20000078   Data           4  os_core.o(.data)
    OSTCBFreeList                            0x2000007c   Data           4  os_core.o(.data)
    OSTCBHighRdy                             0x20000080   Data           4  os_core.o(.data)
    OSTCBList                                0x20000084   Data           4  os_core.o(.data)
    OSTime                                   0x20000088   Data           4  os_core.o(.data)
    OSRdyTbl                                 0x2000008c   Data           8  os_core.o(.data)
    OSFlagFreeList                           0x20000094   Data           4  os_core.o(.data)
    OSMemFreeList                            0x20000098   Data           4  os_core.o(.data)
    OSQFreeList                              0x2000009c   Data           4  os_core.o(.data)
    OSTmrFree                                0x200000a0   Data           2  os_core.o(.data)
    OSTmrUsed                                0x200000a2   Data           2  os_core.o(.data)
    OSTmrTime                                0x200000a4   Data           4  os_core.o(.data)
    OSTmrSem                                 0x200000a8   Data           4  os_core.o(.data)
    OSTmrSemSignal                           0x200000ac   Data           4  os_core.o(.data)
    OSTmrFreeList                            0x200000b0   Data           4  os_core.o(.data)
    mac_address                              0x200000c7   Data           6  ethernetif.o(.data)
    netif_list                               0x200000e4   Data           4  netif.o(.data)
    netif_default                            0x200000e8   Data           4  netif.o(.data)
    isRecvFinish                             0x20000104   Data           1  ssnp_for_app.o(.data)
    i                                        0x20000105   Data           1  ssnp_for_app.o(.data)
    recv_len                                 0x2000010a   Data           2  ssnp_for_app.o(.data)
    recv_data                                0x2000010c   Data           2  ssnp_for_app.o(.data)
    as_list                                  0x20000114   Data           4  alias_state.o(.data)
    __stdout                                 0x20000120   Data           4  stdout.o(.data)
    test_time                                0x20000624   Data        2400  uctsk_ssnp_tbc.o(.bss)
    OSEventTbl                               0x20000fb0   Data         480  os_core.o(.bss)
    OSTaskStatStk                            0x20001190   Data         256  os_core.o(.bss)
    OSTaskIdleStk                            0x20001290   Data         128  os_core.o(.bss)
    OSTCBPrioTbl                             0x20001310   Data         256  os_core.o(.bss)
    OSTCBTbl                                 0x20001410   Data        1936  os_core.o(.bss)
    OSFlagTbl                                0x20001ba0   Data          80  os_core.o(.bss)
    OSMemTbl                                 0x20001bf0   Data         120  os_core.o(.bss)
    OSQTbl                                   0x20001c68   Data          96  os_core.o(.bss)
    OSTmrTbl                                 0x20001cc8   Data         640  os_core.o(.bss)
    OSTmrTaskStk                             0x20001f48   Data         256  os_core.o(.bss)
    OSTmrWheelTbl                            0x20002048   Data          64  os_core.o(.bss)
    DMARxDscrTab                             0x20002088   Data          64  ethernetif.o(.bss)
    DMATxDscrTab                             0x200020c8   Data          32  ethernetif.o(.bss)
    Rx_Buff                                  0x200020e8   Data        6080  ethernetif.o(.bss)
    Tx_Buff                                  0x200038a8   Data        3040  ethernetif.o(.bss)
    RAM                                      0x20004488   Data       10268  mem.o(.bss)
    SSNP_TASK_STK                            0x2000a970   Data        3600  sys_arch.o(.bss)
    recv_teds                                0x2000d710   Data         147  ssnp_for_app.o(.bss)
    tbc                                      0x2000d9fc   Data        6676  tbc.o(.bss)
    tedsTable                                0x2000f410   Data          40  teds_table.o(.bss)
    metaTeds                                 0x2000f438   Data          35  teds_table.o(.bss)
    phyTeds                                  0x2000f45b   Data          19  teds_table.o(.bss)
    tsTeds                                   0x2000f46e   Data         744  teds_table.o(.bss)
    __initial_sp                             0x2000ff58   Data           0  startup_stm32f10x_cl.o(STACK)



==============================================================================

Memory Map of the image

  Image Entry point : 0x08000151

  Load Region LR_IROM1 (Base: 0x08000000, Size: 0x00007600, Max: 0x00040000, ABSOLUTE)

    Execution Region ER_IROM1 (Base: 0x08000000, Size: 0x000074dc, Max: 0x00040000, ABSOLUTE)

    Base Addr    Size         Type   Attr      Idx    E Section Name        Object

    0x08000000   0x00000150   Data   RO         4307    RESET               startup_stm32f10x_cl.o
    0x08000150   0x00000000   Code   RO         7435  * .ARM.Collect$$$$00000000  mc_w.l(entry.o)
    0x08000150   0x00000004   Code   RO         7709    .ARM.Collect$$$$00000001  mc_w.l(entry2.o)
    0x08000154   0x00000004   Code   RO         7712    .ARM.Collect$$$$00000004  mc_w.l(entry5.o)
    0x08000158   0x00000008   Code   RO         7713    .ARM.Collect$$$$00000007  mc_w.l(entry7.o)
    0x08000160   0x00000004   Code   RO         7710    .ARM.Collect$$$$00002712  mc_w.l(entry2.o)
    0x08000164   0x00000024   Code   RO         4308    .text               startup_stm32f10x_cl.o
    0x08000188   0x000000a4   Code   RO         4425    .text               os_cpu_a.o
    0x0800022c   0x0000002a   Code   RO         5304    .text               cpu_a.o
    0x08000256   0x00000024   Code   RO         7438    .text               mc_w.l(memcpya.o)
    0x0800027a   0x00000026   Code   RO         7440    .text               mc_w.l(memseta.o)
    0x080002a0   0x00000028   Code   RO         7705    .text               mf_w.l(ffixui.o)
    0x080002c8   0x0000002c   Code   RO         7707    .text               mf_w.l(f2d.o)
    0x080002f4   0x0000002c   Code   RO         7715    .text               mc_w.l(uidiv.o)
    0x08000320   0x00000066   Code   RO         7717    .text               mc_w.l(uldiv.o)
    0x08000386   0x00000000   Code   RO         7719    .text               mc_w.l(iusefp.o)
    0x08000386   0x0000014a   Code   RO         7720    .text               mf_w.l(dadd.o)
    0x080004d0   0x000000e2   Code   RO         7722    .text               mf_w.l(dmul.o)
    0x080005b2   0x000000de   Code   RO         7724    .text               mf_w.l(ddiv.o)
    0x08000690   0x00000030   Code   RO         7726    .text               mf_w.l(dfixul.o)
    0x080006c0   0x00000028   Code   RO         7728    .text               mf_w.l(cdrcmple.o)
    0x080006e8   0x00000024   Code   RO         7730    .text               mc_w.l(init.o)
    0x0800070c   0x0000001e   Code   RO         7732    .text               mc_w.l(llshl.o)
    0x0800072a   0x00000020   Code   RO         7734    .text               mc_w.l(llushr.o)
    0x0800074a   0x00000024   Code   RO         7736    .text               mc_w.l(llsshr.o)
    0x0800076e   0x000000c2   Code   RO         7738    .text               mf_w.l(depilogue.o)
    0x08000830   0x00000014   Code   RO          199    i.App_SSNPTaskCreate  uctsk_ssnp_tbc.o
    0x08000844   0x00000002   Code   RO         5202    i.App_TCBInitHook   os_apphooks.o
    0x08000846   0x00000002   Code   RO         5203    i.App_TaskCreateHook  os_apphooks.o
    0x08000848   0x00000002   Code   RO         5205    i.App_TaskIdleHook  os_apphooks.o
    0x0800084a   0x0000001a   Code   RO            1    i.App_TaskStart     main.o
    0x08000864   0x00000002   Code   RO         5207    i.App_TaskStatHook  os_apphooks.o
    0x08000866   0x00000002   Code   RO         5208    i.App_TaskSwHook    os_apphooks.o
    0x08000868   0x00000002   Code   RO         5209    i.App_TimeTickHook  os_apphooks.o
    0x0800086a   0x00000002   Code   RO          124    i.BusFault_Handler  stm32f10x_it.o
    0x0800086c   0x00000002   Code   RO          125    i.DebugMon_Handler  stm32f10x_it.o
    0x0800086e   0x0000000a   Code   RO         7128    i.Delay             tbc.o
    0x08000878   0x0000000c   Code   RO         3663    i.ETH_DMAClearITPendingBit  stm32_eth.o
    0x08000884   0x00000018   Code   RO         3664    i.ETH_DMAITConfig   stm32_eth.o
    0x0800089c   0x0000001c   Code   RO         3667    i.ETH_DMAReceptionCmd  stm32_eth.o
    0x080008b8   0x0000004c   Code   RO         3668    i.ETH_DMARxDescChainInit  stm32_eth.o
    0x08000904   0x00000012   Code   RO         3670    i.ETH_DMARxDescReceiveITConfig  stm32_eth.o
    0x08000916   0x00000002   PAD
    0x08000918   0x0000001c   Code   RO         3673    i.ETH_DMATransmissionCmd  stm32_eth.o
    0x08000934   0x00000048   Code   RO         3676    i.ETH_DMATxDescChainInit  stm32_eth.o
    0x0800097c   0x00000018   Code   RO         3685    i.ETH_DeInit        stm32_eth.o
    0x08000994   0x0000000a   Code   RO         3686    i.ETH_Delay         stm32_eth.o
    0x0800099e   0x00000002   PAD
    0x080009a0   0x00000010   Code   RO         3691    i.ETH_FlushTransmitFIFO  stm32_eth.o
    0x080009b0   0x00000020   Code   RO         3717    i.ETH_GetRxPktSize  stm32_eth.o
    0x080009d0   0x00000014   Code   RO         3718    i.ETH_GetSoftwareResetStatus  stm32_eth.o
    0x080009e4   0x00000040   Code   RO         6943    i.ETH_IRQHandler    ssnp_for_app.o
    0x08000a24   0x00000204   Code   RO         3725    i.ETH_Init          stm32_eth.o
    0x08000c28   0x0000001c   Code   RO         3728    i.ETH_MACAddressConfig  stm32_eth.o
    0x08000c44   0x0000001c   Code   RO         3733    i.ETH_MACReceptionCmd  stm32_eth.o
    0x08000c60   0x0000001c   Code   RO         3734    i.ETH_MACTransmissionCmd  stm32_eth.o
    0x08000c7c   0x00000050   Code   RO         3745    i.ETH_ReadPHYRegister  stm32_eth.o
    0x08000ccc   0x00000050   Code   RO         5945    i.ETH_RxPkt_ChainMode  ethernetif.o
    0x08000d1c   0x00000010   Code   RO         3756    i.ETH_SoftwareReset  stm32_eth.o
    0x08000d2c   0x00000022   Code   RO         3757    i.ETH_Start         stm32_eth.o
    0x08000d4e   0x0000007c   Code   RO         3758    i.ETH_StructInit    stm32_eth.o
    0x08000dca   0x00000002   PAD
    0x08000dcc   0x0000003c   Code   RO         5946    i.ETH_TxPkt_ChainMode  ethernetif.o
    0x08000e08   0x0000004c   Code   RO         3760    i.ETH_WritePHYRegister  stm32_eth.o
    0x08000e54   0x00000094   Code   RO         6944    i.Ethernet_Configuration  ssnp_for_app.o
    0x08000ee8   0x0000000c   Code   RO          859    i.GPIO_ETH_MediaInterfaceConfig  stm32f10x_gpio.o
    0x08000ef4   0x000000a4   Code   RO          863    i.GPIO_Init         stm32f10x_gpio.o
    0x08000f98   0x00000058   Code   RO          865    i.GPIO_PinRemapConfig  stm32f10x_gpio.o
    0x08000ff0   0x00000004   Code   RO          870    i.GPIO_ResetBits    stm32f10x_gpio.o
    0x08000ff4   0x00000004   Code   RO          871    i.GPIO_SetBits      stm32f10x_gpio.o
    0x08000ff8   0x00000002   Code   RO          126    i.HardFault_Handler  stm32f10x_it.o
    0x08000ffa   0x00000002   PAD
    0x08000ffc   0x00000028   Code   RO          405    i.I2C_Ack           i2c_fram.o
    0x08001024   0x000000a0   Code   RO          406    i.I2C_BufferWrite   i2c_fram.o
    0x080010c4   0x00000074   Code   RO          407    i.I2C_FRAM_BufferRead  i2c_fram.o
    0x08001138   0x00000052   Code   RO          409    i.I2C_Fram_PageWrite  i2c_fram.o
    0x0800118a   0x00000002   PAD
    0x0800118c   0x00000028   Code   RO          410    i.I2C_NoAck         i2c_fram.o
    0x080011b4   0x00000048   Code   RO          411    i.I2C_ReceiveByte   i2c_fram.o
    0x080011fc   0x00000048   Code   RO          412    i.I2C_SendByte      i2c_fram.o
    0x08001244   0x0000003c   Code   RO          413    i.I2C_Start         i2c_fram.o
    0x08001280   0x00000028   Code   RO          414    i.I2C_Stop          i2c_fram.o
    0x080012a8   0x00000030   Code   RO          415    i.I2C_WaitAck       i2c_fram.o
    0x080012d8   0x00000018   Code   RO          416    i.I2C_delay         i2c_fram.o
    0x080012f0   0x000000a0   Code   RO         5799    i.InitiateDiscovery  ethbcp.o
    0x08001390   0x00000002   Code   RO          127    i.MemManage_Handler  stm32f10x_it.o
    0x08001392   0x00000002   Code   RO          128    i.NMI_Handler       stm32f10x_it.o
    0x08001394   0x0000005c   Code   RO          646    i.NVIC_Init         misc.o
    0x080013f0   0x00000014   Code   RO          647    i.NVIC_PriorityGroupConfig  misc.o
    0x08001404   0x00000002   Code   RO         4312    i.OSDebugInit       os_dbg.o
    0x08001406   0x00000002   PAD
    0x08001408   0x0000004c   Code   RO         4429    i.OSEventNameSet    os_core.o
    0x08001454   0x000000f0   Code   RO         4431    i.OSInit            os_core.o
    0x08001544   0x0000000c   Code   RO         4328    i.OSInitHookBegin   os_cpu_c.o
    0x08001550   0x00000002   Code   RO         4329    i.OSInitHookEnd     os_cpu_c.o
    0x08001552   0x00000002   PAD
    0x08001554   0x0000005c   Code   RO         4433    i.OSIntExit         os_core.o
    0x080015b0   0x0000007c   Code   RO         4769    i.OSMemCreate       os_mem.o
    0x0800162c   0x0000003e   Code   RO         4770    i.OSMemGet          os_mem.o
    0x0800166a   0x0000003a   Code   RO         4773    i.OSMemPut          os_mem.o
    0x080016a4   0x00000054   Code   RO         4864    i.OSQAccept         os_q.o
    0x080016f8   0x00000088   Code   RO         4865    i.OSQCreate         os_q.o
    0x08001780   0x000000f4   Code   RO         4866    i.OSQDel            os_q.o
    0x08001874   0x00000030   Code   RO         4867    i.OSQFlush          os_q.o
    0x080018a4   0x000000e0   Code   RO         4868    i.OSQPend           os_q.o
    0x08001984   0x00000070   Code   RO         4870    i.OSQPost           os_q.o
    0x080019f4   0x0000002c   Code   RO         4434    i.OSSchedLock       os_core.o
    0x08001a20   0x0000003c   Code   RO         4435    i.OSSchedUnlock     os_core.o
    0x08001a5c   0x0000004c   Code   RO         4937    i.OSSemCreate       os_sem.o
    0x08001aa8   0x000000d0   Code   RO         4938    i.OSSemDel          os_sem.o
    0x08001b78   0x000000c0   Code   RO         4939    i.OSSemPend         os_sem.o
    0x08001c38   0x00000058   Code   RO         4941    i.OSSemPost         os_sem.o
    0x08001c90   0x00000030   Code   RO         4436    i.OSStart           os_core.o
    0x08001cc0   0x00000034   Code   RO         4437    i.OSStatInit        os_core.o
    0x08001cf4   0x00000004   Code   RO         4330    i.OSTCBInitHook     os_cpu_c.o
    0x08001cf8   0x00000090   Code   RO         4991    i.OSTaskCreate      os_task.o
    0x08001d88   0x000000a4   Code   RO         4992    i.OSTaskCreateExt   os_task.o
    0x08001e2c   0x00000004   Code   RO         4331    i.OSTaskCreateHook  os_cpu_c.o
    0x08001e30   0x00000004   Code   RO         4333    i.OSTaskIdleHook    os_cpu_c.o
    0x08001e34   0x0000006c   Code   RO         4996    i.OSTaskNameSet     os_task.o
    0x08001ea0   0x00000004   Code   RO         4334    i.OSTaskStatHook    os_cpu_c.o
    0x08001ea4   0x00000088   Code   RO         5001    i.OSTaskStkChk      os_task.o
    0x08001f2c   0x00000064   Code   RO         4335    i.OSTaskStkInit     os_cpu_c.o
    0x08001f90   0x000000b0   Code   RO         5002    i.OSTaskSuspend     os_task.o
    0x08002040   0x00000004   Code   RO         4336    i.OSTaskSwHook      os_cpu_c.o
    0x08002044   0x0000006c   Code   RO         5086    i.OSTimeDly         os_time.o
    0x080020b0   0x00000074   Code   RO         5087    i.OSTimeDlyHMSM     os_time.o
    0x08002124   0x00000018   Code   RO         5089    i.OSTimeGet         os_time.o
    0x0800213c   0x000000a8   Code   RO         4438    i.OSTimeTick        os_core.o
    0x080021e4   0x00000028   Code   RO         4337    i.OSTimeTickHook    os_cpu_c.o
    0x0800220c   0x0000000c   Code   RO         5126    i.OSTmrSignal       os_tmr.o
    0x08002218   0x00000128   Code   RO         5131    i.OSTmr_Init        os_tmr.o
    0x08002340   0x00000048   Code   RO         5132    i.OSTmr_Link        os_tmr.o
    0x08002388   0x00000078   Code   RO         5133    i.OSTmr_Task        os_tmr.o
    0x08002400   0x00000040   Code   RO         5134    i.OSTmr_Unlink      os_tmr.o
    0x08002440   0x0000003c   Code   RO         4340    i.OS_CPU_SysTickInit  os_cpu_c.o
    0x0800247c   0x0000007c   Code   RO         4441    i.OS_EventTaskRdy   os_core.o
    0x080024f8   0x00000024   Code   RO         4442    i.OS_EventTaskRemove  os_core.o
    0x0800251c   0x00000030   Code   RO         4443    i.OS_EventTaskRemoveMulti  os_core.o
    0x0800254c   0x00000054   Code   RO         4444    i.OS_EventTaskWait  os_core.o
    0x080025a0   0x00000014   Code   RO         4446    i.OS_EventWaitListInit  os_core.o
    0x080025b4   0x0000004c   Code   RO         4643    i.OS_FlagInit       os_flag.o
    0x08002600   0x00000058   Code   RO         4447    i.OS_InitEventList  os_core.o
    0x08002658   0x00000070   Code   RO         4448    i.OS_InitTCBList    os_core.o
    0x080026c8   0x00000012   Code   RO         4449    i.OS_MemClr         os_core.o
    0x080026da   0x00000002   PAD
    0x080026dc   0x0000004c   Code   RO         4775    i.OS_MemInit        os_mem.o
    0x08002728   0x00000040   Code   RO         4874    i.OS_QInit          os_q.o
    0x08002768   0x00000048   Code   RO         4451    i.OS_Sched          os_core.o
    0x080027b0   0x00000020   Code   RO         4452    i.OS_SchedNew       os_core.o
    0x080027d0   0x000000fc   Code   RO         4454    i.OS_TCBInit        os_core.o
    0x080028cc   0x0000001c   Code   RO         4455    i.OS_TaskIdle       os_core.o
    0x080028e8   0x00000058   Code   RO         4456    i.OS_TaskStat       os_core.o
    0x08002940   0x00000038   Code   RO         4457    i.OS_TaskStatStkChk  os_core.o
    0x08002978   0x00000016   Code   RO         5004    i.OS_TaskStkClr     os_task.o
    0x0800298e   0x00000002   PAD
    0x08002990   0x00000018   Code   RO          972    i.RCC_AHBPeriphClockCmd  stm32f10x_rcc.o
    0x080029a8   0x00000018   Code   RO          973    i.RCC_AHBPeriphResetCmd  stm32f10x_rcc.o
    0x080029c0   0x00000018   Code   RO          974    i.RCC_APB1PeriphClockCmd  stm32f10x_rcc.o
    0x080029d8   0x00000018   Code   RO          976    i.RCC_APB2PeriphClockCmd  stm32f10x_rcc.o
    0x080029f0   0x000000d0   Code   RO          984    i.RCC_GetClocksFreq  stm32f10x_rcc.o
    0x08002ac0   0x00000030   Code   RO          985    i.RCC_GetFlagStatus  stm32f10x_rcc.o
    0x08002af0   0x0000000c   Code   RO          996    i.RCC_MCOConfig     stm32f10x_rcc.o
    0x08002afc   0x0000000c   Code   RO         1002    i.RCC_PLL3Cmd       stm32f10x_rcc.o
    0x08002b08   0x00000014   Code   RO         1003    i.RCC_PLL3Config    stm32f10x_rcc.o
    0x08002b1c   0x00000002   Code   RO          129    i.SVC_Handler       stm32f10x_it.o
    0x08002b1e   0x00000002   PAD
    0x08002b20   0x000000b8   Code   RO         4276    i.SetSysClockTo72   system_stm32f10x.o
    0x08002bd8   0x00000024   Code   RO          130    i.SysTick_Handler   stm32f10x_it.o
    0x08002bfc   0x0000005c   Code   RO         4278    i.SystemInit        system_stm32f10x.o
    0x08002c58   0x00000064   Code   RO         5800    i.TBC_DLL_init      ethbcp.o
    0x08002cbc   0x00000014   Code   RO         7129    i.TBC_init          tbc.o
    0x08002cd0   0x00000046   Code   RO         7131    i.TBC_send_cmd_to_tbim  tbc.o
    0x08002d16   0x0000004c   Code   RO         7132    i.TBC_send_noArguCmd_to_tbim  tbc.o
    0x08002d62   0x0000001c   Code   RO         7136    i.TBC_send_upcomputer_cmd  tbc.o
    0x08002d7e   0x0000002a   Code   RO         7137    i.TBIM_recongnition  tbc.o
    0x08002da8   0x0000003c   Code   RO          200    i.TIM5_IRQHandler   uctsk_ssnp_tbc.o
    0x08002de4   0x00000006   Code   RO         2900    i.TIM_ClearITPendingBit  stm32f10x_tim.o
    0x08002dea   0x00000014   Code   RO         2905    i.TIM_Cmd           stm32f10x_tim.o
    0x08002dfe   0x00000004   Code   RO         2924    i.TIM_GetCounter    stm32f10x_tim.o
    0x08002e02   0x00000018   Code   RO         2926    i.TIM_GetITStatus   stm32f10x_tim.o
    0x08002e1a   0x00000010   Code   RO         2930    i.TIM_ITConfig      stm32f10x_tim.o
    0x08002e2a   0x00000002   PAD
    0x08002e2c   0x0000009c   Code   RO         2976    i.TIM_TimeBaseInit  stm32f10x_tim.o
    0x08002ec8   0x00000002   Code   RO          131    i.USART1_IRQHandler  stm32f10x_it.o
    0x08002eca   0x00000002   PAD
    0x08002ecc   0x000000e0   Code   RO         6945    i.USART2_IRQHandler  ssnp_for_app.o
    0x08002fac   0x00000006   Code   RO         3424    i.USART_ClearFlag   stm32f10x_usart.o
    0x08002fb2   0x0000000c   Code   RO         3425    i.USART_ClearITPendingBit  stm32f10x_usart.o
    0x08002fbe   0x00000014   Code   RO         3428    i.USART_Cmd         stm32f10x_usart.o
    0x08002fd2   0x00000002   PAD
    0x08002fd4   0x000000a0   Code   RO         6946    i.USART_Configuration  ssnp_for_app.o
    0x08003074   0x0000000e   Code   RO         3431    i.USART_GetFlagStatus  stm32f10x_usart.o
    0x08003082   0x0000003e   Code   RO         3432    i.USART_GetITStatus  stm32f10x_usart.o
    0x080030c0   0x00000030   Code   RO         3434    i.USART_ITConfig    stm32f10x_usart.o
    0x080030f0   0x000000b4   Code   RO         3435    i.USART_Init        stm32f10x_usart.o
    0x080031a4   0x00000008   Code   RO         3442    i.USART_ReceiveData  stm32f10x_usart.o
    0x080031ac   0x00000008   Code   RO         3445    i.USART_SendData    stm32f10x_usart.o
    0x080031b4   0x00000002   Code   RO          132    i.UsageFault_Handler  stm32f10x_it.o
    0x080031b6   0x00000002   PAD
    0x080031b8   0x00000020   Code   RO         7677    i.__0printf         mc_w.l(printfa.o)
    0x080031d8   0x0000000e   Code   RO         7742    i.__scatterload_copy  mc_w.l(handlers.o)
    0x080031e6   0x00000002   Code   RO         7743    i.__scatterload_null  mc_w.l(handlers.o)
    0x080031e8   0x0000000e   Code   RO         7744    i.__scatterload_zeroinit  mc_w.l(handlers.o)
    0x080031f6   0x00000002   PAD
    0x080031f8   0x00000154   Code   RO         7684    i._fp_digits        mc_w.l(printfa.o)
    0x0800334c   0x000006d4   Code   RO         7685    i._printf_core      mc_w.l(printfa.o)
    0x08003a20   0x00000026   Code   RO         7686    i._printf_post_padding  mc_w.l(printfa.o)
    0x08003a46   0x0000002e   Code   RO         7687    i._printf_pre_padding  mc_w.l(printfa.o)
    0x08003a74   0x0000005c   Code   RO         7083    i.add_alias_pending  alias_state.o
    0x08003ad0   0x00000004   Code   RO         6810    i.alias_alloc_finish  timer.o
    0x08003ad4   0x00000028   Code   RO         6811    i.alias_check_timer  timer.o
    0x08003afc   0x0000007c   Code   RO         7084    i.alias_done        alias_state.o
    0x08003b78   0x00000044   Code   RO         7060    i.alloc_alias_map   alias_map.o
    0x08003bbc   0x0000012c   Code   RO          201    i.app_init          uctsk_ssnp_tbc.o
    0x08003ce8   0x00000068   Code   RO         7085    i.clear_unresponsive_alias  alias_state.o
    0x08003d50   0x00000200   Code   RO         7138    i.create_TBIM       tbc.o
    0x08003f50   0x00000040   Code   RO          323    i.deQueue           upcomputer.o
    0x08003f90   0x00000028   Code   RO         7061    i.del_alias_map     alias_map.o
    0x08003fb8   0x0000005c   Code   RO         5592    i.do_bind           api_msg.o
    0x08004014   0x0000004a   Code   RO         5593    i.do_connect        api_msg.o
    0x0800405e   0x0000001a   Code   RO         5596    i.do_get_alias_alloc_state  api_msg.o
    0x08004078   0x00000020   Code   RO         5597    i.do_newconn        api_msg.o
    0x08004098   0x000000ac   Code   RO         5598    i.do_send           api_msg.o
    0x08004144   0x0000002c   Code   RO         5688    i.dp_bind           dp.o
    0x08004170   0x0000002c   Code   RO         5689    i.dp_connect        dp.o
    0x0800419c   0x000002d8   Code   RO         5691    i.dp_input          dp.o
    0x08004474   0x00000016   Code   RO         5692    i.dp_new            dp.o
    0x0800448a   0x00000006   Code   RO         5694    i.dp_recv           dp.o
    0x08004490   0x00000038   Code   RO         5697    i.dp_sendto         dp.o
    0x080044c8   0x00000188   Code   RO         5698    i.dp_sendto_if      dp.o
    0x08004650   0x000001cc   Code   RO         5801    i.ethbcp_input      ethbcp.o
    0x0800481c   0x000000b0   Code   RO         5802    i.ethbcp_output     ethbcp.o
    0x080048cc   0x0000014c   Code   RO         6947    i.ethernet_initialize  ssnp_for_app.o
    0x08004a18   0x0000017c   Code   RO         5803    i.ethernet_input    ethbcp.o
    0x08004b94   0x00000070   Code   RO         5947    i.ethernetif_init   ethernetif.o
    0x08004c04   0x000000ac   Code   RO         5948    i.ethernetif_input  ethernetif.o
    0x08004cb0   0x00000034   Code   RO         7139    i.find_tbim         tbc.o
    0x08004ce4   0x00000024   Code   RO          202    i.fputc             uctsk_ssnp_tbc.o
    0x08004d08   0x00000082   Code   RO         7140    i.get_TBIM_meta_TEDS  tbc.o
    0x08004d8a   0x00000002   PAD
    0x08004d8c   0x00000084   Code   RO         7141    i.get_TBIM_struct   tbc.o
    0x08004e10   0x000000d0   Code   RO         7142    i.get_TBIM_tdcn_TEDS  tbc.o
    0x08004ee0   0x0000000c   Code   RO         5804    i.get_alias_alloc_state  ethbcp.o
    0x08004eec   0x0000000c   Code   RO         7086    i.get_alias_done_list  alias_state.o
    0x08004ef8   0x00000034   Code   RO         5805    i.get_done_list     ethbcp.o
    0x08004f2c   0x000000b0   Code   RO         7143    i.get_epoch         tbc.o
    0x08004fdc   0x00000028   Code   RO         5437    i.get_tbim          api_lib.o
    0x08005004   0x00000004   Code   RO         6948    i.hardware_init     ssnp_for_app.o
    0x08005008   0x00000004   Code   RO         6005    i.inet_chksum       inet_chksum.o
    0x0800500c   0x00000050   Code   RO         7365    i.initTedsTable     teds_table.o
    0x0800505c   0x00000010   Code   RO          326    i.init_queue        upcomputer.o
    0x0800506c   0x00000014   Code   RO          327    i.isQempty          upcomputer.o
    0x08005080   0x00000020   Code   RO         7087    i.is_exist_in_pending_list  alias_state.o
    0x080050a0   0x0000000c   Code   RO         5806    i.is_reflect_reply_ok  ethbcp.o
    0x080050ac   0x00000070   Code   RO         5949    i.low_level_init    ethernetif.o
    0x0800511c   0x00000040   Code   RO         5950    i.low_level_output  ethernetif.o
    0x0800515c   0x00000058   Code   RO            2    i.main              main.o
    0x080051b4   0x000000c4   Code   RO         6057    i.mem_alloc         mem.o
    0x08005278   0x00000040   Code   RO         6058    i.mem_free          mem.o
    0x080052b8   0x0000003c   Code   RO         6059    i.mem_init          mem.o
    0x080052f4   0x000000cc   Code   RO         6060    i.mem_trim          mem.o
    0x080053c0   0x00000024   Code   RO         6099    i.memp_alloc        memp.o
    0x080053e4   0x00000028   Code   RO         6100    i.memp_free         memp.o
    0x0800540c   0x00000050   Code   RO         6101    i.memp_init         memp.o
    0x0800545c   0x00000020   Code   RO         6146    i.netbuf_delete     netbuf.o
    0x0800547c   0x00000012   Code   RO         6147    i.netbuf_free       netbuf.o
    0x0800548e   0x00000032   Code   RO         6149    i.netbuf_ref        netbuf.o
    0x080054c0   0x000000ac   Code   RO         5438    i.netconn_alloc     api_lib.o
    0x0800556c   0x00000030   Code   RO         5439    i.netconn_bind      api_lib.o
    0x0800559c   0x00000030   Code   RO         5440    i.netconn_connect   api_lib.o
    0x080055cc   0x0000003c   Code   RO         5444    i.netconn_new       api_lib.o
    0x08005608   0x00000036   Code   RO         5445    i.netconn_recv      api_lib.o
    0x0800563e   0x00000002   PAD
    0x08005640   0x00000034   Code   RO         5450    i.netconn_send      api_lib.o
    0x08005674   0x00000010   Code   RO         5451    i.netconn_sendto    api_lib.o
    0x08005684   0x00000070   Code   RO         6189    i.netif_add         netif.o
    0x080056f4   0x00000002   Code   RO         6191    i.netif_init        netif.o
    0x080056f6   0x00000002   PAD
    0x080056f8   0x0000000c   Code   RO         6194    i.netif_set_default  netif.o
    0x08005704   0x00000140   Code   RO         6237    i.pbuf_alloc        pbuf.o
    0x08005844   0x00000020   Code   RO         6238    i.pbuf_cat          pbuf.o
    0x08005864   0x00000012   Code   RO         6239    i.pbuf_chain        pbuf.o
    0x08005876   0x00000052   Code   RO         6245    i.pbuf_free         pbuf.o
    0x080058c8   0x0000005c   Code   RO         6246    i.pbuf_header       pbuf.o
    0x08005924   0x00000050   Code   RO         6247    i.pbuf_realloc      pbuf.o
    0x08005974   0x0000001a   Code   RO         6248    i.pbuf_ref          pbuf.o
    0x0800598e   0x00000002   PAD
    0x08005990   0x00000074   Code   RO         5599    i.pcb_new           api_msg.o
    0x08005a04   0x00000054   Code   RO         6061    i.plug_holes        mem.o
    0x08005a58   0x00000088   Code   RO         6949    i.protocol_init     ssnp_for_app.o
    0x08005ae0   0x0000001e   Code   RO         6017    i.protocol_stack_init  init.o
    0x08005afe   0x00000002   PAD
    0x08005b00   0x000001d8   Code   RO         7366    i.readTeds          teds_table.o
    0x08005cd8   0x00000034   Code   RO         7367    i.readTedsTable     teds_table.o
    0x08005d0c   0x00000052   Code   RO         5600    i.recv_dp           api_msg.o
    0x08005d5e   0x00000002   PAD
    0x08005d60   0x000000a8   Code   RO         5601    i.recv_sdp          api_msg.o
    0x08005e08   0x00000046   Code   RO         5602    i.recv_tp           api_msg.o
    0x08005e4e   0x00000002   PAD
    0x08005e50   0x0000002c   Code   RO         7293    i.sdp_bind          sdp.o
    0x08005e7c   0x0000002c   Code   RO         7294    i.sdp_connect       sdp.o
    0x08005ea8   0x0000020c   Code   RO         7296    i.sdp_input         sdp.o
    0x080060b4   0x00000016   Code   RO         7297    i.sdp_new           sdp.o
    0x080060ca   0x00000006   Code   RO         7298    i.sdp_recv          sdp.o
    0x080060d0   0x00000038   Code   RO         7301    i.sdp_sendto        sdp.o
    0x08006108   0x00000198   Code   RO         7302    i.sdp_sendto_if     sdp.o
    0x080062a0   0x000000c0   Code   RO         5807    i.send_assign_alias_msg  ethbcp.o
    0x08006360   0x000000b8   Code   RO         5808    i.send_assign_time_slot_msg  ethbcp.o
    0x08006418   0x00000098   Code   RO         5809    i.send_begin_of_epoch_msg  ethbcp.o
    0x080064b0   0x000000a8   Code   RO         5810    i.send_define_epoch_msg  ethbcp.o
    0x08006558   0x0000000c   Code   RO         6950    i.send_discovery_msg  ssnp_for_app.o
    0x08006564   0x00000094   Code   RO         5811    i.send_reflect_msg  ethbcp.o
    0x080065f8   0x0000003a   Code   RO          330    i.send_sdp_upcomputer  upcomputer.o
    0x08006632   0x00000002   PAD
    0x08006634   0x00000030   Code   RO          331    i.send_upcomputer   upcomputer.o
    0x08006664   0x0000000c   Code   RO         5812    i.set_alias_alloc_done  ethbcp.o
    0x08006670   0x0000000c   Code   RO         5453    i.set_connection_recvmbox  api_lib.o
    0x0800667c   0x0000001c   Code   RO         5951    i.set_mac_address   ethernetif.o
    0x08006698   0x0000000c   Code   RO         5813    i.set_reflect_reply_unfinished  ethbcp.o
    0x080066a4   0x00000010   Code   RO         7145    i.set_syn_asyn_num  tbc.o
    0x080066b4   0x00000034   Code   RO         6320    i.ssnp_apimsg       ssnp.o
    0x080066e8   0x00000034   Code   RO         6321    i.ssnp_apimsg_alias_list  ssnp.o
    0x0800671c   0x00000040   Code   RO         6322    i.ssnp_init         ssnp.o
    0x0800675c   0x00000006   Code   RO         6952    i.ssnp_init_done    ssnp_for_app.o
    0x08006762   0x00000002   PAD
    0x08006764   0x000000ac   Code   RO         6323    i.ssnp_input        ssnp.o
    0x08006810   0x00000060   Code   RO         6324    i.ssnp_thread       ssnp.o
    0x08006870   0x0000006c   Code   RO         7368    i.startWork         teds_table.o
    0x080068dc   0x00000078   Code   RO         6375    i.sys_arch_mbox_fetch  sys_arch.o
    0x08006954   0x0000000c   Code   RO         6376    i.sys_arch_mbox_fetch_unblock  sys_arch.o
    0x08006960   0x00000064   Code   RO         6377    i.sys_arch_sem_wait  sys_arch.o
    0x080069c4   0x00000024   Code   RO         6378    i.sys_init          sys_arch.o
    0x080069e8   0x0000006c   Code   RO         6379    i.sys_mbox_free     sys_arch.o
    0x08006a54   0x00000050   Code   RO         6380    i.sys_mbox_new      sys_arch.o
    0x08006aa4   0x00000030   Code   RO         6381    i.sys_mbox_post     sys_arch.o
    0x08006ad4   0x0000001c   Code   RO         6382    i.sys_mbox_trypost  sys_arch.o
    0x08006af0   0x0000000c   Code   RO         6383    i.sys_sem_free      sys_arch.o
    0x08006afc   0x00000004   Code   RO         6384    i.sys_sem_new       sys_arch.o
    0x08006b00   0x00000004   Code   RO         6385    i.sys_sem_signal    sys_arch.o
    0x08006b04   0x00000070   Code   RO         6386    i.sys_thread_new    sys_arch.o
    0x08006b74   0x00000004   Code   RO         6387    i.sys_time_get      sys_arch.o
    0x08006b78   0x0000005c   Code   RO         6813    i.sys_timeout       timer.o
    0x08006bd4   0x00000010   Code   RO         6814    i.sys_timeouts_init  timer.o
    0x08006be4   0x00000060   Code   RO         6815    i.sys_timeouts_mbox_fetch  timer.o
    0x08006c44   0x00000048   Code   RO         6816    i.sys_untimeout     timer.o
    0x08006c8c   0x0000000c   Code   RO         6953    i.tbc_send_begin_of_epoch_msg  ssnp_for_app.o
    0x08006c98   0x00000010   Code   RO         6954    i.tbc_send_define_epoch_msg  ssnp_for_app.o
    0x08006ca8   0x0000000c   Code   RO         6955    i.tbc_send_reflect_msg  ssnp_for_app.o
    0x08006cb4   0x00000018   Code   RO         6956    i.tbc_send_timeslot_msg  ssnp_for_app.o
    0x08006ccc   0x00000040   Code   RO         7146    i.timeslot_alloc    tbc.o
    0x08006d0c   0x00000040   Code   RO         6872    i.tp_bind           tp.o
    0x08006d4c   0x0000002c   Code   RO         6873    i.tp_connect        tp.o
    0x08006d78   0x000001c4   Code   RO         6875    i.tp_input          tp.o
    0x08006f3c   0x00000016   Code   RO         6876    i.tp_new            tp.o
    0x08006f52   0x00000006   Code   RO         6877    i.tp_recv           tp.o
    0x08006f58   0x00000038   Code   RO         6880    i.tp_sendto         tp.o
    0x08006f90   0x000000a8   Code   RO         6881    i.tp_sendto_if      tp.o
    0x08007038   0x000002b4   Code   RO          204    i.uctsk_SSNP_TBC_new  uctsk_ssnp_tbc.o
    0x080072ec   0x00000020   Code   RO         6957    i.writeTEDS         ssnp_for_app.o
    0x0800730c   0x00000008   Code   RO         7369    i.writeTeds         teds_table.o
    0x08007314   0x00000010   Code   RO         7370    i.writeTedsEntry    teds_table.o
    0x08007324   0x00000020   Code   RO         7371    i.writeTedsTable    teds_table.o
    0x08007344   0x00000100   Data   RO         4465    .constdata          os_core.o
    0x08007444   0x00000030   Data   RO         6103    .constdata          memp.o
    0x08007474   0x00000004   Data   RO         6389    .constdata          sys_arch.o
    0x08007478   0x00000042   Data   RO         7303    .constdata          sdp.o
    0x080074ba   0x00000002   PAD
    0x080074bc   0x00000020   Data   RO         7740    Region$$Table       anon$$obj.o


    Execution Region RW_IRAM1 (Base: 0x20000000, Size: 0x0000ff58, Max: 0x00010000, ABSOLUTE)

    Base Addr    Size         Type   Attr      Idx    E Section Name        Object

    0x20000000   0x00000018   Data   RW          207    .data               uctsk_ssnp_tbc.o
    0x20000018   0x00000001   Data   RW          417    .data               i2c_fram.o
    0x20000019   0x00000014   Data   RW         1012    .data               stm32f10x_rcc.o
    0x2000002d   0x00000003   PAD
    0x20000030   0x00000010   Data   RW         3761    .data               stm32_eth.o
    0x20000040   0x00000014   Data   RW         4279    .data               system_stm32f10x.o
    0x20000054   0x00000002   Data   RW         4341    .data               os_cpu_c.o
    0x20000056   0x00000002   PAD
    0x20000058   0x0000003c   Data   RW         4466    .data               os_core.o
    0x20000094   0x00000004   Data   RW         4467    .data               os_core.o
    0x20000098   0x00000004   Data   RW         4468    .data               os_core.o
    0x2000009c   0x00000004   Data   RW         4469    .data               os_core.o
    0x200000a0   0x00000002   Data   RW         4470    .data               os_core.o
    0x200000a2   0x00000002   Data   RW         4471    .data               os_core.o
    0x200000a4   0x00000004   Data   RW         4472    .data               os_core.o
    0x200000a8   0x00000004   Data   RW         4473    .data               os_core.o
    0x200000ac   0x00000004   Data   RW         4474    .data               os_core.o
    0x200000b0   0x00000004   Data   RW         4475    .data               os_core.o
    0x200000b4   0x00000004   Data   RW         5699    .data               dp.o
    0x200000b8   0x0000000f   Data   RW         5814    .data               ethbcp.o
    0x200000c7   0x00000006   Data   RW         5953    .data               ethernetif.o
    0x200000cd   0x00000003   PAD
    0x200000d0   0x00000010   Data   RW         6063    .data               mem.o
    0x200000e0   0x0000000c   Data   RW         6195    .data               netif.o
    0x200000ec   0x0000000c   Data   RW         6327    .data               ssnp.o
    0x200000f8   0x00000004   Data   RW         6390    .data               sys_arch.o
    0x200000fc   0x00000004   Data   RW         6817    .data               timer.o
    0x20000100   0x00000004   Data   RW         6882    .data               tp.o
    0x20000104   0x0000000a   Data   RW         6959    .data               ssnp_for_app.o
    0x2000010e   0x00000006   Data   RW         7062    .data               alias_map.o
    0x20000114   0x00000008   Data   RW         7088    .data               alias_state.o
    0x2000011c   0x00000004   Data   RW         7304    .data               sdp.o
    0x20000120   0x00000004   Data   RW         7714    .data               mc_w.l(stdout.o)
    0x20000124   0x00000100   Zero   RW            3    .bss                main.o
    0x20000224   0x00000d60   Zero   RW          205    .bss                uctsk_ssnp_tbc.o
    0x20000f84   0x0000002b   Zero   RW          332    .bss                upcomputer.o
    0x20000faf   0x00000001   PAD
    0x20000fb0   0x00000bf0   Zero   RW         4458    .bss                os_core.o
    0x20001ba0   0x00000050   Zero   RW         4459    .bss                os_core.o
    0x20001bf0   0x00000078   Zero   RW         4460    .bss                os_core.o
    0x20001c68   0x00000060   Zero   RW         4461    .bss                os_core.o
    0x20001cc8   0x00000280   Zero   RW         4462    .bss                os_core.o
    0x20001f48   0x00000100   Zero   RW         4463    .bss                os_core.o
    0x20002048   0x00000040   Zero   RW         4464    .bss                os_core.o
    0x20002088   0x00002400   Zero   RW         5952    .bss                ethernetif.o
    0x20004488   0x0000281c   Zero   RW         6062    .bss                mem.o
    0x20006ca4   0x00003ccb   Zero   RW         6102    .bss                memp.o
    0x2000a96f   0x00000001   PAD
    0x2000a970   0x00002d7b   Zero   RW         6388    .bss                sys_arch.o
    0x2000d6eb   0x00000001   PAD
    0x2000d6ec   0x00000310   Zero   RW         6958    .bss                ssnp_for_app.o
    0x2000d9fc   0x00001a14   Zero   RW         7147    .bss                tbc.o
    0x2000f410   0x00000346   Zero   RW         7372    .bss                teds_table.o
    0x2000f756   0x00000002   PAD
    0x2000f758   0x00000800   Zero   RW         4305    STACK               startup_stm32f10x_cl.o


==============================================================================

Image component sizes


      Code (inc. data)   RO Data    RW Data    ZI Data      Debug   Object Name

       108         10          0          6          0       1706   alias_map.o
       364         30          0          8          0       5851   alias_state.o
       502        116          0          0          0      12127   api_lib.o
       832        126          0          0          0      11621   api_msg.o
         0          0          0          0          0         32   core_cm3.o
        42          0          0          0          0        328   cpu_a.o
      1292        570          0          4          0      11491   dp.o
      2220        962          0         15          0      16796   ethbcp.o
       628        128          0          6       9216       5959   ethernetif.o
       754         38          0          1          0       7976   i2c_fram.o
         4          0          0          0          0        514   inet_chksum.o
        30          0          0          0          0       1837   init.o
       114         20          0          0        256     324698   main.o
       608         30          0         16      10268       4519   mem.o
       156         20         48          0      15563       2753   memp.o
       112         10          0          0          0       1595   misc.o
       100          0          0          0          0       2383   netbuf.o
       126         48          0         12          0       2640   netif.o
        12          0          0          0          0       2621   os_apphooks.o
      1838        192        256         92       4312      23004   os_core.o
       164         32          0          0          0        384   os_cpu_a.o
       234         20          0          2          0      30726   os_cpu_c.o
         2          0          0          0          0        486   os_dbg.o
        76         14          0          0          0        590   os_flag.o
       320         18          0          0          0       3337   os_mem.o
       912         54          0          0          0       5863   os_q.o
       564         38          0          0          0       3481   os_sem.o
       750         64          0          0          0       5524   os_task.o
       248         34          0          0          0       2024   os_time.o
       564        134          0          0          0       3591   os_tmr.o
       650         34          0          0          0       5451   pbuf.o
      1104        394         66          4          0       8467   sdp.o
       436        124          0         12          0       4224   ssnp.o
      1182        126          0         10        784       9576   ssnp_for_app.o
        36          8        336          0       2048        896   startup_stm32f10x_cl.o
      1290        140          0         16          0      13977   stm32_eth.o
       272         12          0          0          0       4366   stm32f10x_gpio.o
        52          6          0          0          0       3753   stm32f10x_it.o
       396         66          0         20          0       8881   stm32f10x_rcc.o
       226         42          0          0          0       5122   stm32f10x_tim.o
       358          4          0          0          0       7601   stm32f10x_usart.o
       668         92          4          4      11643       9193   sys_arch.o
       276         34          0         20          0       1785   system_stm32f10x.o
      1536        434          0          0       6676      14068   tbc.o
       768        260          0          0        838       7185   teds_table.o
       320         24          0          4          0       4248   timer.o
       812        302          0          4          0       7188   tp.o
      1108        560          0         24       3424      13012   uctsk_ssnp_tbc.o
       206         20          0          0         43       5784   upcomputer.o

    ----------------------------------------------------------------------
     25418       5390        744        288      65076     631234   Object Totals
         0          0         32          0          0          0   (incl. Generated)
        46          0          2          8          5          2   (incl. Padding)

    ----------------------------------------------------------------------

      Code (inc. data)   RO Data    RW Data    ZI Data      Debug   Library Member Name

         0          0          0          0          0          0   entry.o
         8          4          0          0          0          0   entry2.o
         4          0          0          0          0          0   entry5.o
         8          4          0          0          0          0   entry7.o
        30          0          0          0          0          0   handlers.o
        36          8          0          0          0         68   init.o
         0          0          0          0          0          0   iusefp.o
        30          0          0          0          0         68   llshl.o
        36          0          0          0          0         68   llsshr.o
        32          0          0          0          0         68   llushr.o
        36          0          0          0          0         68   memcpya.o
        38          0          0          0          0        108   memseta.o
      2204         92          0          0          0        460   printfa.o
         0          0          0          4          0          0   stdout.o
        44          0          0          0          0         80   uidiv.o
       102          0          0          0          0         92   uldiv.o
        40          2          0          0          0         68   cdrcmple.o
       330          0          0          0          0        148   dadd.o
       222          0          0          0          0        100   ddiv.o
       194          0          0          0          0        184   depilogue.o
        48          0          0          0          0         68   dfixul.o
       226          0          0          0          0         96   dmul.o
        44          0          0          0          0         68   f2d.o
        40          0          0          0          0         68   ffixui.o

    ----------------------------------------------------------------------
      3754        110          0          4          0       1880   Library Totals
         2          0          0          0          0          0   (incl. Padding)

    ----------------------------------------------------------------------

      Code (inc. data)   RO Data    RW Data    ZI Data      Debug   Library Name

      2608        108          0          4          0       1080   mc_w.l
      1144          2          0          0          0        800   mf_w.l

    ----------------------------------------------------------------------
      3754        110          0          4          0       1880   Library Totals

    ----------------------------------------------------------------------

==============================================================================


      Code (inc. data)   RO Data    RW Data    ZI Data      Debug   

     29172       5500        744        292      65076     616476   Grand Totals
     29172       5500        744        292      65076     616476   ELF Image Totals
     29172       5500        744        292          0          0   ROM Totals

==============================================================================

    Total RO  Size (Code + RO Data)                29916 (  29.21kB)
    Total RW  Size (RW Data + ZI Data)             65368 (  63.84kB)
    Total ROM Size (Code + RO Data + RW Data)      30208 (  29.50kB)

==============================================================================

