ARM Linker, 4.1 [Build 567] [Standard]

==============================================================================

Section Cross References

    main.o(i.App_TaskCreate) refers to uctsk_ssnp_tbc.o(i.App_SSNPTaskCreate) for App_SSNPTaskCreate
    main.o(i.App_TaskStart) refers to os_cpu_c.o(i.OS_CPU_SysTickInit) for OS_CPU_SysTickInit
    main.o(i.App_TaskStart) refers to os_core.o(i.OSStatInit) for OSStatInit
    main.o(i.App_TaskStart) refers to main.o(i.App_TaskCreate) for App_TaskCreate
    main.o(i.App_TaskStart) refers to os_time.o(i.OSTimeDlyHMSM) for OSTimeDlyHMSM
    main.o(i.main) refers to cpu_a.o(.text) for CPU_IntDis
    main.o(i.main) refers to os_core.o(i.OSInit) for OSInit
    main.o(i.main) refers to os_task.o(i.OSTaskCreateExt) for OSTaskCreateExt
    main.o(i.main) refers to os_task.o(i.OSTaskNameSet) for OSTaskNameSet
    main.o(i.main) refers to os_core.o(i.OSStart) for OSStart
    main.o(i.main) refers to main.o(.bss) for App_TaskStartStk
    main.o(i.main) refers to main.o(i.App_TaskStart) for App_TaskStart
    stm32f10x_it.o(i.SysTick_Handler) refers to os_cpu_a.o(.text) for OS_CPU_SR_Save
    stm32f10x_it.o(i.SysTick_Handler) refers to os_core.o(i.OSTimeTick) for OSTimeTick
    stm32f10x_it.o(i.SysTick_Handler) refers to os_core.o(i.OSIntExit) for OSIntExit
    stm32f10x_it.o(i.SysTick_Handler) refers to os_core.o(.data) for OSIntNesting
    uctsk_ssnp_tbc.o(i.App_SSNPTaskCreate) refers to os_task.o(i.OSTaskCreate) for OSTaskCreate
    uctsk_ssnp_tbc.o(i.App_SSNPTaskCreate) refers to uctsk_ssnp_tbc.o(.bss) for AppSSNPTaskStk
    uctsk_ssnp_tbc.o(i.App_SSNPTaskCreate) refers to uctsk_ssnp_tbc.o(i.uctsk_SSNP_TBC_new) for uctsk_SSNP_TBC_new
    uctsk_ssnp_tbc.o(i.Delay) refers to os_time.o(i.OSTimeDly) for OSTimeDly
    uctsk_ssnp_tbc.o(i.NVIC_Configuration_TIM5) refers to misc.o(i.NVIC_PriorityGroupConfig) for NVIC_PriorityGroupConfig
    uctsk_ssnp_tbc.o(i.NVIC_Configuration_TIM5) refers to misc.o(i.NVIC_Init) for NVIC_Init
    uctsk_ssnp_tbc.o(i.TIM5_IRQHandler) refers to stm32f10x_tim.o(i.TIM_GetITStatus) for TIM_GetITStatus
    uctsk_ssnp_tbc.o(i.TIM5_IRQHandler) refers to stm32f10x_tim.o(i.TIM_ClearITPendingBit) for TIM_ClearITPendingBit
    uctsk_ssnp_tbc.o(i.TIM5_IRQHandler) refers to tbc.o(.bss) for tbc
    uctsk_ssnp_tbc.o(i.TIM5_Init) refers to stm32f10x_rcc.o(i.RCC_APB1PeriphClockCmd) for RCC_APB1PeriphClockCmd
    uctsk_ssnp_tbc.o(i.TIM5_Init) refers to stm32f10x_tim.o(i.TIM_TimeBaseInit) for TIM_TimeBaseInit
    uctsk_ssnp_tbc.o(i.TIM5_Init) refers to stm32f10x_tim.o(i.TIM_ITConfig) for TIM_ITConfig
    uctsk_ssnp_tbc.o(i.TIM5_Init) refers to stm32f10x_tim.o(i.TIM_Cmd) for TIM_Cmd
    uctsk_ssnp_tbc.o(i.TIM5_delay_us) refers to stm32f10x_tim.o(i.TIM_SetCounter) for TIM_SetCounter
    uctsk_ssnp_tbc.o(i.TIM5_delay_us) refers to stm32f10x_tim.o(i.TIM_GetCounter) for TIM_GetCounter
    uctsk_ssnp_tbc.o(i.app_init) refers to sys_arch.o(i.sys_mbox_new) for sys_mbox_new
    uctsk_ssnp_tbc.o(i.app_init) refers to printfa.o(i.__0printf) for __2printf
    uctsk_ssnp_tbc.o(i.app_init) refers to uctsk_ssnp_tbc.o(i.TIM5_Init) for TIM5_Init
    uctsk_ssnp_tbc.o(i.app_init) refers to tbc.o(i.TBC_init) for TBC_init
    uctsk_ssnp_tbc.o(i.app_init) refers to upcomputer.o(i.init_queue) for init_queue
    uctsk_ssnp_tbc.o(i.app_init) refers to uctsk_ssnp_tbc.o(.data) for streaming_data_recv_mbox
    uctsk_ssnp_tbc.o(i.average_time) refers to printfa.o(i.__0printf) for __2printf
    uctsk_ssnp_tbc.o(i.avertime_new) refers to dflti.o(.text) for __aeabi_i2d
    uctsk_ssnp_tbc.o(i.avertime_new) refers to sqrt.o(i.sqrt) for sqrt
    uctsk_ssnp_tbc.o(i.avertime_new) refers to printfa.o(i.__0printf) for __2printf
    uctsk_ssnp_tbc.o(i.avertime_new) refers to uctsk_ssnp_tbc.o(.constdata) for .constdata
    uctsk_ssnp_tbc.o(i.fputc) refers to stm32f10x_usart.o(i.USART_SendData) for USART_SendData
    uctsk_ssnp_tbc.o(i.fputc) refers to stm32f10x_usart.o(i.USART_GetFlagStatus) for USART_GetFlagStatus
    uctsk_ssnp_tbc.o(i.send_cmd) refers to tbc.o(i.TBC_send_noArgucmd) for TBC_send_noArgucmd
    uctsk_ssnp_tbc.o(i.send_cmd) refers to printfa.o(i.__0printf) for __2printf
    uctsk_ssnp_tbc.o(i.test) refers to printfa.o(i.__0printf) for __2printf
    uctsk_ssnp_tbc.o(i.test_analysis) refers to printfa.o(i.__0printf) for __2printf
    uctsk_ssnp_tbc.o(i.uctsk_SSNP_TBC_new) refers to ssnp_for_app.o(i.hardware_init) for hardware_init
    uctsk_ssnp_tbc.o(i.uctsk_SSNP_TBC_new) refers to ssnp_for_app.o(i.protocol_init) for protocol_init
    uctsk_ssnp_tbc.o(i.uctsk_SSNP_TBC_new) refers to printfa.o(i.__0printf) for __2printf
    uctsk_ssnp_tbc.o(i.uctsk_SSNP_TBC_new) refers to uctsk_ssnp_tbc.o(i.app_init) for app_init
    uctsk_ssnp_tbc.o(i.uctsk_SSNP_TBC_new) refers to ssnp_for_app.o(i.send_discovery_msg) for send_discovery_msg
    uctsk_ssnp_tbc.o(i.uctsk_SSNP_TBC_new) refers to uctsk_ssnp_tbc.o(i.Delay) for Delay
[...]
    EXTI3_IRQHandler                         0x0800017f   Thumb Code     0  startup_stm32f10x_cl.o(.text)
    EXTI4_IRQHandler                         0x0800017f   Thumb Code     0  startup_stm32f10x_cl.o(.text)
    EXTI9_5_IRQHandler                       0x0800017f   Thumb Code     0  startup_stm32f10x_cl.o(.text)
    FLASH_IRQHandler                         0x0800017f   Thumb Code     0  startup_stm32f10x_cl.o(.text)
    I2C1_ER_IRQHandler                       0x0800017f   Thumb Code     0  startup_stm32f10x_cl.o(.text)
    I2C1_EV_IRQHandler                       0x0800017f   Thumb Code     0  startup_stm32f10x_cl.o(.text)
    I2C2_ER_IRQHandler                       0x0800017f   Thumb Code     0  startup_stm32f10x_cl.o(.text)
    I2C2_EV_IRQHandler                       0x0800017f   Thumb Code     0  startup_stm32f10x_cl.o(.text)
    OTG_FS_IRQHandler                        0x0800017f   Thumb Code     0  startup_stm32f10x_cl.o(.text)
    OTG_FS_WKUP_IRQHandler                   0x0800017f   Thumb Code     0  startup_stm32f10x_cl.o(.text)
    PVD_IRQHandler                           0x0800017f   Thumb Code     0  startup_stm32f10x_cl.o(.text)
    RCC_IRQHandler                           0x0800017f   Thumb Code     0  startup_stm32f10x_cl.o(.text)
    RTCAlarm_IRQHandler                      0x0800017f   Thumb Code     0  startup_stm32f10x_cl.o(.text)
    RTC_IRQHandler                           0x0800017f   Thumb Code     0  startup_stm32f10x_cl.o(.text)
    SPI1_IRQHandler                          0x0800017f   Thumb Code     0  startup_stm32f10x_cl.o(.text)
    SPI2_IRQHandler                          0x0800017f   Thumb Code     0  startup_stm32f10x_cl.o(.text)
    SPI3_IRQHandler                          0x0800017f   Thumb Code     0  startup_stm32f10x_cl.o(.text)
    TAMPER_IRQHandler                        0x0800017f   Thumb Code     0  startup_stm32f10x_cl.o(.text)
    TIM1_BRK_IRQHandler                      0x0800017f   Thumb Code     0  startup_stm32f10x_cl.o(.text)
    TIM1_CC_IRQHandler                       0x0800017f   Thumb Code     0  startup_stm32f10x_cl.o(.text)
    TIM1_TRG_COM_IRQHandler                  0x0800017f   Thumb Code     0  startup_stm32f10x_cl.o(.text)
    TIM1_UP_IRQHandler                       0x0800017f   Thumb Code     0  startup_stm32f10x_cl.o(.text)
    TIM2_IRQHandler                          0x0800017f   Thumb Code     0  startup_stm32f10x_cl.o(.text)
    TIM3_IRQHandler                          0x0800017f   Thumb Code     0  startup_stm32f10x_cl.o(.text)
    TIM4_IRQHandler                          0x0800017f   Thumb Code     0  startup_stm32f10x_cl.o(.text)
    TIM6_IRQHandler                          0x0800017f   Thumb Code     0  startup_stm32f10x_cl.o(.text)
    TIM7_IRQHandler                          0x0800017f   Thumb Code     0  startup_stm32f10x_cl.o(.text)
    UART4_IRQHandler                         0x0800017f   Thumb Code     0  startup_stm32f10x_cl.o(.text)
    UART5_IRQHandler                         0x0800017f   Thumb Code     0  startup_stm32f10x_cl.o(.text)
    USART3_IRQHandler                        0x0800017f   Thumb Code     0  startup_stm32f10x_cl.o(.text)
    WWDG_IRQHandler                          0x0800017f   Thumb Code     0  startup_stm32f10x_cl.o(.text)
    OS_CPU_SR_Save                           0x08000189   Thumb Code     0  os_cpu_a.o(.text)
    OS_CPU_SR_Restore                        0x08000191   Thumb Code     0  os_cpu_a.o(.text)
    OSStartHighRdy                           0x08000197   Thumb Code     0  os_cpu_a.o(.text)
    OSCtxSw                                  0x080001b7   Thumb Code     0  os_cpu_a.o(.text)
    OSIntCtxSw                               0x080001c1   Thumb Code     0  os_cpu_a.o(.text)
    PendSV_Handler                           0x080001cb   Thumb Code     0  os_cpu_a.o(.text)
    CPU_IntDis                               0x0800022d   Thumb Code     0  cpu_a.o(.text)
    CPU_IntEn                                0x08000231   Thumb Code     0  cpu_a.o(.text)
    CPU_SR_Save                              0x08000235   Thumb Code     0  cpu_a.o(.text)
    CPU_SR_Restore                           0x0800023d   Thumb Code     0  cpu_a.o(.text)
    CPU_CntLeadZeros                         0x08000243   Thumb Code     0  cpu_a.o(.text)
    CPU_RevBits                              0x08000249   Thumb Code     0  cpu_a.o(.text)
    CPU_WaitForInt                           0x0800024f   Thumb Code     0  cpu_a.o(.text)
    CPU_WaitForExcept                        0x08000253   Thumb Code     0  cpu_a.o(.text)
    __aeabi_memcpy                           0x08000257   Thumb Code    36  memcpya.o(.text)
    __aeabi_memcpy4                          0x08000257   Thumb Code     0  memcpya.o(.text)
    __aeabi_memcpy8                          0x08000257   Thumb Code     0  memcpya.o(.text)
    __aeabi_memset                           0x0800027b   Thumb Code    14  memseta.o(.text)
    __aeabi_memset4                          0x0800027b   Thumb Code     0  memseta.o(.text)
    __aeabi_memset8                          0x0800027b   Thumb Code     0  memseta.o(.text)
    __aeabi_memclr                           0x08000289   Thumb Code     4  memseta.o(.text)
    __aeabi_memclr4                          0x08000289   Thumb Code     0  memseta.o(.text)
    __aeabi_memclr8                          0x08000289   Thumb Code     0  memseta.o(.text)
    _memset$wrapper                          0x0800028d   Thumb Code    20  memseta.o(.text)
    __aeabi_uidiv                            0x080002a1   Thumb Code     0  uidiv.o(.text)
    __aeabi_uidivmod                         0x080002a1   Thumb Code    44  uidiv.o(.text)
    __aeabi_uldivmod                         0x080002cd   Thumb Code   102  uldiv.o(.text)
    __I$use$fp                               0x08000333   Thumb Code     0  iusefp.o(.text)
    _double_round                            0x08000333   Thumb Code    26  depilogue.o(.text)
    _double_epilogue                         0x0800034d   Thumb Code   168  depilogue.o(.text)
    __aeabi_dadd                             0x080003f5   Thumb Code   318  dadd.o(.text)
    __aeabi_dsub                             0x08000533   Thumb Code     6  dadd.o(.text)
    __aeabi_drsub                            0x08000539   Thumb Code     6  dadd.o(.text)
    __aeabi_dmul                             0x0800053f   Thumb Code   226  dmul.o(.text)
    __aeabi_ddiv                             0x08000621   Thumb Code   222  ddiv.o(.text)
    __aeabi_d2ulz                            0x080006ff   Thumb Code    48  dfixul.o(.text)
    __aeabi_cdrcmple                         0x08000731   Thumb Code    38  cdrcmple.o(.text)
    __scatterload                            0x08000759   Thumb Code    28  init.o(.text)
    __scatterload_rt2                        0x08000759   Thumb Code     0  init.o(.text)
    __aeabi_llsl                             0x0800077d   Thumb Code    30  llshl.o(.text)
    _ll_shift_l                              0x0800077d   Thumb Code     0  llshl.o(.text)
    __aeabi_llsr                             0x0800079b   Thumb Code    32  llushr.o(.text)
    _ll_ushift_r                             0x0800079b   Thumb Code     0  llushr.o(.text)
    __aeabi_lasr                             0x080007bb   Thumb Code    36  llsshr.o(.text)
    _ll_sshift_r                             0x080007bb   Thumb Code     0  llsshr.o(.text)
    __decompress                             0x080007df   Thumb Code     0  __dczerorl2.o(.text)
    __decompress1                            0x080007df   Thumb Code    92  __dczerorl2.o(.text)
    App_SSNPTaskCreate                       0x0800083d   Thumb Code    20  uctsk_ssnp_tbc.o(i.App_SSNPTaskCreate)
    App_TCBInitHook                          0x08000859   Thumb Code     2  os_apphooks.o(i.App_TCBInitHook)
    App_TaskCreateHook                       0x08000863   Thumb Code     2  os_apphooks.o(i.App_TaskCreateHook)
    App_TaskIdleHook                         0x08000865   Thumb Code     2  os_apphooks.o(i.App_TaskIdleHook)
    App_TaskStatHook                         0x08000883   Thumb Code     2  os_apphooks.o(i.App_TaskStatHook)
    App_TaskSwHook                           0x08000885   Thumb Code     2  os_apphooks.o(i.App_TaskSwHook)
    App_TimeTickHook                         0x08000887   Thumb Code     2  os_apphooks.o(i.App_TimeTickHook)
    BusFault_Handler                         0x08000889   Thumb Code     4  stm32f10x_it.o(i.BusFault_Handler)
    DebugMon_Handler                         0x0800088d   Thumb Code     2  stm32f10x_it.o(i.DebugMon_Handler)
    ETH_DMAClearITPendingBit                 0x080008b5   Thumb Code     6  stm32_eth.o(i.ETH_DMAClearITPendingBit)
    ETH_DMAITConfig                          0x080008c1   Thumb Code    26  stm32_eth.o(i.ETH_DMAITConfig)
    ETH_DMAReceptionCmd                      0x080008e1   Thumb Code    30  stm32_eth.o(i.ETH_DMAReceptionCmd)
    ETH_DMARxDescChainInit                   0x08000905   Thumb Code    76  stm32_eth.o(i.ETH_DMARxDescChainInit)
    ETH_DMARxDescReceiveITConfig             0x08000959   Thumb Code    22  stm32_eth.o(i.ETH_DMARxDescReceiveITConfig)
    ETH_DMATransmissionCmd                   0x08000971   Thumb Code    30  stm32_eth.o(i.ETH_DMATransmissionCmd)
    ETH_DMATxDescChainInit                   0x08000995   Thumb Code    70  stm32_eth.o(i.ETH_DMATxDescChainInit)
    ETH_DeInit                               0x080009e5   Thumb Code    22  stm32_eth.o(i.ETH_DeInit)
    ETH_FlushTransmitFIFO                    0x08000a09   Thumb Code    14  stm32_eth.o(i.ETH_FlushTransmitFIFO)
    ETH_GetCurrentTxBuffer                   0x08000a1d   Thumb Code     8  ethernetif.o(i.ETH_GetCurrentTxBuffer)
    ETH_GetDMARxDescFrameLength              0x08000a29   Thumb Code    10  stm32_eth.o(i.ETH_GetDMARxDescFrameLength)
    ETH_GetRxPktSize                         0x08000a35   Thumb Code    66  stm32_eth.o(i.ETH_GetRxPktSize)
    ETH_GetSoftwareResetStatus               0x08000a7d   Thumb Code    20  stm32_eth.o(i.ETH_GetSoftwareResetStatus)
    ETH_IRQHandler                           0x08000a95   Thumb Code    60  ssnp_for_app.o(i.ETH_IRQHandler)
    ETH_Init                                 0x08000ad9   Thumb Code   552  stm32_eth.o(i.ETH_Init)
    ETH_MACAddressConfig                     0x08000d25   Thumb Code    46  stm32_eth.o(i.ETH_MACAddressConfig)
    ETH_MACReceptionCmd                      0x08000d59   Thumb Code    30  stm32_eth.o(i.ETH_MACReceptionCmd)
    ETH_MACTransmissionCmd                   0x08000d7d   Thumb Code    30  stm32_eth.o(i.ETH_MACTransmissionCmd)
    ETH_ReadPHYRegister                      0x08000da1   Thumb Code    88  stm32_eth.o(i.ETH_ReadPHYRegister)
    ETH_RxPkt_ChainMode                      0x08000e01   Thumb Code   148  ethernetif.o(i.ETH_RxPkt_ChainMode)
    ETH_SoftwareReset                        0x08000e9d   Thumb Code    14  stm32_eth.o(i.ETH_SoftwareReset)
    ETH_Start                                0x08000eb1   Thumb Code    32  stm32_eth.o(i.ETH_Start)
    ETH_StructInit                           0x08000ed1   Thumb Code   164  stm32_eth.o(i.ETH_StructInit)
    ETH_TxPkt_ChainMode                      0x08000f75   Thumb Code    94  ethernetif.o(i.ETH_TxPkt_ChainMode)
    ETH_WritePHYRegister                     0x08000fdd   Thumb Code    88  stm32_eth.o(i.ETH_WritePHYRegister)
    GPIO_ETH_MediaInterfaceConfig            0x080010dd   Thumb Code     6  stm32f10x_gpio.o(i.GPIO_ETH_MediaInterfaceConfig)
    GPIO_Init                                0x080010e9   Thumb Code   274  stm32f10x_gpio.o(i.GPIO_Init)
    GPIO_PinRemapConfig                      0x080011fd   Thumb Code   138  stm32f10x_gpio.o(i.GPIO_PinRemapConfig)
    HardFault_Handler                        0x0800128d   Thumb Code     4  stm32f10x_it.o(i.HardFault_Handler)
    I2C_Ack                                  0x08001291   Thumb Code    48  i2c_fram.o(i.I2C_Ack)
    I2C_BufferWrite                          0x080012cd   Thumb Code   298  i2c_fram.o(i.I2C_BufferWrite)
    I2C_FRAM_BufferRead                      0x080013f9   Thumb Code   164  i2c_fram.o(i.I2C_FRAM_BufferRead)
    I2C_Fram_PageWrite                       0x080014a1   Thumb Code    84  i2c_fram.o(i.I2C_Fram_PageWrite)
    I2C_NoAck                                0x080014f5   Thumb Code    48  i2c_fram.o(i.I2C_NoAck)
    I2C_ReceiveByte                          0x08001531   Thumb Code    74  i2c_fram.o(i.I2C_ReceiveByte)
    I2C_SendByte                             0x0800158d   Thumb Code    74  i2c_fram.o(i.I2C_SendByte)
    I2C_Start                                0x080015e1   Thumb Code    84  i2c_fram.o(i.I2C_Start)
    I2C_Stop                                 0x08001645   Thumb Code    48  i2c_fram.o(i.I2C_Stop)
    I2C_WaitAck                              0x08001681   Thumb Code    70  i2c_fram.o(i.I2C_WaitAck)
    I2C_delay                                0x080016d5   Thumb Code    30  i2c_fram.o(i.I2C_delay)
    InitiateDiscovery                        0x080016f5   Thumb Code   134  ethbcp.o(i.InitiateDiscovery)
    MemManage_Handler                        0x080017ad   Thumb Code     4  stm32f10x_it.o(i.MemManage_Handler)
    NMI_Handler                              0x080017b1   Thumb Code     2  stm32f10x_it.o(i.NMI_Handler)
    NVIC_Init                                0x08001829   Thumb Code   118  misc.o(i.NVIC_Init)
    NVIC_PriorityGroupConfig                 0x080018ad   Thumb Code    10  misc.o(i.NVIC_PriorityGroupConfig)
    OSDebugInit                              0x080018c1   Thumb Code   118  os_dbg.o(i.OSDebugInit)
    OSEventNameSet                           0x08001a1d   Thumb Code   100  os_core.o(i.OSEventNameSet)
    OSInit                                   0x08001a85   Thumb Code    56  os_core.o(i.OSInit)
    OSInitHookBegin                          0x08001abd   Thumb Code     8  os_cpu_c.o(i.OSInitHookBegin)
    OSInitHookEnd                            0x08001ac9   Thumb Code     2  os_cpu_c.o(i.OSInitHookEnd)
    OSIntExit                                0x08001acd   Thumb Code   112  os_core.o(i.OSIntExit)
    OSMemCreate                              0x08001b5d   Thumb Code   164  os_mem.o(i.OSMemCreate)
    OSMemGet                                 0x08001c05   Thumb Code    72  os_mem.o(i.OSMemGet)
    OSMemPut                                 0x08001c4d   Thumb Code    66  os_mem.o(i.OSMemPut)
    OSQAccept                                0x08001c8f   Thumb Code    98  os_q.o(i.OSQAccept)
    OSQCreate                                0x08001cf1   Thumb Code   144  os_q.o(i.OSQCreate)
    OSQDel                                   0x08001d91   Thumb Code   254  os_q.o(i.OSQDel)
    OSQFlush                                 0x08001ea1   Thumb Code    52  os_q.o(i.OSQFlush)
    OSQPend                                  0x08001ed5   Thumb Code   288  os_q.o(i.OSQPend)
    OSQPost                                  0x08002001   Thumb Code   120  os_q.o(i.OSQPost)
    OSSchedLock                              0x08002079   Thumb Code    50  os_core.o(i.OSSchedLock)
    OSSchedUnlock                            0x080020b9   Thumb Code    82  os_core.o(i.OSSchedUnlock)
    OSSemCreate                              0x08002119   Thumb Code    72  os_sem.o(i.OSSemCreate)
    OSSemDel                                 0x0800216d   Thumb Code   220  os_sem.o(i.OSSemDel)
    OSSemPend                                0x08002255   Thumb Code   236  os_sem.o(i.OSSemPend)
    OSSemPost                                0x0800234d   Thumb Code    94  os_sem.o(i.OSSemPost)
    OSStart                                  0x080023ad   Thumb Code    48  os_core.o(i.OSStart)
    OSStatInit                               0x080023f5   Thumb Code    62  os_core.o(i.OSStatInit)
    OSTCBInitHook                            0x08002441   Thumb Code    12  os_cpu_c.o(i.OSTCBInitHook)
    OSTaskCreate                             0x0800244d   Thumb Code   154  os_task.o(i.OSTaskCreate)
    OSTaskCreateExt                          0x080024f5   Thumb Code   178  os_task.o(i.OSTaskCreateExt)
    OSTaskCreateHook                         0x080025b5   Thumb Code    12  os_cpu_c.o(i.OSTaskCreateHook)
    OSTaskIdleHook                           0x080025c1   Thumb Code     8  os_cpu_c.o(i.OSTaskIdleHook)
    OSTaskNameSet                            0x080025c9   Thumb Code   120  os_task.o(i.OSTaskNameSet)
    OSTaskStatHook                           0x0800264d   Thumb Code     8  os_cpu_c.o(i.OSTaskStatHook)
    OSTaskStkChk                             0x08002655   Thumb Code   150  os_task.o(i.OSTaskStkChk)
    OSTaskStkInit                            0x080026f5   Thumb Code   154  os_cpu_c.o(i.OSTaskStkInit)
    OSTaskSuspend                            0x08002791   Thumb Code   180  os_task.o(i.OSTaskSuspend)
    OSTaskSwHook                             0x08002855   Thumb Code     8  os_cpu_c.o(i.OSTaskSwHook)
    OSTimeDly                                0x0800285d   Thumb Code   108  os_time.o(i.OSTimeDly)
    OSTimeDlyHMSM                            0x080028dd   Thumb Code   124  os_time.o(i.OSTimeDlyHMSM)
    OSTimeGet                                0x08002961   Thumb Code    24  os_time.o(i.OSTimeGet)
    OSTimeTick                               0x0800297d   Thumb Code   218  os_core.o(i.OSTimeTick)
    OSTimeTickHook                           0x08002a71   Thumb Code    34  os_cpu_c.o(i.OSTimeTickHook)
    OSTmrSignal                              0x08002a99   Thumb Code    16  os_tmr.o(i.OSTmrSignal)
    OSTmr_Init                               0x08002aad   Thumb Code   168  os_tmr.o(i.OSTmr_Init)
    OS_CPU_SysTickInit                       0x08002d21   Thumb Code    86  os_cpu_c.o(i.OS_CPU_SysTickInit)
    OS_EventTaskRdy                          0x08002d85   Thumb Code   138  os_core.o(i.OS_EventTaskRdy)
    OS_EventTaskRemove                       0x08002e21   Thumb Code    50  os_core.o(i.OS_EventTaskRemove)
    OS_EventTaskRemoveMulti                  0x08002e53   Thumb Code    80  os_core.o(i.OS_EventTaskRemoveMulti)
    OS_EventTaskWait                         0x08002ea5   Thumb Code   120  os_core.o(i.OS_EventTaskWait)
    OS_EventWaitListInit                     0x08002f29   Thumb Code    28  os_core.o(i.OS_EventWaitListInit)
    OS_FlagInit                              0x08002f45   Thumb Code    74  os_flag.o(i.OS_FlagInit)
    OS_MemClr                                0x080031b5   Thumb Code    18  os_core.o(i.OS_MemClr)
    OS_MemInit                               0x080031c9   Thumb Code    74  os_mem.o(i.OS_MemInit)
    OS_QInit                                 0x08003221   Thumb Code    72  os_q.o(i.OS_QInit)
    OS_Sched                                 0x08003271   Thumb Code    88  os_core.o(i.OS_Sched)
    OS_TCBInit                               0x08003311   Thumb Code   294  os_core.o(i.OS_TCBInit)
    OS_TaskIdle                              0x08003455   Thumb Code    34  os_core.o(i.OS_TaskIdle)
    OS_TaskStat                              0x0800347d   Thumb Code   116  os_core.o(i.OS_TaskStat)
    OS_TaskStatStkChk                        0x08003505   Thumb Code    54  os_core.o(i.OS_TaskStatStkChk)
    OS_TaskStkClr                            0x08003541   Thumb Code    26  os_task.o(i.OS_TaskStkClr)
    RCC_AHBPeriphClockCmd                    0x0800355d   Thumb Code    26  stm32f10x_rcc.o(i.RCC_AHBPeriphClockCmd)
    RCC_AHBPeriphResetCmd                    0x0800357d   Thumb Code    26  stm32f10x_rcc.o(i.RCC_AHBPeriphResetCmd)
    RCC_APB1PeriphClockCmd                   0x0800359d   Thumb Code    26  stm32f10x_rcc.o(i.RCC_APB1PeriphClockCmd)
    RCC_APB2PeriphClockCmd                   0x080035bd   Thumb Code    26  stm32f10x_rcc.o(i.RCC_APB2PeriphClockCmd)
    RCC_GetClocksFreq                        0x080035dd   Thumb Code   374  stm32f10x_rcc.o(i.RCC_GetClocksFreq)
    RCC_GetFlagStatus                        0x0800376d   Thumb Code    56  stm32f10x_rcc.o(i.RCC_GetFlagStatus)
    RCC_MCOConfig                            0x080037a9   Thumb Code     6  stm32f10x_rcc.o(i.RCC_MCOConfig)
    RCC_PLL3Cmd                              0x080037b5   Thumb Code     6  stm32f10x_rcc.o(i.RCC_PLL3Cmd)
    RCC_PLL3Config                           0x080037c1   Thumb Code    18  stm32f10x_rcc.o(i.RCC_PLL3Config)
    SVC_Handler                              0x080037d9   Thumb Code     2  stm32f10x_it.o(i.SVC_Handler)
    SysTick_Handler                          0x080038e5   Thumb Code    34  stm32f10x_it.o(i.SysTick_Handler)
    SystemInit                               0x0800390d   Thumb Code    92  system_stm32f10x.o(i.SystemInit)
    TBC_DLL_init                             0x08003979   Thumb Code    58  ethbcp.o(i.TBC_DLL_init)
    TBC_init                                 0x080039e1   Thumb Code    26  tbc.o(i.TBC_init)
    TBC_send_cmd_to_tbim                     0x08003a01   Thumb Code    36  tbc.o(i.TBC_send_cmd_to_tbim)
    TBC_send_noArguCmd_to_tbim               0x08003a25   Thumb Code    36  tbc.o(i.TBC_send_noArguCmd_to_tbim)
    TBC_send_noArgucmd                       0x08003a49   Thumb Code    34  tbc.o(i.TBC_send_noArgucmd)
    TBC_send_upcomputer_cmd                  0x08003a6b   Thumb Code    24  tbc.o(i.TBC_send_upcomputer_cmd)
    TBIM_recongnition                        0x08003a83   Thumb Code    42  tbc.o(i.TBIM_recongnition)
    TIM5_IRQHandler                          0x08003aad   Thumb Code    60  uctsk_ssnp_tbc.o(i.TIM5_IRQHandler)
    TIM_ClearITPendingBit                    0x08003b35   Thumb Code     6  stm32f10x_tim.o(i.TIM_ClearITPendingBit)
    TIM_Cmd                                  0x08003b3b   Thumb Code    24  stm32f10x_tim.o(i.TIM_Cmd)
    TIM_GetCounter                           0x08003b53   Thumb Code     6  stm32f10x_tim.o(i.TIM_GetCounter)
    TIM_GetITStatus                          0x08003b59   Thumb Code    34  stm32f10x_tim.o(i.TIM_GetITStatus)
    TIM_ITConfig                             0x08003b7b   Thumb Code    24  stm32f10x_tim.o(i.TIM_ITConfig)
    TIM_TimeBaseInit                         0x08003b95   Thumb Code   122  stm32f10x_tim.o(i.TIM_TimeBaseInit)
    USART1_IRQHandler                        0x08003c39   Thumb Code     2  stm32f10x_it.o(i.USART1_IRQHandler)
    USART2_IRQHandler                        0x08003c3d   Thumb Code   230  ssnp_for_app.o(i.USART2_IRQHandler)
    USART_ClearFlag                          0x08003de5   Thumb Code    18  stm32f10x_usart.o(i.USART_ClearFlag)
    USART_ClearITPendingBit                  0x08003df7   Thumb Code    30  stm32f10x_usart.o(i.USART_ClearITPendingBit)
    USART_Cmd                                0x08003e15   Thumb Code    24  stm32f10x_usart.o(i.USART_Cmd)
    USART_GetFlagStatus                      0x08003ecd   Thumb Code    26  stm32f10x_usart.o(i.USART_GetFlagStatus)
    USART_GetITStatus                        0x08003ee7   Thumb Code    84  stm32f10x_usart.o(i.USART_GetITStatus)
    USART_ITConfig                           0x08003f3b   Thumb Code    74  stm32f10x_usart.o(i.USART_ITConfig)
    USART_Init                               0x08003f85   Thumb Code   210  stm32f10x_usart.o(i.USART_Init)
    USART_ReceiveData                        0x0800405d   Thumb Code    10  stm32f10x_usart.o(i.USART_ReceiveData)
    USART_SendData                           0x08004067   Thumb Code     8  stm32f10x_usart.o(i.USART_SendData)
    UsageFault_Handler                       0x0800406f   Thumb Code     4  stm32f10x_it.o(i.UsageFault_Handler)
    __0printf                                0x08004075   Thumb Code    22  printfa.o(i.__0printf)
    __1printf                                0x08004075   Thumb Code     0  printfa.o(i.__0printf)
    __2printf                                0x08004075   Thumb Code     0  printfa.o(i.__0printf)
    __c89printf                              0x08004075   Thumb Code     0  printfa.o(i.__0printf)
    printf                                   0x08004075   Thumb Code     0  printfa.o(i.__0printf)
    __scatterload_copy                       0x08004095   Thumb Code    14  handlers.o(i.__scatterload_copy)
    __scatterload_null                       0x080040a3   Thumb Code     2  handlers.o(i.__scatterload_null)
    __scatterload_zeroinit                   0x080040a5   Thumb Code    14  handlers.o(i.__scatterload_zeroinit)
    add_alias_pending                        0x08004931   Thumb Code    82  alias_state.o(i.add_alias_pending)
    alias_check_timer                        0x08004a85   Thumb Code    30  timer.o(i.alias_check_timer)
    alias_done                               0x08004aa9   Thumb Code   190  alias_state.o(i.alias_done)
    alloc_alias_map                          0x08004b71   Thumb Code    70  alias_map.o(i.alloc_alias_map)
    clear_unresponsive_alias                 0x08004cc9   Thumb Code    68  alias_state.o(i.clear_unresponsive_alias)
    deQueue                                  0x08004f5d   Thumb Code    86  upcomputer.o(i.deQueue)
    del_alias_map                            0x08004fb9   Thumb Code    40  alias_map.o(i.del_alias_map)
    do_bind                                  0x08005045   Thumb Code   114  api_msg.o(i.do_bind)
    do_connect                               0x080050b7   Thumb Code   100  api_msg.o(i.do_connect)
    do_get_alias_alloc_state                 0x0800511b   Thumb Code    24  api_msg.o(i.do_get_alias_alloc_state)
    do_newconn                               0x08005133   Thumb Code    30  api_msg.o(i.do_newconn)
    do_send                                  0x08005151   Thumb Code   164  api_msg.o(i.do_send)
    dp_bind                                  0x08005215   Thumb Code    50  dp.o(i.dp_bind)
    dp_connect                               0x0800524d   Thumb Code    52  dp.o(i.dp_connect)
    dp_input                                 0x08005285   Thumb Code   538  dp.o(i.dp_input)
    dp_new                                   0x08005669   Thumb Code    24  dp.o(i.dp_new)
    dp_recv                                  0x08005681   Thumb Code     6  dp.o(i.dp_recv)
    dp_sendto                                0x08005687   Thumb Code    46  dp.o(i.dp_sendto)
    dp_sendto_if                             0x080056b5   Thumb Code   352  dp.o(i.dp_sendto_if)
    ethbcp_output                            0x08005ad1   Thumb Code   140  ethbcp.o(i.ethbcp_output)
    ethernet_input                           0x08005cbd   Thumb Code   222  ethbcp.o(i.ethernet_input)
    ethernetif_init                          0x08005e79   Thumb Code    70  ethernetif.o(i.ethernetif_init)
    ethernetif_input                         0x08005ef1   Thumb Code    66  ethernetif.o(i.ethernetif_input)
    find_tbim                                0x08005f79   Thumb Code    52  tbc.o(i.find_tbim)
    fputc                                    0x08005fb1   Thumb Code    32  uctsk_ssnp_tbc.o(i.fputc)
    get_alias_alloc_state                    0x08006241   Thumb Code     6  ethbcp.o(i.get_alias_alloc_state)
    get_alias_done_list                      0x0800624d   Thumb Code     6  alias_state.o(i.get_alias_done_list)
    get_done_list                            0x08006259   Thumb Code    20  ethbcp.o(i.get_done_list)
    get_epoch                                0x0800628d   Thumb Code   218  tbc.o(i.get_epoch)
    get_tbim                                 0x080063ad   Thumb Code    38  api_lib.o(i.get_tbim)
    hardware_init                            0x080063d9   Thumb Code     8  ssnp_for_app.o(i.hardware_init)
    inet_chksum                              0x080063e1   Thumb Code     6  inet_chksum.o(i.inet_chksum)
    init_queue                               0x080063e9   Thumb Code    12  upcomputer.o(i.init_queue)
    isQempty                                 0x08006489   Thumb Code    16  upcomputer.o(i.isQempty)
    is_exist_in_pending_list                 0x0800649d   Thumb Code    26  alias_state.o(i.is_exist_in_pending_list)
    is_reflect_reply_ok                      0x080064b9   Thumb Code     6  ethbcp.o(i.is_reflect_reply_ok)
    main                                     0x08006615   Thumb Code    72  main.o(i.main)
    mem_alloc                                0x08006671   Thumb Code   246  mem.o(i.mem_alloc)
    mem_free                                 0x08006779   Thumb Code    74  mem.o(i.mem_free)
    mem_init                                 0x080067d5   Thumb Code    82  mem.o(i.mem_init)
    mem_trim                                 0x0800683d   Thumb Code   252  mem.o(i.mem_trim)
    memp_alloc                               0x08006949   Thumb Code    38  memp.o(i.memp_alloc)
    memp_free                                0x08006975   Thumb Code    46  memp.o(i.memp_free)
    memp_init                                0x080069a9   Thumb Code    70  memp.o(i.memp_init)
    netbuf_delete                            0x08006a43   Thumb Code    30  netbuf.o(i.netbuf_delete)
    netbuf_free                              0x08006a61   Thumb Code    20  netbuf.o(i.netbuf_free)
    netbuf_ref                               0x08006a75   Thumb Code    56  netbuf.o(i.netbuf_ref)
    netconn_bind                             0x08006b7d   Thumb Code    50  api_lib.o(i.netconn_bind)
    netconn_connect                          0x08006bb5   Thumb Code    50  api_lib.o(i.netconn_connect)
    netconn_new                              0x08006bed   Thumb Code    60  api_lib.o(i.netconn_new)
    netconn_recv                             0x08006c2d   Thumb Code    40  api_lib.o(i.netconn_recv)
    netconn_send                             0x08006c55   Thumb Code    52  api_lib.o(i.netconn_send)
    netconn_sendto                           0x08006c8d   Thumb Code    36  api_lib.o(i.netconn_sendto)
    netif_add                                0x08006cb1   Thumb Code    84  netif.o(i.netif_add)
    netif_init                               0x08006d31   Thumb Code     2  netif.o(i.netif_init)
    netif_set_default                        0x08006d35   Thumb Code     6  netif.o(i.netif_set_default)
    pbuf_alloc                               0x08006d41   Thumb Code   366  pbuf.o(i.pbuf_alloc)
    pbuf_cat                                 0x08006ed1   Thumb Code    36  pbuf.o(i.pbuf_cat)
    pbuf_chain                               0x08006ef5   Thumb Code    22  pbuf.o(i.pbuf_chain)
    pbuf_free                                0x08006f0b   Thumb Code   108  pbuf.o(i.pbuf_free)
    pbuf_header                              0x08006f77   Thumb Code   106  pbuf.o(i.pbuf_header)
    pbuf_realloc                             0x08006fe1   Thumb Code   100  pbuf.o(i.pbuf_realloc)
    pbuf_ref                                 0x08007045   Thumb Code    26  pbuf.o(i.pbuf_ref)
    protocol_init                            0x08007165   Thumb Code    78  ssnp_for_app.o(i.protocol_init)
    protocol_stack_init                      0x080071cd   Thumb Code    28  init.o(i.protocol_stack_init)
    sdp_bind                                 0x08007341   Thumb Code    50  sdp.o(i.sdp_bind)
    sdp_connect                              0x08007379   Thumb Code    52  sdp.o(i.sdp_connect)
    sdp_input                                0x080073b1   Thumb Code   514  sdp.o(i.sdp_input)
    sdp_new                                  0x080076c5   Thumb Code    24  sdp.o(i.sdp_new)
    sdp_recv                                 0x080076dd   Thumb Code     6  sdp.o(i.sdp_recv)
    sdp_sendto                               0x080076e3   Thumb Code    46  sdp.o(i.sdp_sendto)
    sdp_sendto_if                            0x08007711   Thumb Code   362  sdp.o(i.sdp_sendto_if)
    send_assign_time_slot_msg                0x080079b1   Thumb Code   168  ethbcp.o(i.send_assign_time_slot_msg)
    send_begin_of_epoch_msg                  0x08007a95   Thumb Code   126  ethbcp.o(i.send_begin_of_epoch_msg)
    send_define_epoch_msg                    0x08007b95   Thumb Code   164  ethbcp.o(i.send_define_epoch_msg)
    send_discovery_msg                       0x08007c71   Thumb Code    10  ssnp_for_app.o(i.send_discovery_msg)
    send_reflect_msg                         0x08007cd1   Thumb Code   134  ethbcp.o(i.send_reflect_msg)
    send_sdp_upcomputer                      0x08007d8d   Thumb Code    60  upcomputer.o(i.send_sdp_upcomputer)
    send_upcomputer                          0x08007e21   Thumb Code    42  upcomputer.o(i.send_upcomputer)
    set_alias_alloc_done                     0x08007e51   Thumb Code     8  ethbcp.o(i.set_alias_alloc_done)
    set_connection_recvmbox                  0x08007e5d   Thumb Code    12  api_lib.o(i.set_connection_recvmbox)
    set_mac_address                          0x08007e69   Thumb Code    32  ethernetif.o(i.set_mac_address)
    set_reflect_reply_unfinished             0x08007e8d   Thumb Code     8  ethbcp.o(i.set_reflect_reply_unfinished)
    set_syn_asyn_num                         0x08007ea1   Thumb Code    12  tbc.o(i.set_syn_asyn_num)
    ssnp_apimsg                              0x08007eb1   Thumb Code    52  ssnp.o(i.ssnp_apimsg)
    ssnp_apimsg_alias_list                   0x08007ee9   Thumb Code    50  ssnp.o(i.ssnp_apimsg_alias_list)
    ssnp_init                                0x08007f21   Thumb Code    48  ssnp.o(i.ssnp_init)
    ssnp_input                               0x08007f7d   Thumb Code    84  ssnp.o(i.ssnp_input)
    sys_arch_mbox_fetch                      0x080080b9   Thumb Code   136  sys_arch.o(i.sys_arch_mbox_fetch)
    sys_arch_mbox_fetch_unblock              0x08008145   Thumb Code    20  sys_arch.o(i.sys_arch_mbox_fetch_unblock)
    sys_arch_sem_wait                        0x08008159   Thumb Code   108  sys_arch.o(i.sys_arch_sem_wait)
    sys_init                                 0x080081c5   Thumb Code    26  sys_arch.o(i.sys_init)
    sys_mbox_free                            0x080081e9   Thumb Code    78  sys_arch.o(i.sys_mbox_free)
    sys_mbox_new                             0x08008261   Thumb Code    72  sys_arch.o(i.sys_mbox_new)
    sys_mbox_post                            0x080082b9   Thumb Code    42  sys_arch.o(i.sys_mbox_post)
    sys_mbox_trypost                         0x080082e9   Thumb Code    30  sys_arch.o(i.sys_mbox_trypost)
    sys_sem_free                             0x0800830d   Thumb Code    16  sys_arch.o(i.sys_sem_free)
    sys_sem_new                              0x0800831d   Thumb Code    16  sys_arch.o(i.sys_sem_new)
    sys_sem_signal                           0x0800832d   Thumb Code    12  sys_arch.o(i.sys_sem_signal)
    sys_thread_new                           0x08008339   Thumb Code   126  sys_arch.o(i.sys_thread_new)
    sys_time_get                             0x080083bd   Thumb Code     8  sys_arch.o(i.sys_time_get)
    sys_timeout                              0x080083c5   Thumb Code   148  timer.o(i.sys_timeout)
    sys_timeouts_init                        0x0800845d   Thumb Code    16  timer.o(i.sys_timeouts_init)
    sys_timeouts_mbox_fetch                  0x08008471   Thumb Code   136  timer.o(i.sys_timeouts_mbox_fetch)
    sys_untimeout                            0x080084fd   Thumb Code    90  timer.o(i.sys_untimeout)
    tbc_send_begin_of_epoch_msg              0x0800855d   Thumb Code    10  ssnp_for_app.o(i.tbc_send_begin_of_epoch_msg)
    tbc_send_define_epoch_msg                0x0800856d   Thumb Code    18  ssnp_for_app.o(i.tbc_send_define_epoch_msg)
    tbc_send_reflect_msg                     0x08008585   Thumb Code    14  ssnp_for_app.o(i.tbc_send_reflect_msg)
    tbc_send_timeslot_msg                    0x08008599   Thumb Code    26  ssnp_for_app.o(i.tbc_send_timeslot_msg)
    timeslot_alloc                           0x080085d5   Thumb Code     8  tbc.o(i.timeslot_alloc)
    tp_bind                                  0x080085dd   Thumb Code    68  tp.o(i.tp_bind)
    tp_connect                               0x08008625   Thumb Code    52  tp.o(i.tp_connect)
    tp_input                                 0x0800865d   Thumb Code   320  tp.o(i.tp_input)
    tp_new                                   0x08008889   Thumb Code    24  tp.o(i.tp_new)
    tp_recv                                  0x080088a1   Thumb Code     6  tp.o(i.tp_recv)
    tp_sendto                                0x080088a7   Thumb Code    46  tp.o(i.tp_sendto)
    tp_sendto_if                             0x080088d5   Thumb Code   186  tp.o(i.tp_sendto_if)
    writeMetaTeds                            0x08008c79   Thumb Code   116  ssnp_for_app.o(i.writeMetaTeds)
    OSDebugEn                                0x08008d38   Data           2  os_dbg.o(.constdata)
    OSEndiannessTest                         0x08008d3c   Data           4  os_dbg.o(.constdata)
    OSEventEn                                0x08008d40   Data           2  os_dbg.o(.constdata)
    OSEventMax                               0x08008d42   Data           2  os_dbg.o(.constdata)
    OSEventNameEn                            0x08008d44   Data           2  os_dbg.o(.constdata)
    OSEventSize                              0x08008d46   Data           2  os_dbg.o(.constdata)
    OSEventTblSize                           0x08008d48   Data           2  os_dbg.o(.constdata)
    OSEventMultiEn                           0x08008d4a   Data           2  os_dbg.o(.constdata)
    OSFlagEn                                 0x08008d4c   Data           2  os_dbg.o(.constdata)
    OSFlagGrpSize                            0x08008d4e   Data           2  os_dbg.o(.constdata)
    OSFlagNodeSize                           0x08008d50   Data           2  os_dbg.o(.constdata)
    OSFlagWidth                              0x08008d52   Data           2  os_dbg.o(.constdata)
    OSFlagMax                                0x08008d54   Data           2  os_dbg.o(.constdata)
    OSFlagNameEn                             0x08008d56   Data           2  os_dbg.o(.constdata)
    OSLowestPrio                             0x08008d58   Data           2  os_dbg.o(.constdata)
    OSMboxEn                                 0x08008d5a   Data           2  os_dbg.o(.constdata)
    OSMemEn                                  0x08008d5c   Data           2  os_dbg.o(.constdata)
    OSMemMax                                 0x08008d5e   Data           2  os_dbg.o(.constdata)
    OSMemNameEn                              0x08008d60   Data           2  os_dbg.o(.constdata)
    OSMemSize                                0x08008d62   Data           2  os_dbg.o(.constdata)
    OSMemTblSize                             0x08008d64   Data           2  os_dbg.o(.constdata)
    OSMutexEn                                0x08008d66   Data           2  os_dbg.o(.constdata)
    OSPtrSize                                0x08008d68   Data           2  os_dbg.o(.constdata)
    OSQEn                                    0x08008d6a   Data           2  os_dbg.o(.constdata)
    OSQMax                                   0x08008d6c   Data           2  os_dbg.o(.constdata)
    OSQSize                                  0x08008d6e   Data           2  os_dbg.o(.constdata)
    OSRdyTblSize                             0x08008d70   Data           2  os_dbg.o(.constdata)
    OSSemEn                                  0x08008d72   Data           2  os_dbg.o(.constdata)
    OSStkWidth                               0x08008d74   Data           2  os_dbg.o(.constdata)
    OSTaskCreateEn                           0x08008d76   Data           2  os_dbg.o(.constdata)
    OSTaskCreateExtEn                        0x08008d78   Data           2  os_dbg.o(.constdata)
    OSTaskDelEn                              0x08008d7a   Data           2  os_dbg.o(.constdata)
    OSTaskIdleStkSize                        0x08008d7c   Data           2  os_dbg.o(.constdata)
    OSTaskProfileEn                          0x08008d7e   Data           2  os_dbg.o(.constdata)
    OSTaskMax                                0x08008d80   Data           2  os_dbg.o(.constdata)
    OSTaskNameEn                             0x08008d82   Data           2  os_dbg.o(.constdata)
    OSTaskStatEn                             0x08008d84   Data           2  os_dbg.o(.constdata)
    OSTaskStatStkSize                        0x08008d86   Data           2  os_dbg.o(.constdata)
    OSTaskStatStkChkEn                       0x08008d88   Data           2  os_dbg.o(.constdata)
    OSTaskSwHookEn                           0x08008d8a   Data           2  os_dbg.o(.constdata)
    OSTaskRegTblSize                         0x08008d8c   Data           2  os_dbg.o(.constdata)
    OSTCBPrioTblMax                          0x08008d8e   Data           2  os_dbg.o(.constdata)
    OSTCBSize                                0x08008d90   Data           2  os_dbg.o(.constdata)
    OSTicksPerSec                            0x08008d92   Data           2  os_dbg.o(.constdata)
    OSTimeTickHookEn                         0x08008d94   Data           2  os_dbg.o(.constdata)
    OSVersionNbr                             0x08008d96   Data           2  os_dbg.o(.constdata)
    OSTmrEn                                  0x08008d98   Data           2  os_dbg.o(.constdata)
    OSTmrCfgMax                              0x08008d9a   Data           2  os_dbg.o(.constdata)
    OSTmrCfgNameEn                           0x08008d9c   Data           2  os_dbg.o(.constdata)
    OSTmrCfgWheelSize                        0x08008d9e   Data           2  os_dbg.o(.constdata)
    OSTmrCfgTicksPerSec                      0x08008da0   Data           2  os_dbg.o(.constdata)
    OSTmrSize                                0x08008da2   Data           2  os_dbg.o(.constdata)
    OSTmrTblSize                             0x08008da4   Data           2  os_dbg.o(.constdata)
    OSTmrWheelSize                           0x08008da6   Data           2  os_dbg.o(.constdata)
    OSTmrWheelTblSize                        0x08008da8   Data           2  os_dbg.o(.constdata)
    OSDataSize                               0x08008daa   Data           2  os_dbg.o(.constdata)
    OSUnMapTbl                               0x08008dac   Data         256  os_core.o(.constdata)
    pvNullPointer                            0x08008edc   Data           4  sys_arch.o(.constdata)
    Region$$Table$$Base                      0x08008f24   Number         0  anon$$obj.o(Region$$Table)
    Region$$Table$$Limit                     0x08008f44   Number         0  anon$$obj.o(Region$$Table)
    recv_num                                 0x20000000   Data           4  uctsk_ssnp_tbc.o(.data)
    syn_num                                  0x20000004   Data           4  uctsk_ssnp_tbc.o(.data)
    asyn_num                                 0x20000008   Data           4  uctsk_ssnp_tbc.o(.data)
    upcomputer_cmd_recv_mbox                 0x20000014   Data           4  uctsk_ssnp_tbc.o(.data)
    get_up_cmd                               0x20000018   Data           4  uctsk_ssnp_tbc.o(.data)
    get_up_cmd_alias                         0x2000001c   Data           1  uctsk_ssnp_tbc.o(.data)
    get_up_cmd_tdcn                          0x2000001d   Data           1  uctsk_ssnp_tbc.o(.data)
    FRAM_ADDRESS                             0x2000001e   Data           1  i2c_fram.o(.data)
    DMATxDescToSet                           0x20000034   Data           4  stm32_eth.o(.data)
    DMARxDescToGet                           0x20000038   Data           4  stm32_eth.o(.data)
    DMAPTPTxDescToSet                        0x2000003c   Data           4  stm32_eth.o(.data)
    DMAPTPRxDescToGet                        0x20000040   Data           4  stm32_eth.o(.data)
    SystemCoreClock                          0x20000044   Data           4  system_stm32f10x.o(.data)
    AHBPrescTable                            0x20000048   Data          16  system_stm32f10x.o(.data)
    OSCtxSwCtr                               0x2000005c   Data           4  os_core.o(.data)
    OSEventFreeList                          0x20000060   Data           4  os_core.o(.data)
    OSFlagFreeList                           0x20000064   Data           4  os_core.o(.data)
    OSCPUUsage                               0x20000068   Data           1  os_core.o(.data)
    OSIdleCtrMax                             0x2000006c   Data           4  os_core.o(.data)
    OSIdleCtrRun                             0x20000070   Data           4  os_core.o(.data)
    OSStatRdy                                0x20000074   Data           1  os_core.o(.data)
    OSIntNesting                             0x20000075   Data           1  os_core.o(.data)
    OSLockNesting                            0x20000076   Data           1  os_core.o(.data)
    OSPrioCur                                0x20000077   Data           1  os_core.o(.data)
    OSPrioHighRdy                            0x20000078   Data           1  os_core.o(.data)
    OSRdyGrp                                 0x20000079   Data           1  os_core.o(.data)
    OSRdyTbl                                 0x2000007a   Data           8  os_core.o(.data)
    OSRunning                                0x20000082   Data           1  os_core.o(.data)
    OSTaskCtr                                0x20000083   Data           1  os_core.o(.data)
    OSIdleCtr                                0x20000084   Data           4  os_core.o(.data)
    OSTCBCur                                 0x20000088   Data           4  os_core.o(.data)
    OSTCBFreeList                            0x2000008c   Data           4  os_core.o(.data)
    OSTCBHighRdy                             0x20000090   Data           4  os_core.o(.data)
    OSTCBList                                0x20000094   Data           4  os_core.o(.data)
    OSTickStepState                          0x20000098   Data           1  os_core.o(.data)
    OSMemFreeList                            0x2000009c   Data           4  os_core.o(.data)
    OSQFreeList                              0x200000a0   Data           4  os_core.o(.data)
    OSTime                                   0x200000a4   Data           4  os_core.o(.data)
    OSTmrFree                                0x200000a8   Data           2  os_core.o(.data)
    OSTmrUsed                                0x200000aa   Data           2  os_core.o(.data)
    OSTmrTime                                0x200000ac   Data           4  os_core.o(.data)
    OSTmrSem                                 0x200000b0   Data           4  os_core.o(.data)
    OSTmrSemSignal                           0x200000b4   Data           4  os_core.o(.data)
    OSTmrFreeList                            0x200000b8   Data           4  os_core.o(.data)
    mac_address                              0x200000cf   Data           6  ethernetif.o(.data)
    MACaddr                                  0x200000d5   Data           6  ethernetif.o(.data)
    netif_list                               0x200000ec   Data           4  netif.o(.data)
    netif_default                            0x200000f0   Data           4  netif.o(.data)
    recv_data                                0x20000116   Data           2  ssnp_for_app.o(.data)
    temp_trx                                 0x20000118   Data           2  ssnp_for_app.o(.data)
    item                                     0x2000011a   Data           4  ssnp_for_app.o(.data)
    as_list                                  0x20000124   Data           4  alias_state.o(.data)
    __stdout                                 0x20000130   Data           4  stdout.o(.data)
    test_time                                0x20000660   Data        2400  uctsk_ssnp_tbc.o(.bss)
    TBIM_recv                                0x20000fc0   Data          40  uctsk_ssnp_tbc.o(.bss)
    OSEventTbl                               0x20001014   Data         480  os_core.o(.bss)
    OSFlagTbl                                0x200011f4   Data          80  os_core.o(.bss)
    OSTaskStatStk                            0x20001244   Data         256  os_core.o(.bss)
    OSTaskIdleStk                            0x20001344   Data         128  os_core.o(.bss)
    OSTCBPrioTbl                             0x200013c4   Data         256  os_core.o(.bss)
    OSTCBTbl                                 0x200014c4   Data        1936  os_core.o(.bss)
    OSMemTbl                                 0x20001c54   Data         120  os_core.o(.bss)
    OSQTbl                                   0x20001ccc   Data          96  os_core.o(.bss)
    OSTmrTbl                                 0x20001d2c   Data         640  os_core.o(.bss)
    OSTmrTaskStk                             0x20001fac   Data         256  os_core.o(.bss)
    OSTmrWheelTbl                            0x200020ac   Data          64  os_core.o(.bss)
    DMARxDscrTab                             0x200020ec   Data          64  ethernetif.o(.bss)
    DMATxDscrTab                             0x2000212c   Data          32  ethernetif.o(.bss)
    Rx_Buff                                  0x2000214c   Data        6080  ethernetif.o(.bss)
    Tx_Buff                                  0x2000390c   Data        3040  ethernetif.o(.bss)
    RAM                                      0x200044ec   Data       10268  mem.o(.bss)
    SSNP_TASK_STK                            0x2000a9d4   Data        3600  sys_arch.o(.bss)
    tbc                                      0x2000da24   Data        6676  tbc.o(.bss)
    __initial_sp                             0x2000fc38   Data           0  startup_stm32f10x_cl.o(STACK)



==============================================================================

Memory Map of the image

  Image Entry point : 0x08000151

  Load Region LR_IROM1 (Base: 0x08000000, Size: 0x00009078, Max: 0x00040000, ABSOLUTE, COMPRESSED[0x00008f64])

    Execution Region ER_IROM1 (Base: 0x08000000, Size: 0x00008f44, Max: 0x00040000, ABSOLUTE)

    Base Addr    Size         Type   Attr      Idx    E Section Name        Object

    0x08000000   0x00000150   Data   RO         4491    RESET               startup_stm32f10x_cl.o
    0x08000150   0x00000000   Code   RO         7957  * .ARM.Collect$$$$00000000  mc_w.l(entry.o)
    0x08000150   0x00000004   Code   RO         8229    .ARM.Collect$$$$00000001  mc_w.l(entry2.o)
    0x08000154   0x00000004   Code   RO         8232    .ARM.Collect$$$$00000004  mc_w.l(entry5.o)
    0x08000158   0x00000008   Code   RO         8233    .ARM.Collect$$$$00000007  mc_w.l(entry7.o)
    0x08000160   0x00000004   Code   RO         8230    .ARM.Collect$$$$00002712  mc_w.l(entry2.o)
    0x08000164   0x00000024   Code   RO         4492    .text               startup_stm32f10x_cl.o
    0x08000188   0x000000a4   Code   RO         4614    .text               os_cpu_a.o
    0x0800022c   0x0000002a   Code   RO         5509    .text               cpu_a.o
    0x08000256   0x00000024   Code   RO         7960    .text               mc_w.l(memcpya.o)
    0x0800027a   0x00000026   Code   RO         7962    .text               mc_w.l(memseta.o)
    0x080002a0   0x0000002c   Code   RO         8235    .text               mc_w.l(uidiv.o)
    0x080002cc   0x00000066   Code   RO         8237    .text               mc_w.l(uldiv.o)
    0x08000332   0x00000000   Code   RO         8246    .text               mc_w.l(iusefp.o)
    0x08000332   0x000000c2   Code   RO         8247    .text               mf_w.l(depilogue.o)
    0x080003f4   0x0000014a   Code   RO         8249    .text               mf_w.l(dadd.o)
    0x0800053e   0x000000e2   Code   RO         8251    .text               mf_w.l(dmul.o)
    0x08000620   0x000000de   Code   RO         8253    .text               mf_w.l(ddiv.o)
    0x080006fe   0x00000030   Code   RO         8257    .text               mf_w.l(dfixul.o)
    0x0800072e   0x00000002   PAD
    0x08000730   0x00000028   Code   RO         8261    .text               mf_w.l(cdrcmple.o)
    0x08000758   0x00000024   Code   RO         8263    .text               mc_w.l(init.o)
    0x0800077c   0x0000001e   Code   RO         8265    .text               mc_w.l(llshl.o)
    0x0800079a   0x00000020   Code   RO         8267    .text               mc_w.l(llushr.o)
    0x080007ba   0x00000024   Code   RO         8269    .text               mc_w.l(llsshr.o)
    0x080007de   0x0000005c   Code   RO         8279    .text               mc_w.l(__dczerorl2.o)
    0x0800083a   0x00000002   PAD
    0x0800083c   0x0000001c   Code   RO          204    i.App_SSNPTaskCreate  uctsk_ssnp_tbc.o
    0x08000858   0x00000002   Code   RO         5407    i.App_TCBInitHook   os_apphooks.o
    0x0800085a   0x00000008   Code   RO            1    i.App_TaskCreate    main.o
    0x08000862   0x00000002   Code   RO         5408    i.App_TaskCreateHook  os_apphooks.o
    0x08000864   0x00000002   Code   RO         5410    i.App_TaskIdleHook  os_apphooks.o
    0x08000866   0x0000001c   Code   RO            2    i.App_TaskStart     main.o
    0x08000882   0x00000002   Code   RO         5412    i.App_TaskStatHook  os_apphooks.o
    0x08000884   0x00000002   Code   RO         5413    i.App_TaskSwHook    os_apphooks.o
    0x08000886   0x00000002   Code   RO         5414    i.App_TimeTickHook  os_apphooks.o
    0x08000888   0x00000004   Code   RO          129    i.BusFault_Handler  stm32f10x_it.o
    0x0800088c   0x00000002   Code   RO          130    i.DebugMon_Handler  stm32f10x_it.o
    0x0800088e   0x00000012   Code   RO          205    i.Delay             uctsk_ssnp_tbc.o
    0x080008a0   0x00000012   Code   RO         7536    i.Delay             tbc.o
    0x080008b2   0x00000002   PAD
    0x080008b4   0x0000000c   Code   RO         3838    i.ETH_DMAClearITPendingBit  stm32_eth.o
    0x080008c0   0x00000020   Code   RO         3839    i.ETH_DMAITConfig   stm32_eth.o
    0x080008e0   0x00000024   Code   RO         3842    i.ETH_DMAReceptionCmd  stm32_eth.o
    0x08000904   0x00000054   Code   RO         3843    i.ETH_DMARxDescChainInit  stm32_eth.o
    0x08000958   0x00000016   Code   RO         3845    i.ETH_DMARxDescReceiveITConfig  stm32_eth.o
    0x0800096e   0x00000002   PAD
    0x08000970   0x00000024   Code   RO         3848    i.ETH_DMATransmissionCmd  stm32_eth.o
    0x08000994   0x00000050   Code   RO         3851    i.ETH_DMATxDescChainInit  stm32_eth.o
    0x080009e4   0x00000016   Code   RO         3860    i.ETH_DeInit        stm32_eth.o
    0x080009fa   0x0000000e   Code   RO         3861    i.ETH_Delay         stm32_eth.o
    0x08000a08   0x00000014   Code   RO         3866    i.ETH_FlushTransmitFIFO  stm32_eth.o
    0x08000a1c   0x0000000c   Code   RO         6209    i.ETH_GetCurrentTxBuffer  ethernetif.o
    0x08000a28   0x0000000a   Code   RO         3877    i.ETH_GetDMARxDescFrameLength  stm32_eth.o
    0x08000a32   0x00000002   PAD
    0x08000a34   0x00000048   Code   RO         3892    i.ETH_GetRxPktSize  stm32_eth.o
    0x08000a7c   0x00000018   Code   RO         3893    i.ETH_GetSoftwareResetStatus  stm32_eth.o
    0x08000a94   0x00000044   Code   RO         7273    i.ETH_IRQHandler    ssnp_for_app.o
    0x08000ad8   0x0000024c   Code   RO         3900    i.ETH_Init          stm32_eth.o
    0x08000d24   0x00000034   Code   RO         3903    i.ETH_MACAddressConfig  stm32_eth.o
    0x08000d58   0x00000024   Code   RO         3908    i.ETH_MACReceptionCmd  stm32_eth.o
    0x08000d7c   0x00000024   Code   RO         3909    i.ETH_MACTransmissionCmd  stm32_eth.o
    0x08000da0   0x00000060   Code   RO         3920    i.ETH_ReadPHYRegister  stm32_eth.o
    0x08000e00   0x0000009c   Code   RO         6210    i.ETH_RxPkt_ChainMode  ethernetif.o
    0x08000e9c   0x00000014   Code   RO         3931    i.ETH_SoftwareReset  stm32_eth.o
    0x08000eb0   0x00000020   Code   RO         3932    i.ETH_Start         stm32_eth.o
    0x08000ed0   0x000000a4   Code   RO         3933    i.ETH_StructInit    stm32_eth.o
    0x08000f74   0x00000068   Code   RO         6211    i.ETH_TxPkt_ChainMode  ethernetif.o
    0x08000fdc   0x00000060   Code   RO         3935    i.ETH_WritePHYRegister  stm32_eth.o
    0x0800103c   0x000000a0   Code   RO         7274    i.Ethernet_Configuration  ssnp_for_app.o
    0x080010dc   0x0000000c   Code   RO         1018    i.GPIO_ETH_MediaInterfaceConfig  stm32f10x_gpio.o
    0x080010e8   0x00000112   Code   RO         1022    i.GPIO_Init         stm32f10x_gpio.o
    0x080011fa   0x00000002   PAD
    0x080011fc   0x00000090   Code   RO         1024    i.GPIO_PinRemapConfig  stm32f10x_gpio.o
    0x0800128c   0x00000004   Code   RO          131    i.HardFault_Handler  stm32f10x_it.o
    0x08001290   0x0000003c   Code   RO          555    i.I2C_Ack           i2c_fram.o
    0x080012cc   0x0000012a   Code   RO          556    i.I2C_BufferWrite   i2c_fram.o
    0x080013f6   0x00000002   PAD
    0x080013f8   0x000000a8   Code   RO          557    i.I2C_FRAM_BufferRead  i2c_fram.o
    0x080014a0   0x00000054   Code   RO          559    i.I2C_Fram_PageWrite  i2c_fram.o
    0x080014f4   0x0000003c   Code   RO          560    i.I2C_NoAck         i2c_fram.o
    0x08001530   0x0000005c   Code   RO          561    i.I2C_ReceiveByte   i2c_fram.o
    0x0800158c   0x00000054   Code   RO          562    i.I2C_SendByte      i2c_fram.o
    0x080015e0   0x00000064   Code   RO          563    i.I2C_Start         i2c_fram.o
    0x08001644   0x0000003c   Code   RO          564    i.I2C_Stop          i2c_fram.o
    0x08001680   0x00000054   Code   RO          565    i.I2C_WaitAck       i2c_fram.o
    0x080016d4   0x0000001e   Code   RO          566    i.I2C_delay         i2c_fram.o
    0x080016f2   0x00000002   PAD
    0x080016f4   0x000000b8   Code   RO         6049    i.InitiateDiscovery  ethbcp.o
    0x080017ac   0x00000004   Code   RO          132    i.MemManage_Handler  stm32f10x_it.o
    0x080017b0   0x00000002   Code   RO          133    i.NMI_Handler       stm32f10x_it.o
    0x080017b2   0x00000026   Code   RO         7275    i.NVIC_Configuration  ssnp_for_app.o
    0x080017d8   0x00000026   Code   RO          206    i.NVIC_Configuration_TIM5  uctsk_ssnp_tbc.o
    0x080017fe   0x00000028   Code   RO         7276    i.NVIC_Configuration_USART2  ssnp_for_app.o
    0x08001826   0x00000002   PAD
    0x08001828   0x00000084   Code   RO          803    i.NVIC_Init         misc.o
    0x080018ac   0x00000014   Code   RO          804    i.NVIC_PriorityGroupConfig  misc.o
    0x080018c0   0x0000015c   Code   RO         4496    i.OSDebugInit       os_dbg.o
    0x08001a1c   0x00000068   Code   RO         4618    i.OSEventNameSet    os_core.o
    0x08001a84   0x00000038   Code   RO         4620    i.OSInit            os_core.o
    0x08001abc   0x0000000c   Code   RO         4517    i.OSInitHookBegin   os_cpu_c.o
    0x08001ac8   0x00000002   Code   RO         4518    i.OSInitHookEnd     os_cpu_c.o
    0x08001aca   0x00000002   PAD
    0x08001acc   0x00000090   Code   RO         4622    i.OSIntExit         os_core.o
    0x08001b5c   0x000000a8   Code   RO         4964    i.OSMemCreate       os_mem.o
    0x08001c04   0x00000048   Code   RO         4965    i.OSMemGet          os_mem.o
    0x08001c4c   0x00000042   Code   RO         4968    i.OSMemPut          os_mem.o
    0x08001c8e   0x00000062   Code   RO         5059    i.OSQAccept         os_q.o
    0x08001cf0   0x000000a0   Code   RO         5060    i.OSQCreate         os_q.o
    0x08001d90   0x00000110   Code   RO         5061    i.OSQDel            os_q.o
    0x08001ea0   0x00000034   Code   RO         5062    i.OSQFlush          os_q.o
    0x08001ed4   0x0000012c   Code   RO         5063    i.OSQPend           os_q.o
    0x08002000   0x00000078   Code   RO         5065    i.OSQPost           os_q.o
    0x08002078   0x00000040   Code   RO         4623    i.OSSchedLock       os_core.o
    0x080020b8   0x00000060   Code   RO         4624    i.OSSchedUnlock     os_core.o
    0x08002118   0x00000054   Code   RO         5132    i.OSSemCreate       os_sem.o
    0x0800216c   0x000000e8   Code   RO         5133    i.OSSemDel          os_sem.o
    0x08002254   0x000000f8   Code   RO         5134    i.OSSemPend         os_sem.o
    0x0800234c   0x0000005e   Code   RO         5136    i.OSSemPost         os_sem.o
    0x080023aa   0x00000002   PAD
    0x080023ac   0x00000048   Code   RO         4625    i.OSStart           os_core.o
    0x080023f4   0x0000004c   Code   RO         4626    i.OSStatInit        os_core.o
    0x08002440   0x0000000c   Code   RO         4519    i.OSTCBInitHook     os_cpu_c.o
    0x0800244c   0x000000a8   Code   RO         5186    i.OSTaskCreate      os_task.o
    0x080024f4   0x000000c0   Code   RO         5187    i.OSTaskCreateExt   os_task.o
    0x080025b4   0x0000000c   Code   RO         4520    i.OSTaskCreateHook  os_cpu_c.o
    0x080025c0   0x00000008   Code   RO         4522    i.OSTaskIdleHook    os_cpu_c.o
    0x080025c8   0x00000084   Code   RO         5191    i.OSTaskNameSet     os_task.o
    0x0800264c   0x00000008   Code   RO         4523    i.OSTaskStatHook    os_cpu_c.o
    0x08002654   0x000000a0   Code   RO         5196    i.OSTaskStkChk      os_task.o
    0x080026f4   0x0000009a   Code   RO         4524    i.OSTaskStkInit     os_cpu_c.o
    0x0800278e   0x00000002   PAD
    0x08002790   0x000000c4   Code   RO         5197    i.OSTaskSuspend     os_task.o
    0x08002854   0x00000008   Code   RO         4525    i.OSTaskSwHook      os_cpu_c.o
    0x0800285c   0x00000080   Code   RO         5281    i.OSTimeDly         os_time.o
    0x080028dc   0x00000084   Code   RO         5282    i.OSTimeDlyHMSM     os_time.o
    0x08002960   0x0000001c   Code   RO         5284    i.OSTimeGet         os_time.o
    0x0800297c   0x000000f4   Code   RO         4627    i.OSTimeTick        os_core.o
    0x08002a70   0x00000028   Code   RO         4526    i.OSTimeTickHook    os_cpu_c.o
    0x08002a98   0x00000014   Code   RO         5321    i.OSTmrSignal       os_tmr.o
    0x08002aac   0x000000f4   Code   RO         5327    i.OSTmr_Init        os_tmr.o
    0x08002ba0   0x00000050   Code   RO         5328    i.OSTmr_InitTask    os_tmr.o
    0x08002bf0   0x0000006c   Code   RO         5329    i.OSTmr_Link        os_tmr.o
    0x08002c5c   0x00000080   Code   RO         5330    i.OSTmr_Task        os_tmr.o
    0x08002cdc   0x00000044   Code   RO         5331    i.OSTmr_Unlink      os_tmr.o
    0x08002d20   0x00000064   Code   RO         4529    i.OS_CPU_SysTickInit  os_cpu_c.o
    0x08002d84   0x0000009c   Code   RO         4630    i.OS_EventTaskRdy   os_core.o
    0x08002e20   0x00000032   Code   RO         4631    i.OS_EventTaskRemove  os_core.o
    0x08002e52   0x00000050   Code   RO         4632    i.OS_EventTaskRemoveMulti  os_core.o
    0x08002ea2   0x00000002   PAD
    0x08002ea4   0x00000084   Code   RO         4633    i.OS_EventTaskWait  os_core.o
    0x08002f28   0x0000001c   Code   RO         4635    i.OS_EventWaitListInit  os_core.o
    0x08002f44   0x00000058   Code   RO         4838    i.OS_FlagInit       os_flag.o
    0x08002f9c   0x00000060   Code   RO         4636    i.OS_InitEventList  os_core.o
    0x08002ffc   0x00000054   Code   RO         4637    i.OS_InitMisc       os_core.o
    0x08003050   0x00000044   Code   RO         4638    i.OS_InitRdyList    os_core.o
    0x08003094   0x00000080   Code   RO         4639    i.OS_InitTCBList    os_core.o
    0x08003114   0x00000050   Code   RO         4640    i.OS_InitTaskIdle   os_core.o
    0x08003164   0x00000050   Code   RO         4641    i.OS_InitTaskStat   os_core.o
    0x080031b4   0x00000012   Code   RO         4642    i.OS_MemClr         os_core.o
    0x080031c6   0x00000002   PAD
    0x080031c8   0x00000058   Code   RO         4970    i.OS_MemInit        os_mem.o
    0x08003220   0x00000050   Code   RO         5069    i.OS_QInit          os_q.o
    0x08003270   0x00000074   Code   RO         4644    i.OS_Sched          os_core.o
    0x080032e4   0x0000002c   Code   RO         4645    i.OS_SchedNew       os_core.o
    0x08003310   0x00000144   Code   RO         4647    i.OS_TCBInit        os_core.o
    0x08003454   0x00000028   Code   RO         4648    i.OS_TaskIdle       os_core.o
    0x0800347c   0x00000088   Code   RO         4649    i.OS_TaskStat       os_core.o
    0x08003504   0x0000003c   Code   RO         4650    i.OS_TaskStatStkChk  os_core.o
    0x08003540   0x0000001a   Code   RO         5199    i.OS_TaskStkClr     os_task.o
    0x0800355a   0x00000002   PAD
    0x0800355c   0x00000020   Code   RO         1131    i.RCC_AHBPeriphClockCmd  stm32f10x_rcc.o
    0x0800357c   0x00000020   Code   RO         1132    i.RCC_AHBPeriphResetCmd  stm32f10x_rcc.o
    0x0800359c   0x00000020   Code   RO         1133    i.RCC_APB1PeriphClockCmd  stm32f10x_rcc.o
    0x080035bc   0x00000020   Code   RO         1135    i.RCC_APB2PeriphClockCmd  stm32f10x_rcc.o
    0x080035dc   0x00000190   Code   RO         1143    i.RCC_GetClocksFreq  stm32f10x_rcc.o
    0x0800376c   0x0000003c   Code   RO         1144    i.RCC_GetFlagStatus  stm32f10x_rcc.o
    0x080037a8   0x0000000c   Code   RO         1155    i.RCC_MCOConfig     stm32f10x_rcc.o
    0x080037b4   0x0000000c   Code   RO         1161    i.RCC_PLL3Cmd       stm32f10x_rcc.o
    0x080037c0   0x00000018   Code   RO         1162    i.RCC_PLL3Config    stm32f10x_rcc.o
    0x080037d8   0x00000002   Code   RO          134    i.SVC_Handler       stm32f10x_it.o
    0x080037da   0x00000008   Code   RO         4455    i.SetSysClock       system_stm32f10x.o
    0x080037e2   0x00000002   PAD
    0x080037e4   0x00000100   Code   RO         4456    i.SetSysClockTo72   system_stm32f10x.o
    0x080038e4   0x00000028   Code   RO          135    i.SysTick_Handler   stm32f10x_it.o
    0x0800390c   0x0000006c   Code   RO         4458    i.SystemInit        system_stm32f10x.o
    0x08003978   0x00000068   Code   RO         6050    i.TBC_DLL_init      ethbcp.o
    0x080039e0   0x00000020   Code   RO         7537    i.TBC_init          tbc.o
    0x08003a00   0x00000024   Code   RO         7539    i.TBC_send_cmd_to_tbim  tbc.o
    0x08003a24   0x00000024   Code   RO         7540    i.TBC_send_noArguCmd_to_tbim  tbc.o
    0x08003a48   0x00000022   Code   RO         7541    i.TBC_send_noArgucmd  tbc.o
    0x08003a6a   0x00000018   Code   RO         7544    i.TBC_send_upcomputer_cmd  tbc.o
    0x08003a82   0x0000002a   Code   RO         7545    i.TBIM_recongnition  tbc.o
    0x08003aac   0x00000044   Code   RO          207    i.TIM5_IRQHandler   uctsk_ssnp_tbc.o
    0x08003af0   0x00000044   Code   RO          208    i.TIM5_Init         uctsk_ssnp_tbc.o
    0x08003b34   0x00000006   Code   RO         3062    i.TIM_ClearITPendingBit  stm32f10x_tim.o
    0x08003b3a   0x00000018   Code   RO         3067    i.TIM_Cmd           stm32f10x_tim.o
    0x08003b52   0x00000006   Code   RO         3086    i.TIM_GetCounter    stm32f10x_tim.o
    0x08003b58   0x00000022   Code   RO         3088    i.TIM_GetITStatus   stm32f10x_tim.o
    0x08003b7a   0x00000018   Code   RO         3092    i.TIM_ITConfig      stm32f10x_tim.o
    0x08003b92   0x00000002   PAD
    0x08003b94   0x000000a4   Code   RO         3138    i.TIM_TimeBaseInit  stm32f10x_tim.o
    0x08003c38   0x00000002   Code   RO          136    i.USART1_IRQHandler  stm32f10x_it.o
    0x08003c3a   0x00000002   PAD
    0x08003c3c   0x000001a8   Code   RO         7277    i.USART2_IRQHandler  ssnp_for_app.o
    0x08003de4   0x00000012   Code   RO         3599    i.USART_ClearFlag   stm32f10x_usart.o
    0x08003df6   0x0000001e   Code   RO         3600    i.USART_ClearITPendingBit  stm32f10x_usart.o
    0x08003e14   0x00000018   Code   RO         3603    i.USART_Cmd         stm32f10x_usart.o
    0x08003e2c   0x000000a0   Code   RO         7278    i.USART_Configuration  ssnp_for_app.o
    0x08003ecc   0x0000001a   Code   RO         3606    i.USART_GetFlagStatus  stm32f10x_usart.o
    0x08003ee6   0x00000054   Code   RO         3607    i.USART_GetITStatus  stm32f10x_usart.o
    0x08003f3a   0x0000004a   Code   RO         3609    i.USART_ITConfig    stm32f10x_usart.o
    0x08003f84   0x000000d8   Code   RO         3610    i.USART_Init        stm32f10x_usart.o
    0x0800405c   0x0000000a   Code   RO         3617    i.USART_ReceiveData  stm32f10x_usart.o
    0x08004066   0x00000008   Code   RO         3620    i.USART_SendData    stm32f10x_usart.o
    0x0800406e   0x00000004   Code   RO          137    i.UsageFault_Handler  stm32f10x_it.o
    0x08004072   0x00000002   PAD
    0x08004074   0x00000020   Code   RO         8199    i.__0printf         mc_w.l(printfa.o)
    0x08004094   0x0000000e   Code   RO         8273    i.__scatterload_copy  mc_w.l(handlers.o)
    0x080040a2   0x00000002   Code   RO         8274    i.__scatterload_null  mc_w.l(handlers.o)
    0x080040a4   0x0000000e   Code   RO         8275    i.__scatterload_zeroinit  mc_w.l(handlers.o)
    0x080040b2   0x00000002   PAD
    0x080040b4   0x00000154   Code   RO         8206    i._fp_digits        mc_w.l(printfa.o)
    0x08004208   0x000006d4   Code   RO         8207    i._printf_core      mc_w.l(printfa.o)
    0x080048dc   0x00000026   Code   RO         8208    i._printf_post_padding  mc_w.l(printfa.o)
    0x08004902   0x0000002e   Code   RO         8209    i._printf_pre_padding  mc_w.l(printfa.o)
    0x08004930   0x0000005c   Code   RO         7476    i.add_alias_pending  alias_state.o
    0x0800498c   0x00000070   Code   RO         5903    i.add_pad_pbuf      dp.o
    0x080049fc   0x00000070   Code   RO         7842    i.add_pad_pbuf      sdp.o
    0x08004a6c   0x00000006   Code   RO         5904    i.addr_check        dp.o
    0x08004a72   0x00000006   Code   RO         7843    i.addr_check        sdp.o
    0x08004a78   0x0000000a   Code   RO         7125    i.alias_alloc_finish  timer.o
    0x08004a82   0x00000002   PAD
    0x08004a84   0x00000024   Code   RO         7126    i.alias_check_timer  timer.o
    0x08004aa8   0x000000c8   Code   RO         7477    i.alias_done        alias_state.o
    0x08004b70   0x00000050   Code   RO         7448    i.alloc_alias_map   alias_map.o
    0x08004bc0   0x00000108   Code   RO          210    i.app_init          uctsk_ssnp_tbc.o
    0x08004cc8   0x00000048   Code   RO         7478    i.clear_unresponsive_alias  alias_state.o
    0x08004d10   0x00000014   Code   RO         7479    i.copy_uuid         alias_state.o
    0x08004d24   0x00000238   Code   RO         7546    i.create_TBIM       tbc.o
    0x08004f5c   0x0000005c   Code   RO          430    i.deQueue           upcomputer.o
    0x08004fb8   0x00000030   Code   RO         7449    i.del_alias_map     alias_map.o
    0x08004fe8   0x0000005c   Code   RO         7480    i.delete_alias      alias_state.o
    0x08005044   0x00000072   Code   RO         5802    i.do_bind           api_msg.o
    0x080050b6   0x00000064   Code   RO         5803    i.do_connect        api_msg.o
    0x0800511a   0x00000018   Code   RO         5806    i.do_get_alias_alloc_state  api_msg.o
    0x08005132   0x0000001e   Code   RO         5807    i.do_newconn        api_msg.o
    0x08005150   0x000000c4   Code   RO         5808    i.do_send           api_msg.o
    0x08005214   0x00000038   Code   RO         5906    i.dp_bind           dp.o
    0x0800524c   0x00000038   Code   RO         5907    i.dp_connect        dp.o
    0x08005284   0x000003e4   Code   RO         5910    i.dp_input          dp.o
    0x08005668   0x00000018   Code   RO         5911    i.dp_new            dp.o
    0x08005680   0x00000006   Code   RO         5913    i.dp_recv           dp.o
    0x08005686   0x0000002e   Code   RO         5916    i.dp_sendto         dp.o
    0x080056b4   0x000001b4   Code   RO         5917    i.dp_sendto_if      dp.o
    0x08005868   0x00000004   Code   RO         6051    i.ethbcp_FCS_check  ethbcp.o
    0x0800586c   0x00000208   Code   RO         6052    i.ethbcp_input      ethbcp.o
    0x08005a74   0x0000005c   Code   RO         6053    i.ethbcp_input_check  ethbcp.o
    0x08005ad0   0x000000c0   Code   RO         6054    i.ethbcp_output     ethbcp.o
    0x08005b90   0x0000012c   Code   RO         7279    i.ethernet_initialize  ssnp_for_app.o
    0x08005cbc   0x000001bc   Code   RO         6055    i.ethernet_input    ethbcp.o
    0x08005e78   0x00000078   Code   RO         6212    i.ethernetif_init   ethernetif.o
    0x08005ef0   0x00000068   Code   RO         6213    i.ethernetif_input  ethernetif.o
    0x08005f58   0x00000020   Code   RO         7481    i.find              alias_state.o
    0x08005f78   0x00000038   Code   RO         7547    i.find_tbim         tbc.o
    0x08005fb0   0x00000024   Code   RO          213    i.fputc             uctsk_ssnp_tbc.o
    0x08005fd4   0x000000c6   Code   RO         7548    i.get_TBIM_meta_TEDS  tbc.o
    0x0800609a   0x00000002   PAD
    0x0800609c   0x00000094   Code   RO         7549    i.get_TBIM_struct   tbc.o
    0x08006130   0x00000110   Code   RO         7550    i.get_TBIM_tdcn_TEDS  tbc.o
    0x08006240   0x0000000c   Code   RO         6056    i.get_alias_alloc_state  ethbcp.o
    0x0800624c   0x0000000c   Code   RO         7482    i.get_alias_done_list  alias_state.o
    0x08006258   0x00000034   Code   RO         6057    i.get_done_list     ethbcp.o
    0x0800628c   0x00000120   Code   RO         7551    i.get_epoch         tbc.o
    0x080063ac   0x0000002c   Code   RO         5642    i.get_tbim          api_lib.o
    0x080063d8   0x00000008   Code   RO         7280    i.hardware_init     ssnp_for_app.o
    0x080063e0   0x00000006   Code   RO         6274    i.inet_chksum       inet_chksum.o
    0x080063e6   0x00000002   PAD
    0x080063e8   0x00000010   Code   RO          433    i.init_queue        upcomputer.o
    0x080063f8   0x00000030   Code   RO         5918    i.ip_route          dp.o
    0x08006428   0x00000030   Code   RO         7187    i.ip_route          tp.o
    0x08006458   0x00000030   Code   RO         7846    i.ip_route          sdp.o
    0x08006488   0x00000014   Code   RO          434    i.isQempty          upcomputer.o
    0x0800649c   0x0000001a   Code   RO         7483    i.is_exist_in_pending_list  alias_state.o
    0x080064b6   0x00000002   PAD
    0x080064b8   0x0000000c   Code   RO         6058    i.is_reflect_reply_ok  ethbcp.o
    0x080064c4   0x0000000e   Code   RO         5919    i.isbroadcast       dp.o
    0x080064d2   0x0000000e   Code   RO         7188    i.isbroadcast       tp.o
    0x080064e0   0x0000000e   Code   RO         7847    i.isbroadcast       sdp.o
    0x080064ee   0x00000002   PAD
    0x080064f0   0x00000078   Code   RO         6214    i.low_level_init    ethernetif.o
    0x08006568   0x00000068   Code   RO         6215    i.low_level_input   ethernetif.o
    0x080065d0   0x00000042   Code   RO         6216    i.low_level_output  ethernetif.o
    0x08006612   0x00000002   PAD
    0x08006614   0x0000005c   Code   RO            3    i.main              main.o
    0x08006670   0x00000108   Code   RO         6326    i.mem_alloc         mem.o
    0x08006778   0x0000005c   Code   RO         6327    i.mem_free          mem.o
    0x080067d4   0x00000068   Code   RO         6328    i.mem_init          mem.o
    0x0800683c   0x0000010c   Code   RO         6329    i.mem_trim          mem.o
    0x08006948   0x0000002c   Code   RO         6368    i.memp_alloc        memp.o
    0x08006974   0x00000034   Code   RO         6369    i.memp_free         memp.o
    0x080069a8   0x00000058   Code   RO         6370    i.memp_init         memp.o
    0x08006a00   0x00000042   Code   RO         5643    i.neconn_recv_data  api_lib.o
    0x08006a42   0x0000001e   Code   RO         6415    i.netbuf_delete     netbuf.o
    0x08006a60   0x00000014   Code   RO         6416    i.netbuf_free       netbuf.o
    0x08006a74   0x00000038   Code   RO         6418    i.netbuf_ref        netbuf.o
    0x08006aac   0x000000d0   Code   RO         5644    i.netconn_alloc     api_lib.o
    0x08006b7c   0x00000038   Code   RO         5645    i.netconn_bind      api_lib.o
    0x08006bb4   0x00000038   Code   RO         5646    i.netconn_connect   api_lib.o
    0x08006bec   0x00000040   Code   RO         5650    i.netconn_new       api_lib.o
    0x08006c2c   0x00000028   Code   RO         5651    i.netconn_recv      api_lib.o
    0x08006c54   0x00000038   Code   RO         5656    i.netconn_send      api_lib.o
    0x08006c8c   0x00000024   Code   RO         5657    i.netconn_sendto    api_lib.o
    0x08006cb0   0x00000080   Code   RO         6458    i.netif_add         netif.o
    0x08006d30   0x00000002   Code   RO         6460    i.netif_init        netif.o
    0x08006d32   0x00000002   PAD
    0x08006d34   0x0000000c   Code   RO         6463    i.netif_set_default  netif.o
    0x08006d40   0x00000190   Code   RO         6506    i.pbuf_alloc        pbuf.o
    0x08006ed0   0x00000024   Code   RO         6507    i.pbuf_cat          pbuf.o
    0x08006ef4   0x00000016   Code   RO         6508    i.pbuf_chain        pbuf.o
    0x08006f0a   0x0000006c   Code   RO         6514    i.pbuf_free         pbuf.o
    0x08006f76   0x0000006a   Code   RO         6515    i.pbuf_header       pbuf.o
    0x08006fe0   0x00000064   Code   RO         6516    i.pbuf_realloc      pbuf.o
    0x08007044   0x0000001a   Code   RO         6517    i.pbuf_ref          pbuf.o
    0x0800705e   0x00000002   PAD
    0x08007060   0x0000008c   Code   RO         5810    i.pcb_new           api_msg.o
    0x080070ec   0x00000078   Code   RO         6330    i.plug_holes        mem.o
    0x08007164   0x00000068   Code   RO         7281    i.protocol_init     ssnp_for_app.o
    0x080071cc   0x0000001c   Code   RO         6286    i.protocol_stack_init  init.o
    0x080071e8   0x00000058   Code   RO         5811    i.recv_dp           api_msg.o
    0x08007240   0x000000b4   Code   RO         5812    i.recv_sdp          api_msg.o
    0x080072f4   0x0000004c   Code   RO         5813    i.recv_tp           api_msg.o
    0x08007340   0x00000038   Code   RO         7848    i.sdp_bind          sdp.o
    0x08007378   0x00000038   Code   RO         7849    i.sdp_connect       sdp.o
    0x080073b0   0x00000314   Code   RO         7851    i.sdp_input         sdp.o
    0x080076c4   0x00000018   Code   RO         7852    i.sdp_new           sdp.o
    0x080076dc   0x00000006   Code   RO         7853    i.sdp_recv          sdp.o
    0x080076e2   0x0000002e   Code   RO         7856    i.sdp_sendto        sdp.o
    0x08007710   0x000001cc   Code   RO         7857    i.sdp_sendto_if     sdp.o
    0x080078dc   0x000000d4   Code   RO         6059    i.send_assign_alias_msg  ethbcp.o
    0x080079b0   0x000000e4   Code   RO         6060    i.send_assign_time_slot_msg  ethbcp.o
    0x08007a94   0x000000b8   Code   RO         6061    i.send_begin_of_epoch_msg  ethbcp.o
    0x08007b4c   0x00000046   Code   RO         7552    i.send_cmd_to_tbim  tbc.o
    0x08007b92   0x00000002   PAD
    0x08007b94   0x000000dc   Code   RO         6062    i.send_define_epoch_msg  ethbcp.o
    0x08007c70   0x00000010   Code   RO         7282    i.send_discovery_msg  ssnp_for_app.o
    0x08007c80   0x0000004e   Code   RO         7553    i.send_noArguCmd_to_tbim  tbc.o
    0x08007cce   0x00000002   PAD
    0x08007cd0   0x000000bc   Code   RO         6063    i.send_reflect_msg  ethbcp.o
    0x08007d8c   0x0000003c   Code   RO          437    i.send_sdp_upcomputer  upcomputer.o
    0x08007dc8   0x00000058   Code   RO         7555    i.send_timeslot_msg  tbc.o
    0x08007e20   0x00000030   Code   RO          438    i.send_upcomputer   upcomputer.o
    0x08007e50   0x0000000c   Code   RO         6064    i.set_alias_alloc_done  ethbcp.o
    0x08007e5c   0x0000000c   Code   RO         5659    i.set_connection_recvmbox  api_lib.o
    0x08007e68   0x00000024   Code   RO         6217    i.set_mac_address   ethernetif.o
    0x08007e8c   0x0000000c   Code   RO         6065    i.set_reflect_reply_unfinished  ethbcp.o
    0x08007e98   0x00000002   Code   RO         6066    i.set_status_word_bad_frame_received  ethbcp.o
    0x08007e9a   0x00000002   Code   RO         5920    i.set_status_word_protocol_error  dp.o
    0x08007e9c   0x00000002   Code   RO         7858    i.set_status_word_protocol_error  sdp.o
    0x08007e9e   0x00000002   PAD
    0x08007ea0   0x00000010   Code   RO         7556    i.set_syn_asyn_num  tbc.o
    0x08007eb0   0x00000038   Code   RO         6590    i.ssnp_apimsg       ssnp.o
    0x08007ee8   0x00000038   Code   RO         6591    i.ssnp_apimsg_alias_list  ssnp.o
    0x08007f20   0x0000004c   Code   RO         6592    i.ssnp_init         ssnp.o
    0x08007f6c   0x0000000e   Code   RO         7284    i.ssnp_init_done    ssnp_for_app.o
    0x08007f7a   0x00000002   PAD
    0x08007f7c   0x000000ac   Code   RO         6593    i.ssnp_input        ssnp.o
    0x08008028   0x00000090   Code   RO         6594    i.ssnp_thread       ssnp.o
    0x080080b8   0x0000008c   Code   RO         6645    i.sys_arch_mbox_fetch  sys_arch.o
    0x08008144   0x00000014   Code   RO         6646    i.sys_arch_mbox_fetch_unblock  sys_arch.o
    0x08008158   0x0000006c   Code   RO         6647    i.sys_arch_sem_wait  sys_arch.o
    0x080081c4   0x00000024   Code   RO         6648    i.sys_init          sys_arch.o
    0x080081e8   0x00000078   Code   RO         6649    i.sys_mbox_free     sys_arch.o
    0x08008260   0x00000058   Code   RO         6650    i.sys_mbox_new      sys_arch.o
    0x080082b8   0x00000030   Code   RO         6651    i.sys_mbox_post     sys_arch.o
    0x080082e8   0x00000024   Code   RO         6652    i.sys_mbox_trypost  sys_arch.o
    0x0800830c   0x00000010   Code   RO         6653    i.sys_sem_free      sys_arch.o
    0x0800831c   0x00000010   Code   RO         6654    i.sys_sem_new       sys_arch.o
    0x0800832c   0x0000000c   Code   RO         6655    i.sys_sem_signal    sys_arch.o
    0x08008338   0x00000084   Code   RO         6656    i.sys_thread_new    sys_arch.o
    0x080083bc   0x00000008   Code   RO         6657    i.sys_time_get      sys_arch.o
    0x080083c4   0x00000098   Code   RO         7128    i.sys_timeout       timer.o
    0x0800845c   0x00000014   Code   RO         7129    i.sys_timeouts_init  timer.o
    0x08008470   0x0000008c   Code   RO         7130    i.sys_timeouts_mbox_fetch  timer.o
    0x080084fc   0x00000060   Code   RO         7131    i.sys_untimeout     timer.o
    0x0800855c   0x00000010   Code   RO         7285    i.tbc_send_begin_of_epoch_msg  ssnp_for_app.o
    0x0800856c   0x00000018   Code   RO         7286    i.tbc_send_define_epoch_msg  ssnp_for_app.o
    0x08008584   0x00000014   Code   RO         7287    i.tbc_send_reflect_msg  ssnp_for_app.o
    0x08008598   0x00000020   Code   RO         7288    i.tbc_send_timeslot_msg  ssnp_for_app.o
    0x080085b8   0x0000001c   Code   RO         7450    i.test              alias_map.o
    0x080085d4   0x00000008   Code   RO         7557    i.timeslot_alloc    tbc.o
    0x080085dc   0x00000048   Code   RO         7190    i.tp_bind           tp.o
    0x08008624   0x00000038   Code   RO         7191    i.tp_connect        tp.o
    0x0800865c   0x0000022c   Code   RO         7193    i.tp_input          tp.o
    0x08008888   0x00000018   Code   RO         7194    i.tp_new            tp.o
    0x080088a0   0x00000006   Code   RO         7195    i.tp_recv           tp.o
    0x080088a6   0x0000002e   Code   RO         7198    i.tp_sendto         tp.o
    0x080088d4   0x000000e8   Code   RO         7199    i.tp_sendto_if      tp.o
    0x080089bc   0x000002bc   Code   RO          217    i.uctsk_SSNP_TBC_new  uctsk_ssnp_tbc.o
    0x08008c78   0x000000c0   Code   RO         7289    i.writeMetaTeds     ssnp_for_app.o
    0x08008d38   0x00000074   Data   RO         4497    .constdata          os_dbg.o
    0x08008dac   0x00000100   Data   RO         4652    .constdata          os_core.o
    0x08008eac   0x00000030   Data   RO         6372    .constdata          memp.o
    0x08008edc   0x00000004   Data   RO         6659    .constdata          sys_arch.o
    0x08008ee0   0x00000042   Data   RO         7859    .constdata          sdp.o
    0x08008f22   0x00000002   PAD
    0x08008f24   0x00000020   Data   RO         8271    Region$$Table       anon$$obj.o


    Execution Region RW_IRAM1 (Base: 0x20000000, Size: 0x0000fc38, Max: 0x00010000, ABSOLUTE, COMPRESSED[0x00000020])

    Base Addr    Size         Type   Attr      Idx    E Section Name        Object

    0x20000000   0x0000001e   Data   RW          220    .data               uctsk_ssnp_tbc.o
    0x2000001e   0x00000001   Data   RW          567    .data               i2c_fram.o
    0x2000001f   0x00000014   Data   RW         1171    .data               stm32f10x_rcc.o
    0x20000033   0x00000001   PAD
    0x20000034   0x00000010   Data   RW         3936    .data               stm32_eth.o
    0x20000044   0x00000014   Data   RW         4459    .data               system_stm32f10x.o
    0x20000058   0x00000002   Data   RW         4530    .data               os_cpu_c.o
    0x2000005a   0x00000002   PAD
    0x2000005c   0x00000060   Data   RW         4653    .data               os_core.o
    0x200000bc   0x00000004   Data   RW         5921    .data               dp.o
    0x200000c0   0x0000000f   Data   RW         6067    .data               ethbcp.o
    0x200000cf   0x0000000c   Data   RW         6219    .data               ethernetif.o
    0x200000db   0x00000001   PAD
    0x200000dc   0x00000010   Data   RW         6332    .data               mem.o
    0x200000ec   0x00000009   Data   RW         6464    .data               netif.o
    0x200000f5   0x00000003   PAD
    0x200000f8   0x0000000c   Data   RW         6597    .data               ssnp.o
    0x20000104   0x00000004   Data   RW         6660    .data               sys_arch.o
    0x20000108   0x00000004   Data   RW         7132    .data               timer.o
    0x2000010c   0x00000004   Data   RW         7200    .data               tp.o
    0x20000110   0x0000000e   Data   RW         7291    .data               ssnp_for_app.o
    0x2000011e   0x00000006   Data   RW         7451    .data               alias_map.o
    0x20000124   0x00000008   Data   RW         7484    .data               alias_state.o
    0x2000012c   0x00000004   Data   RW         7860    .data               sdp.o
    0x20000130   0x00000004   Data   RW         8234    .data               mc_w.l(stdout.o)
    0x20000134   0x00000100   Zero   RW            4    .bss                main.o
    0x20000234   0x00000db4   Zero   RW          218    .bss                uctsk_ssnp_tbc.o
    0x20000fe8   0x0000002b   Zero   RW          439    .bss                upcomputer.o
    0x20001013   0x00000001   PAD
    0x20001014   0x000010d8   Zero   RW         4651    .bss                os_core.o
    0x200020ec   0x00002400   Zero   RW         6218    .bss                ethernetif.o
    0x200044ec   0x0000281c   Zero   RW         6331    .bss                mem.o
    0x20006d08   0x00003ccb   Zero   RW         6371    .bss                memp.o
    0x2000a9d3   0x00000001   PAD
    0x2000a9d4   0x00002d7b   Zero   RW         6658    .bss                sys_arch.o
    0x2000d74f   0x00000001   PAD
    0x2000d750   0x000002a8   Zero   RW         7290    .bss                ssnp_for_app.o
    0x2000d9f8   0x00001a40   Zero   RW         7558    .bss                tbc.o
    0x2000f438   0x00000800   Zero   RW         4489    STACK               startup_stm32f10x_cl.o


==============================================================================

Image component sizes


      Code (inc. data)   RO Data    RW Data    ZI Data      Debug   Object Name

       156         24          0          6          0       1858   alias_map.o
       546         40          0          8          0       6579   alias_state.o
       638        116          0          0          0      12247   api_lib.o
       948        124          0          0          0      11045   api_msg.o
         0          0          0          0          0         32   core_cm3.o
        42          0          0          0          0        284   cpu_a.o
      1802        602          0          4          0      13139   dp.o
      2674       1014          0         15          0      17704   ethbcp.o
       822        142          0         12       9216       6428   ethernetif.o
      1120         98          0          1          0       7472   i2c_fram.o
         6          0          0          0          0        502   inet_chksum.o
        28          0          0          0          0        906   init.o
       128         20          0          0        256     324650   main.o
       848         86          0         16      10268       4323   mem.o
       184         30         48          0      15563       2557   memp.o
       152         24          0          0          0       1547   misc.o
       106          0          0          0          0       2219   netbuf.o
       142         50          0          9          0       2496   netif.o
        12          0          0          0          0       2477   os_apphooks.o
      2576        416        256         96       4312      23482   os_core.o
       164         32          0          0          0        340   os_cpu_a.o
       356         24          0          2          0      30578   os_cpu_c.o
       348        230        116          0          0       3430   os_dbg.o
        88         14          0          0          0        558   os_flag.o
       394         18          0          0          0       3205   os_mem.o
      1082         54          0          0          0       5707   os_q.o
       658         36          0          0          0       3297   os_sem.o
       874         66          0          0          0       5320   os_task.o
       288         32          0          0          0       1876   os_time.o
       648        132          0          0          0       3651   os_tmr.o
       798         34          0          0          0       4801   pbuf.o
      1618        432         66          4          0      10259   sdp.o
       504        140          0         12          0       3956   ssnp.o
      1616        366          0         14        680      13483   ssnp_for_app.o
        36          8        336          0       2048        852   startup_stm32f10x_cl.o
      1584        134          0         16          0      13951   stm32_eth.o
       430         12          0          0          0       3354   stm32f10x_gpio.o
        64          6          0          0          0       3521   stm32f10x_it.o
       636         72          0         20          0       8537   stm32f10x_rcc.o
       258         42          0          0          0       4111   stm32f10x_tim.o
       490          6          0          0          0       7353   stm32f10x_usart.o
       780         90          4          4      11643       8857   sys_arch.o
       372         32          0         20          0       2009   system_stm32f10x.o
      2012        444          0          0       6720      29515   tbc.o
       454         24          0          4          0       4028   timer.o
      1054        298          0          4          0       8056   tp.o
      1220        522          0         30       3508     316401   uctsk_ssnp_tbc.o
       236         20          0          0         43       5982   upcomputer.o

    ----------------------------------------------------------------------
     32050       6106        860        304      64260     948935   Object Totals
         0          0         32          0          0          0   (incl. Generated)
        58          0          2          7          3          1   (incl. Padding)

    ----------------------------------------------------------------------

      Code (inc. data)   RO Data    RW Data    ZI Data      Debug   Library Member Name

        92          0          0          0          0          0   __dczerorl2.o
         0          0          0          0          0          0   entry.o
         8          4          0          0          0          0   entry2.o
         4          0          0          0          0          0   entry5.o
         8          4          0          0          0          0   entry7.o
        30          0          0          0          0          0   handlers.o
        36          8          0          0          0         68   init.o
         0          0          0          0          0          0   iusefp.o
        30          0          0          0          0         68   llshl.o
        36          0          0          0          0         68   llsshr.o
        32          0          0          0          0         68   llushr.o
        36          0          0          0          0         68   memcpya.o
        38          0          0          0          0        108   memseta.o
      2204         92          0          0          0        460   printfa.o
         0          0          0          4          0          0   stdout.o
        44          0          0          0          0         80   uidiv.o
       102          0          0          0          0         92   uldiv.o
        40          2          0          0          0         68   cdrcmple.o
       330          0          0          0          0        148   dadd.o
       222          0          0          0          0        100   ddiv.o
       194          0          0          0          0        184   depilogue.o
        48          0          0          0          0         68   dfixul.o
       226          0          0          0          0         96   dmul.o

    ----------------------------------------------------------------------
      3766        110          0          4          0       1744   Library Totals
         6          0          0          0          0          0   (incl. Padding)

    ----------------------------------------------------------------------

      Code (inc. data)   RO Data    RW Data    ZI Data      Debug   Library Name

      2700        108          0          4          0       1080   mc_w.l
      1060          2          0          0          0        664   mf_w.l

    ----------------------------------------------------------------------
      3766        110          0          4          0       1744   Library Totals

    ----------------------------------------------------------------------

==============================================================================


      Code (inc. data)   RO Data    RW Data    ZI Data      Debug   

     35816       6216        860        308      64260     932532   Grand Totals
     35816       6216        860         32      64260     932532   ELF Image Totals (compressed)
     35816       6216        860         32          0          0   ROM Totals

==============================================================================

    Total RO  Size (Code + RO Data)                36676 (  35.82kB)
    Total RW  Size (RW Data + ZI Data)             64568 (  63.05kB)
    Total ROM Size (Code + RO Data + RW Data)      36708 (  35.85kB)

==============================================================================

