ARM Linker, 4.1 [Build 567] [Standard]

==============================================================================

Section Cross References

    main.o(i.App_TaskCreate) refers to uctsk_ssnp_tbc.o(i.App_SSNPTaskCreate) for App_SSNPTaskCreate
    main.o(i.App_TaskStart) refers to os_cpu_c.o(i.OS_CPU_SysTickInit) for OS_CPU_SysTickInit
    main.o(i.App_TaskStart) refers to os_core.o(i.OSStatInit) for OSStatInit
    main.o(i.App_TaskStart) refers to main.o(i.App_TaskCreate) for App_TaskCreate
    main.o(i.App_TaskStart) refers to os_time.o(i.OSTimeDlyHMSM) for OSTimeDlyHMSM
    main.o(i.main) refers to cpu_a.o(.text) for CPU_IntDis
    main.o(i.main) refers to os_core.o(i.OSInit) for OSInit
    main.o(i.main) refers to os_task.o(i.OSTaskCreateExt) for OSTaskCreateExt
    main.o(i.main) refers to os_task.o(i.OSTaskNameSet) for OSTaskNameSet
    main.o(i.main) refers to os_core.o(i.OSStart) for OSStart
    main.o(i.main) refers to main.o(.bss) for App_TaskStartStk
    main.o(i.main) refers to main.o(i.App_TaskStart) for App_TaskStart
    stm32f10x_it.o(i.SysTick_Handler) refers to os_cpu_a.o(.text) for OS_CPU_SR_Save
    stm32f10x_it.o(i.SysTick_Handler) refers to os_core.o(i.OSTimeTick) for OSTimeTick
    stm32f10x_it.o(i.SysTick_Handler) refers to os_core.o(i.OSIntExit) for OSIntExit
    stm32f10x_it.o(i.SysTick_Handler) refers to os_core.o(.data) for OSIntNesting
    uctsk_ssnp_tbc.o(i.App_SSNPTaskCreate) refers to os_task.o(i.OSTaskCreate) for OSTaskCreate
    uctsk_ssnp_tbc.o(i.App_SSNPTaskCreate) refers to uctsk_ssnp_tbc.o(.bss) for AppSSNPTaskStk
    uctsk_ssnp_tbc.o(i.App_SSNPTaskCreate) refers to uctsk_ssnp_tbc.o(i.uctsk_SSNP_TBC_new) for uctsk_SSNP_TBC_new
    uctsk_ssnp_tbc.o(i.Delay) refers to os_time.o(i.OSTimeDly) for OSTimeDly
    uctsk_ssnp_tbc.o(i.NVIC_Configuration_TIM5) refers to misc.o(i.NVIC_PriorityGroupConfig) for NVIC_PriorityGroupConfig
    uctsk_ssnp_tbc.o(i.NVIC_Configuration_TIM5) refers to misc.o(i.NVIC_Init) for NVIC_Init
    uctsk_ssnp_tbc.o(i.TIM5_IRQHandler) refers to stm32f10x_tim.o(i.TIM_GetITStatus) for TIM_GetITStatus
    uctsk_ssnp_tbc.o(i.TIM5_IRQHandler) refers to stm32f10x_tim.o(i.TIM_ClearITPendingBit) for TIM_ClearITPendingBit
    uctsk_ssnp_tbc.o(i.TIM5_IRQHandler) refers to tbc.o(.bss) for tbc
    uctsk_ssnp_tbc.o(i.TIM5_Init) refers to stm32f10x_rcc.o(i.RCC_APB1PeriphClockCmd) for RCC_APB1PeriphClockCmd
    uctsk_ssnp_tbc.o(i.TIM5_Init) refers to stm32f10x_tim.o(i.TIM_TimeBaseInit) for TIM_TimeBaseInit
    uctsk_ssnp_tbc.o(i.TIM5_Init) refers to stm32f10x_tim.o(i.TIM_ITConfig) for TIM_ITConfig
    uctsk_ssnp_tbc.o(i.TIM5_Init) refers to stm32f10x_tim.o(i.TIM_Cmd) for TIM_Cmd
    uctsk_ssnp_tbc.o(i.TIM5_delay_us) refers to stm32f10x_tim.o(i.TIM_SetCounter) for TIM_SetCounter
    uctsk_ssnp_tbc.o(i.TIM5_delay_us) refers to stm32f10x_tim.o(i.TIM_GetCounter) for TIM_GetCounter
    uctsk_ssnp_tbc.o(i.app_init) refers to sys_arch.o(i.sys_mbox_new) for sys_mbox_new
    uctsk_ssnp_tbc.o(i.app_init) refers to printfa.o(i.__0printf) for __2printf
    uctsk_ssnp_tbc.o(i.app_init) refers to uctsk_ssnp_tbc.o(i.TIM5_Init) for TIM5_Init
    uctsk_ssnp_tbc.o(i.app_init) refers to tbc.o(i.TBC_init) for TBC_init
    uctsk_ssnp_tbc.o(i.app_init) refers to upcomputer.o(i.init_queue) for init_queue
    uctsk_ssnp_tbc.o(i.app_init) refers to uctsk_ssnp_tbc.o(.data) for streaming_data_recv_mbox
    uctsk_ssnp_tbc.o(i.average_time) refers to printfa.o(i.__0printf) for __2printf
    uctsk_ssnp_tbc.o(i.avertime_new) refers to dflti.o(.text) for __aeabi_i2d
    uctsk_ssnp_tbc.o(i.avertime_new) refers to sqrt.o(i.sqrt) for sqrt
    uctsk_ssnp_tbc.o(i.avertime_new) refers to printfa.o(i.__0printf) for __2printf
    uctsk_ssnp_tbc.o(i.avertime_new) refers to uctsk_ssnp_tbc.o(.constdata) for .constdata
    uctsk_ssnp_tbc.o(i.fputc) refers to stm32f10x_usart.o(i.USART_SendData) for USART_SendData
    uctsk_ssnp_tbc.o(i.fputc) refers to stm32f10x_usart.o(i.USART_GetFlagStatus) for USART_GetFlagStatus
    uctsk_ssnp_tbc.o(i.send_cmd) refers to tbc.o(i.TBC_send_noArgucmd) for TBC_send_noArgucmd
    uctsk_ssnp_tbc.o(i.send_cmd) refers to printfa.o(i.__0printf) for __2printf
    uctsk_ssnp_tbc.o(i.test) refers to printfa.o(i.__0printf) for __2printf
    uctsk_ssnp_tbc.o(i.test_analysis) refers to printfa.o(i.__0printf) for __2printf
    uctsk_ssnp_tbc.o(i.uctsk_SSNP_TBC) refers to ssnp_for_app.o(i.hardware_init) for hardware_init
    uctsk_ssnp_tbc.o(i.uctsk_SSNP_TBC) refers to ssnp_for_app.o(i.protocol_init) for protocol_init
    uctsk_ssnp_tbc.o(i.uctsk_SSNP_TBC) refers to printfa.o(i.__0printf) for __2printf
    uctsk_ssnp_tbc.o(i.uctsk_SSNP_TBC) refers to uctsk_ssnp_tbc.o(i.app_init) for app_init
    uctsk_ssnp_tbc.o(i.uctsk_SSNP_TBC) refers to ssnp_for_app.o(i.send_discovery_msg) for send_discovery_msg
    uctsk_ssnp_tbc.o(i.uctsk_SSNP_TBC) refers to uctsk_ssnp_tbc.o(i.Delay) for Delay
    uctsk_ssnp_tbc.o(i.uctsk_SSNP_TBC) refers to api_lib.o(i.get_tbim) for get_tbim
[...]
    CAN1_RX1_IRQHandler                      0x0800017f   Thumb Code     0  startup_stm32f10x_cl.o(.text)
    CAN1_SCE_IRQHandler                      0x0800017f   Thumb Code     0  startup_stm32f10x_cl.o(.text)
    CAN1_TX_IRQHandler                       0x0800017f   Thumb Code     0  startup_stm32f10x_cl.o(.text)
    CAN2_RX0_IRQHandler                      0x0800017f   Thumb Code     0  startup_stm32f10x_cl.o(.text)
    CAN2_RX1_IRQHandler                      0x0800017f   Thumb Code     0  startup_stm32f10x_cl.o(.text)
    CAN2_SCE_IRQHandler                      0x0800017f   Thumb Code     0  startup_stm32f10x_cl.o(.text)
    CAN2_TX_IRQHandler                       0x0800017f   Thumb Code     0  startup_stm32f10x_cl.o(.text)
    DMA1_Channel1_IRQHandler                 0x0800017f   Thumb Code     0  startup_stm32f10x_cl.o(.text)
    DMA1_Channel2_IRQHandler                 0x0800017f   Thumb Code     0  startup_stm32f10x_cl.o(.text)
    DMA1_Channel3_IRQHandler                 0x0800017f   Thumb Code     0  startup_stm32f10x_cl.o(.text)
    DMA1_Channel4_IRQHandler                 0x0800017f   Thumb Code     0  startup_stm32f10x_cl.o(.text)
    DMA1_Channel5_IRQHandler                 0x0800017f   Thumb Code     0  startup_stm32f10x_cl.o(.text)
    DMA1_Channel6_IRQHandler                 0x0800017f   Thumb Code     0  startup_stm32f10x_cl.o(.text)
    DMA1_Channel7_IRQHandler                 0x0800017f   Thumb Code     0  startup_stm32f10x_cl.o(.text)
    DMA2_Channel1_IRQHandler                 0x0800017f   Thumb Code     0  startup_stm32f10x_cl.o(.text)
    DMA2_Channel2_IRQHandler                 0x0800017f   Thumb Code     0  startup_stm32f10x_cl.o(.text)
    DMA2_Channel3_IRQHandler                 0x0800017f   Thumb Code     0  startup_stm32f10x_cl.o(.text)
    DMA2_Channel4_IRQHandler                 0x0800017f   Thumb Code     0  startup_stm32f10x_cl.o(.text)
    DMA2_Channel5_IRQHandler                 0x0800017f   Thumb Code     0  startup_stm32f10x_cl.o(.text)
    ETH_WKUP_IRQHandler                      0x0800017f   Thumb Code     0  startup_stm32f10x_cl.o(.text)
    EXTI0_IRQHandler                         0x0800017f   Thumb Code     0  startup_stm32f10x_cl.o(.text)
    EXTI15_10_IRQHandler                     0x0800017f   Thumb Code     0  startup_stm32f10x_cl.o(.text)
    EXTI1_IRQHandler                         0x0800017f   Thumb Code     0  startup_stm32f10x_cl.o(.text)
    EXTI2_IRQHandler                         0x0800017f   Thumb Code     0  startup_stm32f10x_cl.o(.text)
    EXTI3_IRQHandler                         0x0800017f   Thumb Code     0  startup_stm32f10x_cl.o(.text)
    EXTI4_IRQHandler                         0x0800017f   Thumb Code     0  startup_stm32f10x_cl.o(.text)
    EXTI9_5_IRQHandler                       0x0800017f   Thumb Code     0  startup_stm32f10x_cl.o(.text)
    FLASH_IRQHandler                         0x0800017f   Thumb Code     0  startup_stm32f10x_cl.o(.text)
    I2C1_ER_IRQHandler                       0x0800017f   Thumb Code     0  startup_stm32f10x_cl.o(.text)
    I2C1_EV_IRQHandler                       0x0800017f   Thumb Code     0  startup_stm32f10x_cl.o(.text)
    I2C2_ER_IRQHandler                       0x0800017f   Thumb Code     0  startup_stm32f10x_cl.o(.text)
    I2C2_EV_IRQHandler                       0x0800017f   Thumb Code     0  startup_stm32f10x_cl.o(.text)
    OTG_FS_IRQHandler                        0x0800017f   Thumb Code     0  startup_stm32f10x_cl.o(.text)
    OTG_FS_WKUP_IRQHandler                   0x0800017f   Thumb Code     0  startup_stm32f10x_cl.o(.text)
    PVD_IRQHandler                           0x0800017f   Thumb Code     0  startup_stm32f10x_cl.o(.text)
    RCC_IRQHandler                           0x0800017f   Thumb Code     0  startup_stm32f10x_cl.o(.text)
    RTCAlarm_IRQHandler                      0x0800017f   Thumb Code     0  startup_stm32f10x_cl.o(.text)
    RTC_IRQHandler                           0x0800017f   Thumb Code     0  startup_stm32f10x_cl.o(.text)
    SPI1_IRQHandler                          0x0800017f   Thumb Code     0  startup_stm32f10x_cl.o(.text)
    SPI2_IRQHandler                          0x0800017f   Thumb Code     0  startup_stm32f10x_cl.o(.text)
    SPI3_IRQHandler                          0x0800017f   Thumb Code     0  startup_stm32f10x_cl.o(.text)
    TAMPER_IRQHandler                        0x0800017f   Thumb Code     0  startup_stm32f10x_cl.o(.text)
    TIM1_BRK_IRQHandler                      0x0800017f   Thumb Code     0  startup_stm32f10x_cl.o(.text)
    TIM1_CC_IRQHandler                       0x0800017f   Thumb Code     0  startup_stm32f10x_cl.o(.text)
    TIM1_TRG_COM_IRQHandler                  0x0800017f   Thumb Code     0  startup_stm32f10x_cl.o(.text)
    TIM1_UP_IRQHandler                       0x0800017f   Thumb Code     0  startup_stm32f10x_cl.o(.text)
    TIM2_IRQHandler                          0x0800017f   Thumb Code     0  startup_stm32f10x_cl.o(.text)
    TIM3_IRQHandler                          0x0800017f   Thumb Code     0  startup_stm32f10x_cl.o(.text)
    TIM4_IRQHandler                          0x0800017f   Thumb Code     0  startup_stm32f10x_cl.o(.text)
    TIM6_IRQHandler                          0x0800017f   Thumb Code     0  startup_stm32f10x_cl.o(.text)
    TIM7_IRQHandler                          0x0800017f   Thumb Code     0  startup_stm32f10x_cl.o(.text)
    UART4_IRQHandler                         0x0800017f   Thumb Code     0  startup_stm32f10x_cl.o(.text)
    UART5_IRQHandler                         0x0800017f   Thumb Code     0  startup_stm32f10x_cl.o(.text)
    USART3_IRQHandler                        0x0800017f   Thumb Code     0  startup_stm32f10x_cl.o(.text)
    WWDG_IRQHandler                          0x0800017f   Thumb Code     0  startup_stm32f10x_cl.o(.text)
    OS_CPU_SR_Save                           0x08000189   Thumb Code     0  os_cpu_a.o(.text)
    OS_CPU_SR_Restore                        0x08000191   Thumb Code     0  os_cpu_a.o(.text)
    OSStartHighRdy                           0x08000197   Thumb Code     0  os_cpu_a.o(.text)
    OSCtxSw                                  0x080001b7   Thumb Code     0  os_cpu_a.o(.text)
    OSIntCtxSw                               0x080001c1   Thumb Code     0  os_cpu_a.o(.text)
    PendSV_Handler                           0x080001cb   Thumb Code     0  os_cpu_a.o(.text)
    CPU_IntDis                               0x0800022d   Thumb Code     0  cpu_a.o(.text)
    CPU_IntEn                                0x08000231   Thumb Code     0  cpu_a.o(.text)
    CPU_SR_Save                              0x08000235   Thumb Code     0  cpu_a.o(.text)
    CPU_SR_Restore                           0x0800023d   Thumb Code     0  cpu_a.o(.text)
    CPU_CntLeadZeros                         0x08000243   Thumb Code     0  cpu_a.o(.text)
    CPU_RevBits                              0x08000249   Thumb Code     0  cpu_a.o(.text)
    CPU_WaitForInt                           0x0800024f   Thumb Code     0  cpu_a.o(.text)
    CPU_WaitForExcept                        0x08000253   Thumb Code     0  cpu_a.o(.text)
    __aeabi_memcpy                           0x08000257   Thumb Code    36  memcpya.o(.text)
    __aeabi_memcpy4                          0x08000257   Thumb Code     0  memcpya.o(.text)
    __aeabi_memcpy8                          0x08000257   Thumb Code     0  memcpya.o(.text)
    __aeabi_memset                           0x0800027b   Thumb Code    14  memseta.o(.text)
    __aeabi_memset4                          0x0800027b   Thumb Code     0  memseta.o(.text)
    __aeabi_memset8                          0x0800027b   Thumb Code     0  memseta.o(.text)
    __aeabi_memclr                           0x08000289   Thumb Code     4  memseta.o(.text)
    __aeabi_memclr4                          0x08000289   Thumb Code     0  memseta.o(.text)
    __aeabi_memclr8                          0x08000289   Thumb Code     0  memseta.o(.text)
    _memset$wrapper                          0x0800028d   Thumb Code    20  memseta.o(.text)
    __aeabi_uidiv                            0x080002a1   Thumb Code     0  uidiv.o(.text)
    __aeabi_uidivmod                         0x080002a1   Thumb Code    44  uidiv.o(.text)
    __aeabi_uldivmod                         0x080002cd   Thumb Code   102  uldiv.o(.text)
    __I$use$fp                               0x08000333   Thumb Code     0  iusefp.o(.text)
    _double_round                            0x08000333   Thumb Code    26  depilogue.o(.text)
    _double_epilogue                         0x0800034d   Thumb Code   168  depilogue.o(.text)
    __aeabi_dadd                             0x080003f5   Thumb Code   318  dadd.o(.text)
    __aeabi_dsub                             0x08000533   Thumb Code     6  dadd.o(.text)
    __aeabi_drsub                            0x08000539   Thumb Code     6  dadd.o(.text)
    __aeabi_dmul                             0x0800053f   Thumb Code   226  dmul.o(.text)
    __aeabi_ddiv                             0x08000621   Thumb Code   222  ddiv.o(.text)
    __aeabi_d2ulz                            0x080006ff   Thumb Code    48  dfixul.o(.text)
    __aeabi_cdrcmple                         0x08000731   Thumb Code    38  cdrcmple.o(.text)
    __scatterload                            0x08000759   Thumb Code    28  init.o(.text)
    __scatterload_rt2                        0x08000759   Thumb Code     0  init.o(.text)
    __aeabi_llsl                             0x0800077d   Thumb Code    30  llshl.o(.text)
    _ll_shift_l                              0x0800077d   Thumb Code     0  llshl.o(.text)
    __aeabi_llsr                             0x0800079b   Thumb Code    32  llushr.o(.text)
    _ll_ushift_r                             0x0800079b   Thumb Code     0  llushr.o(.text)
    __aeabi_lasr                             0x080007bb   Thumb Code    36  llsshr.o(.text)
    _ll_sshift_r                             0x080007bb   Thumb Code     0  llsshr.o(.text)
    __decompress                             0x080007df   Thumb Code     0  __dczerorl2.o(.text)
    __decompress1                            0x080007df   Thumb Code    92  __dczerorl2.o(.text)
    App_SSNPTaskCreate                       0x0800083d   Thumb Code    20  uctsk_ssnp_tbc.o(i.App_SSNPTaskCreate)
    App_TCBInitHook                          0x08000859   Thumb Code     2  os_apphooks.o(i.App_TCBInitHook)
    App_TaskCreateHook                       0x08000863   Thumb Code     2  os_apphooks.o(i.App_TaskCreateHook)
    App_TaskIdleHook                         0x08000865   Thumb Code     2  os_apphooks.o(i.App_TaskIdleHook)
    App_TaskStatHook                         0x08000883   Thumb Code     2  os_apphooks.o(i.App_TaskStatHook)
    App_TaskSwHook                           0x08000885   Thumb Code     2  os_apphooks.o(i.App_TaskSwHook)
    App_TimeTickHook                         0x08000887   Thumb Code     2  os_apphooks.o(i.App_TimeTickHook)
    BusFault_Handler                         0x08000889   Thumb Code     4  stm32f10x_it.o(i.BusFault_Handler)
    DebugMon_Handler                         0x0800088d   Thumb Code     2  stm32f10x_it.o(i.DebugMon_Handler)
    ETH_DMAClearITPendingBit                 0x080008b5   Thumb Code     6  stm32_eth.o(i.ETH_DMAClearITPendingBit)
    ETH_DMAITConfig                          0x080008c1   Thumb Code    26  stm32_eth.o(i.ETH_DMAITConfig)
    ETH_DMAReceptionCmd                      0x080008e1   Thumb Code    30  stm32_eth.o(i.ETH_DMAReceptionCmd)
    ETH_DMARxDescChainInit                   0x08000905   Thumb Code    76  stm32_eth.o(i.ETH_DMARxDescChainInit)
    ETH_DMARxDescReceiveITConfig             0x08000959   Thumb Code    22  stm32_eth.o(i.ETH_DMARxDescReceiveITConfig)
    ETH_DMATransmissionCmd                   0x08000971   Thumb Code    30  stm32_eth.o(i.ETH_DMATransmissionCmd)
    ETH_DMATxDescChainInit                   0x08000995   Thumb Code    70  stm32_eth.o(i.ETH_DMATxDescChainInit)
    ETH_DeInit                               0x080009e5   Thumb Code    22  stm32_eth.o(i.ETH_DeInit)
    ETH_FlushTransmitFIFO                    0x08000a09   Thumb Code    14  stm32_eth.o(i.ETH_FlushTransmitFIFO)
    ETH_GetCurrentTxBuffer                   0x08000a1d   Thumb Code     8  ethernetif.o(i.ETH_GetCurrentTxBuffer)
    ETH_GetDMARxDescFrameLength              0x08000a29   Thumb Code    10  stm32_eth.o(i.ETH_GetDMARxDescFrameLength)
    ETH_GetRxPktSize                         0x08000a35   Thumb Code    66  stm32_eth.o(i.ETH_GetRxPktSize)
    ETH_GetSoftwareResetStatus               0x08000a7d   Thumb Code    20  stm32_eth.o(i.ETH_GetSoftwareResetStatus)
    ETH_IRQHandler                           0x08000a95   Thumb Code    60  ssnp_for_app.o(i.ETH_IRQHandler)
    ETH_Init                                 0x08000ad9   Thumb Code   552  stm32_eth.o(i.ETH_Init)
    ETH_MACAddressConfig                     0x08000d25   Thumb Code    46  stm32_eth.o(i.ETH_MACAddressConfig)
    ETH_MACReceptionCmd                      0x08000d59   Thumb Code    30  stm32_eth.o(i.ETH_MACReceptionCmd)
    ETH_MACTransmissionCmd                   0x08000d7d   Thumb Code    30  stm32_eth.o(i.ETH_MACTransmissionCmd)
    ETH_ReadPHYRegister                      0x08000da1   Thumb Code    88  stm32_eth.o(i.ETH_ReadPHYRegister)
    ETH_RxPkt_ChainMode                      0x08000e01   Thumb Code   148  ethernetif.o(i.ETH_RxPkt_ChainMode)
    ETH_SoftwareReset                        0x08000e9d   Thumb Code    14  stm32_eth.o(i.ETH_SoftwareReset)
    ETH_Start                                0x08000eb1   Thumb Code    32  stm32_eth.o(i.ETH_Start)
    ETH_StructInit                           0x08000ed1   Thumb Code   164  stm32_eth.o(i.ETH_StructInit)
    ETH_TxPkt_ChainMode                      0x08000f75   Thumb Code    94  ethernetif.o(i.ETH_TxPkt_ChainMode)
    ETH_WritePHYRegister                     0x08000fdd   Thumb Code    88  stm32_eth.o(i.ETH_WritePHYRegister)
    GPIO_ETH_MediaInterfaceConfig            0x080010dd   Thumb Code     6  stm32f10x_gpio.o(i.GPIO_ETH_MediaInterfaceConfig)
    GPIO_Init                                0x080010e9   Thumb Code   274  stm32f10x_gpio.o(i.GPIO_Init)
    GPIO_PinRemapConfig                      0x080011fd   Thumb Code   138  stm32f10x_gpio.o(i.GPIO_PinRemapConfig)
    HardFault_Handler                        0x0800128d   Thumb Code     4  stm32f10x_it.o(i.HardFault_Handler)
    InitiateDiscovery                        0x08001291   Thumb Code   134  ethbcp.o(i.InitiateDiscovery)
    MemManage_Handler                        0x08001349   Thumb Code     4  stm32f10x_it.o(i.MemManage_Handler)
    NMI_Handler                              0x0800134d   Thumb Code     2  stm32f10x_it.o(i.NMI_Handler)
    NVIC_Init                                0x080013c5   Thumb Code   118  misc.o(i.NVIC_Init)
    NVIC_PriorityGroupConfig                 0x08001449   Thumb Code    10  misc.o(i.NVIC_PriorityGroupConfig)
    OSDebugInit                              0x0800145d   Thumb Code   118  os_dbg.o(i.OSDebugInit)
    OSEventNameSet                           0x080015b9   Thumb Code   100  os_core.o(i.OSEventNameSet)
    OSInit                                   0x08001621   Thumb Code    56  os_core.o(i.OSInit)
    OSInitHookBegin                          0x08001659   Thumb Code     8  os_cpu_c.o(i.OSInitHookBegin)
    OSInitHookEnd                            0x08001665   Thumb Code     2  os_cpu_c.o(i.OSInitHookEnd)
    OSIntExit                                0x08001669   Thumb Code   112  os_core.o(i.OSIntExit)
    OSMemCreate                              0x080016f9   Thumb Code   164  os_mem.o(i.OSMemCreate)
    OSMemGet                                 0x080017a1   Thumb Code    72  os_mem.o(i.OSMemGet)
    OSMemPut                                 0x080017e9   Thumb Code    66  os_mem.o(i.OSMemPut)
    OSQAccept                                0x0800182b   Thumb Code    98  os_q.o(i.OSQAccept)
    OSQCreate                                0x0800188d   Thumb Code   144  os_q.o(i.OSQCreate)
    OSQDel                                   0x0800192d   Thumb Code   254  os_q.o(i.OSQDel)
    OSQFlush                                 0x08001a3d   Thumb Code    52  os_q.o(i.OSQFlush)
    OSQPend                                  0x08001a71   Thumb Code   288  os_q.o(i.OSQPend)
    OSQPost                                  0x08001b9d   Thumb Code   120  os_q.o(i.OSQPost)
    OSSchedLock                              0x08001c15   Thumb Code    50  os_core.o(i.OSSchedLock)
    OSSchedUnlock                            0x08001c55   Thumb Code    82  os_core.o(i.OSSchedUnlock)
    OSSemCreate                              0x08001cb5   Thumb Code    72  os_sem.o(i.OSSemCreate)
    OSSemDel                                 0x08001d09   Thumb Code   220  os_sem.o(i.OSSemDel)
    OSSemPend                                0x08001df1   Thumb Code   236  os_sem.o(i.OSSemPend)
    OSSemPost                                0x08001ee9   Thumb Code    94  os_sem.o(i.OSSemPost)
    OSStart                                  0x08001f49   Thumb Code    48  os_core.o(i.OSStart)
    OSStatInit                               0x08001f91   Thumb Code    62  os_core.o(i.OSStatInit)
    OSTCBInitHook                            0x08001fdd   Thumb Code    12  os_cpu_c.o(i.OSTCBInitHook)
    OSTaskCreate                             0x08001fe9   Thumb Code   154  os_task.o(i.OSTaskCreate)
    OSTaskCreateExt                          0x08002091   Thumb Code   178  os_task.o(i.OSTaskCreateExt)
    OSTaskCreateHook                         0x08002151   Thumb Code    12  os_cpu_c.o(i.OSTaskCreateHook)
    OSTaskIdleHook                           0x0800215d   Thumb Code     8  os_cpu_c.o(i.OSTaskIdleHook)
    OSTaskNameSet                            0x08002165   Thumb Code   120  os_task.o(i.OSTaskNameSet)
    OSTaskStatHook                           0x080021e9   Thumb Code     8  os_cpu_c.o(i.OSTaskStatHook)
    OSTaskStkChk                             0x080021f1   Thumb Code   150  os_task.o(i.OSTaskStkChk)
    OSTaskStkInit                            0x08002291   Thumb Code   154  os_cpu_c.o(i.OSTaskStkInit)
    OSTaskSuspend                            0x0800232d   Thumb Code   180  os_task.o(i.OSTaskSuspend)
    OSTaskSwHook                             0x080023f1   Thumb Code     8  os_cpu_c.o(i.OSTaskSwHook)
    OSTimeDly                                0x080023f9   Thumb Code   108  os_time.o(i.OSTimeDly)
    OSTimeDlyHMSM                            0x08002479   Thumb Code   124  os_time.o(i.OSTimeDlyHMSM)
    OSTimeGet                                0x080024fd   Thumb Code    24  os_time.o(i.OSTimeGet)
    OSTimeTick                               0x08002519   Thumb Code   218  os_core.o(i.OSTimeTick)
    OSTimeTickHook                           0x0800260d   Thumb Code    34  os_cpu_c.o(i.OSTimeTickHook)
    OSTmrSignal                              0x08002635   Thumb Code    16  os_tmr.o(i.OSTmrSignal)
    OSTmr_Init                               0x08002649   Thumb Code   168  os_tmr.o(i.OSTmr_Init)
    OS_CPU_SysTickInit                       0x080028bd   Thumb Code    86  os_cpu_c.o(i.OS_CPU_SysTickInit)
    OS_EventTaskRdy                          0x08002921   Thumb Code   138  os_core.o(i.OS_EventTaskRdy)
    OS_EventTaskRemove                       0x080029bd   Thumb Code    50  os_core.o(i.OS_EventTaskRemove)
    OS_EventTaskRemoveMulti                  0x080029ef   Thumb Code    80  os_core.o(i.OS_EventTaskRemoveMulti)
    OS_EventTaskWait                         0x08002a41   Thumb Code   120  os_core.o(i.OS_EventTaskWait)
    OS_EventWaitListInit                     0x08002ac5   Thumb Code    28  os_core.o(i.OS_EventWaitListInit)
    OS_FlagInit                              0x08002ae1   Thumb Code    74  os_flag.o(i.OS_FlagInit)
    OS_MemClr                                0x08002d51   Thumb Code    18  os_core.o(i.OS_MemClr)
    OS_MemInit                               0x08002d65   Thumb Code    74  os_mem.o(i.OS_MemInit)
    OS_QInit                                 0x08002dbd   Thumb Code    72  os_q.o(i.OS_QInit)
    OS_Sched                                 0x08002e0d   Thumb Code    88  os_core.o(i.OS_Sched)
    OS_TCBInit                               0x08002ead   Thumb Code   294  os_core.o(i.OS_TCBInit)
    OS_TaskIdle                              0x08002ff1   Thumb Code    34  os_core.o(i.OS_TaskIdle)
    OS_TaskStat                              0x08003019   Thumb Code   116  os_core.o(i.OS_TaskStat)
    OS_TaskStatStkChk                        0x080030a1   Thumb Code    54  os_core.o(i.OS_TaskStatStkChk)
    OS_TaskStkClr                            0x080030dd   Thumb Code    26  os_task.o(i.OS_TaskStkClr)
    RCC_AHBPeriphClockCmd                    0x080030f9   Thumb Code    26  stm32f10x_rcc.o(i.RCC_AHBPeriphClockCmd)
    RCC_AHBPeriphResetCmd                    0x08003119   Thumb Code    26  stm32f10x_rcc.o(i.RCC_AHBPeriphResetCmd)
    RCC_APB1PeriphClockCmd                   0x08003139   Thumb Code    26  stm32f10x_rcc.o(i.RCC_APB1PeriphClockCmd)
    RCC_APB2PeriphClockCmd                   0x08003159   Thumb Code    26  stm32f10x_rcc.o(i.RCC_APB2PeriphClockCmd)
    RCC_GetClocksFreq                        0x08003179   Thumb Code   374  stm32f10x_rcc.o(i.RCC_GetClocksFreq)
    RCC_GetFlagStatus                        0x08003309   Thumb Code    56  stm32f10x_rcc.o(i.RCC_GetFlagStatus)
    RCC_MCOConfig                            0x08003345   Thumb Code     6  stm32f10x_rcc.o(i.RCC_MCOConfig)
    RCC_PLL3Cmd                              0x08003351   Thumb Code     6  stm32f10x_rcc.o(i.RCC_PLL3Cmd)
    RCC_PLL3Config                           0x0800335d   Thumb Code    18  stm32f10x_rcc.o(i.RCC_PLL3Config)
    SVC_Handler                              0x08003375   Thumb Code     2  stm32f10x_it.o(i.SVC_Handler)
    SysTick_Handler                          0x08003481   Thumb Code    34  stm32f10x_it.o(i.SysTick_Handler)
    SystemInit                               0x080034a9   Thumb Code    92  system_stm32f10x.o(i.SystemInit)
    TBC_DLL_init                             0x08003515   Thumb Code    58  ethbcp.o(i.TBC_DLL_init)
    TBC_init                                 0x0800357d   Thumb Code    26  tbc.o(i.TBC_init)
    TBC_send_cmd_to_tbim                     0x0800359d   Thumb Code    36  tbc.o(i.TBC_send_cmd_to_tbim)
    TBC_send_noArguCmd_to_tbim               0x080035c1   Thumb Code    36  tbc.o(i.TBC_send_noArguCmd_to_tbim)
    TBC_send_noArgucmd                       0x080035e5   Thumb Code    34  tbc.o(i.TBC_send_noArgucmd)
    TBC_send_upcomputer_cmd                  0x08003607   Thumb Code    24  tbc.o(i.TBC_send_upcomputer_cmd)
    TBIM_recongnition                        0x0800361f   Thumb Code    42  tbc.o(i.TBIM_recongnition)
    TIM5_IRQHandler                          0x08003649   Thumb Code    60  uctsk_ssnp_tbc.o(i.TIM5_IRQHandler)
    TIM_ClearITPendingBit                    0x080036d1   Thumb Code     6  stm32f10x_tim.o(i.TIM_ClearITPendingBit)
    TIM_Cmd                                  0x080036d7   Thumb Code    24  stm32f10x_tim.o(i.TIM_Cmd)
    TIM_GetCounter                           0x080036ef   Thumb Code     6  stm32f10x_tim.o(i.TIM_GetCounter)
    TIM_GetITStatus                          0x080036f5   Thumb Code    34  stm32f10x_tim.o(i.TIM_GetITStatus)
    TIM_ITConfig                             0x08003717   Thumb Code    24  stm32f10x_tim.o(i.TIM_ITConfig)
    TIM_TimeBaseInit                         0x08003731   Thumb Code   122  stm32f10x_tim.o(i.TIM_TimeBaseInit)
    USART1_IRQHandler                        0x080037d5   Thumb Code     2  stm32f10x_it.o(i.USART1_IRQHandler)
    USART2_IRQHandler                        0x080037d9   Thumb Code   124  ssnp_for_app.o(i.USART2_IRQHandler)
    USART_ClearFlag                          0x0800387d   Thumb Code    18  stm32f10x_usart.o(i.USART_ClearFlag)
    USART_Cmd                                0x0800388f   Thumb Code    24  stm32f10x_usart.o(i.USART_Cmd)
    USART_GetFlagStatus                      0x08003949   Thumb Code    26  stm32f10x_usart.o(i.USART_GetFlagStatus)
    USART_GetITStatus                        0x08003963   Thumb Code    84  stm32f10x_usart.o(i.USART_GetITStatus)
    USART_ITConfig                           0x080039b7   Thumb Code    74  stm32f10x_usart.o(i.USART_ITConfig)
    USART_Init                               0x08003a01   Thumb Code   210  stm32f10x_usart.o(i.USART_Init)
    USART_ReceiveData                        0x08003ad9   Thumb Code    10  stm32f10x_usart.o(i.USART_ReceiveData)
    USART_SendData                           0x08003ae3   Thumb Code     8  stm32f10x_usart.o(i.USART_SendData)
    UsageFault_Handler                       0x08003aeb   Thumb Code     4  stm32f10x_it.o(i.UsageFault_Handler)
    __0printf                                0x08003af1   Thumb Code    22  printfa.o(i.__0printf)
    __1printf                                0x08003af1   Thumb Code     0  printfa.o(i.__0printf)
    __2printf                                0x08003af1   Thumb Code     0  printfa.o(i.__0printf)
    __c89printf                              0x08003af1   Thumb Code     0  printfa.o(i.__0printf)
    printf                                   0x08003af1   Thumb Code     0  printfa.o(i.__0printf)
    __scatterload_copy                       0x08003b11   Thumb Code    14  handlers.o(i.__scatterload_copy)
    __scatterload_null                       0x08003b1f   Thumb Code     2  handlers.o(i.__scatterload_null)
    __scatterload_zeroinit                   0x08003b21   Thumb Code    14  handlers.o(i.__scatterload_zeroinit)
    add_alias_pending                        0x080043ad   Thumb Code    82  alias_state.o(i.add_alias_pending)
    alias_check_timer                        0x08004501   Thumb Code    30  timer.o(i.alias_check_timer)
    alias_done                               0x08004525   Thumb Code   190  alias_state.o(i.alias_done)
    alloc_alias_map                          0x080045ed   Thumb Code    70  alias_map.o(i.alloc_alias_map)
    clear_unresponsive_alias                 0x08004745   Thumb Code    68  alias_state.o(i.clear_unresponsive_alias)
    deQueue                                  0x080049d9   Thumb Code    86  upcomputer.o(i.deQueue)
    del_alias_map                            0x08004a35   Thumb Code    40  alias_map.o(i.del_alias_map)
    do_bind                                  0x08004ac1   Thumb Code   114  api_msg.o(i.do_bind)
    do_connect                               0x08004b33   Thumb Code   100  api_msg.o(i.do_connect)
    do_get_alias_alloc_state                 0x08004b97   Thumb Code    24  api_msg.o(i.do_get_alias_alloc_state)
    do_newconn                               0x08004baf   Thumb Code    30  api_msg.o(i.do_newconn)
    do_send                                  0x08004bcd   Thumb Code   164  api_msg.o(i.do_send)
    dp_bind                                  0x08004c91   Thumb Code    50  dp.o(i.dp_bind)
    dp_connect                               0x08004cc9   Thumb Code    52  dp.o(i.dp_connect)
    dp_input                                 0x08004d01   Thumb Code   538  dp.o(i.dp_input)
    dp_new                                   0x080050e5   Thumb Code    24  dp.o(i.dp_new)
    dp_recv                                  0x080050fd   Thumb Code     6  dp.o(i.dp_recv)
    dp_sendto                                0x08005103   Thumb Code    46  dp.o(i.dp_sendto)
    dp_sendto_if                             0x08005131   Thumb Code   352  dp.o(i.dp_sendto_if)
    enQueue                                  0x080052e5   Thumb Code    66  upcomputer.o(i.enQueue)
    ethbcp_output                            0x080055a1   Thumb Code   140  ethbcp.o(i.ethbcp_output)
    ethernet_input                           0x08005771   Thumb Code   222  ethbcp.o(i.ethernet_input)
    ethernetif_init                          0x0800592d   Thumb Code    70  ethernetif.o(i.ethernetif_init)
    ethernetif_input                         0x080059a5   Thumb Code    66  ethernetif.o(i.ethernetif_input)
    find_tbim                                0x08005a2d   Thumb Code    52  tbc.o(i.find_tbim)
    fputc                                    0x08005a65   Thumb Code    32  uctsk_ssnp_tbc.o(i.fputc)
    get_alias_alloc_state                    0x08005cf5   Thumb Code     6  ethbcp.o(i.get_alias_alloc_state)
    get_alias_done_list                      0x08005d01   Thumb Code     6  alias_state.o(i.get_alias_done_list)
    get_done_list                            0x08005d0d   Thumb Code    20  ethbcp.o(i.get_done_list)
    get_epoch                                0x08005d41   Thumb Code   218  tbc.o(i.get_epoch)
    get_tbim                                 0x08005e61   Thumb Code    38  api_lib.o(i.get_tbim)
    hardware_init                            0x08005e8d   Thumb Code     8  ssnp_for_app.o(i.hardware_init)
    inet_chksum                              0x08005e95   Thumb Code     6  inet_chksum.o(i.inet_chksum)
    init_queue                               0x08005e9d   Thumb Code    12  upcomputer.o(i.init_queue)
    isQempty                                 0x08005f3d   Thumb Code    16  upcomputer.o(i.isQempty)
    isQfull                                  0x08005f51   Thumb Code    34  upcomputer.o(i.isQfull)
    is_exist_in_pending_list                 0x08005f79   Thumb Code    26  alias_state.o(i.is_exist_in_pending_list)
    is_reflect_reply_ok                      0x08005f95   Thumb Code     6  ethbcp.o(i.is_reflect_reply_ok)
    main                                     0x080060f1   Thumb Code    72  main.o(i.main)
    mem_alloc                                0x0800614d   Thumb Code   246  mem.o(i.mem_alloc)
    mem_free                                 0x08006255   Thumb Code    74  mem.o(i.mem_free)
    mem_init                                 0x080062b1   Thumb Code    82  mem.o(i.mem_init)
    mem_trim                                 0x08006319   Thumb Code   252  mem.o(i.mem_trim)
    memp_alloc                               0x08006425   Thumb Code    38  memp.o(i.memp_alloc)
    memp_free                                0x08006451   Thumb Code    46  memp.o(i.memp_free)
    memp_init                                0x08006485   Thumb Code    70  memp.o(i.memp_init)
    netbuf_delete                            0x0800651f   Thumb Code    30  netbuf.o(i.netbuf_delete)
    netbuf_free                              0x0800653d   Thumb Code    20  netbuf.o(i.netbuf_free)
    netbuf_ref                               0x08006551   Thumb Code    56  netbuf.o(i.netbuf_ref)
    netconn_bind                             0x08006659   Thumb Code    50  api_lib.o(i.netconn_bind)
    netconn_connect                          0x08006691   Thumb Code    50  api_lib.o(i.netconn_connect)
    netconn_new                              0x080066c9   Thumb Code    60  api_lib.o(i.netconn_new)
    netconn_recv                             0x08006709   Thumb Code    40  api_lib.o(i.netconn_recv)
    netconn_send                             0x08006731   Thumb Code    52  api_lib.o(i.netconn_send)
    netconn_sendto                           0x08006769   Thumb Code    36  api_lib.o(i.netconn_sendto)
    netif_add                                0x0800678d   Thumb Code    84  netif.o(i.netif_add)
    netif_init                               0x0800680d   Thumb Code     2  netif.o(i.netif_init)
    netif_set_default                        0x08006811   Thumb Code     6  netif.o(i.netif_set_default)
    pbuf_alloc                               0x0800681d   Thumb Code   366  pbuf.o(i.pbuf_alloc)
    pbuf_cat                                 0x080069ad   Thumb Code    36  pbuf.o(i.pbuf_cat)
    pbuf_chain                               0x080069d1   Thumb Code    22  pbuf.o(i.pbuf_chain)
    pbuf_free                                0x080069e7   Thumb Code   108  pbuf.o(i.pbuf_free)
    pbuf_header                              0x08006a53   Thumb Code   106  pbuf.o(i.pbuf_header)
    pbuf_realloc                             0x08006abd   Thumb Code   100  pbuf.o(i.pbuf_realloc)
    pbuf_ref                                 0x08006b21   Thumb Code    26  pbuf.o(i.pbuf_ref)
    protocol_init                            0x08006c41   Thumb Code    78  ssnp_for_app.o(i.protocol_init)
    protocol_stack_init                      0x08006ca9   Thumb Code    28  init.o(i.protocol_stack_init)
    sdp_bind                                 0x08006e1d   Thumb Code    50  sdp.o(i.sdp_bind)
    sdp_connect                              0x08006e55   Thumb Code    52  sdp.o(i.sdp_connect)
    sdp_input                                0x08006e8d   Thumb Code   514  sdp.o(i.sdp_input)
    sdp_new                                  0x080071a1   Thumb Code    24  sdp.o(i.sdp_new)
    sdp_recv                                 0x080071b9   Thumb Code     6  sdp.o(i.sdp_recv)
    sdp_sendto                               0x080071bf   Thumb Code    46  sdp.o(i.sdp_sendto)
    sdp_sendto_if                            0x080071ed   Thumb Code   362  sdp.o(i.sdp_sendto_if)
    send_assign_time_slot_msg                0x0800748d   Thumb Code   168  ethbcp.o(i.send_assign_time_slot_msg)
    send_begin_of_epoch_msg                  0x08007571   Thumb Code   126  ethbcp.o(i.send_begin_of_epoch_msg)
    send_define_epoch_msg                    0x08007671   Thumb Code   164  ethbcp.o(i.send_define_epoch_msg)
    send_discovery_msg                       0x0800774d   Thumb Code    10  ssnp_for_app.o(i.send_discovery_msg)
    send_reflect_msg                         0x080077ad   Thumb Code   134  ethbcp.o(i.send_reflect_msg)
    send_sdp_upcomputer                      0x08007869   Thumb Code    60  upcomputer.o(i.send_sdp_upcomputer)
    send_upcomputer                          0x080078fd   Thumb Code    42  upcomputer.o(i.send_upcomputer)
    set_alias_alloc_done                     0x0800792d   Thumb Code     8  ethbcp.o(i.set_alias_alloc_done)
    set_connection_recvmbox                  0x08007939   Thumb Code    12  api_lib.o(i.set_connection_recvmbox)
    set_mac_address                          0x08007945   Thumb Code    32  ethernetif.o(i.set_mac_address)
    set_reflect_reply_unfinished             0x08007969   Thumb Code     8  ethbcp.o(i.set_reflect_reply_unfinished)
    set_syn_asyn_num                         0x0800797d   Thumb Code    12  tbc.o(i.set_syn_asyn_num)
    ssnp_apimsg                              0x0800798d   Thumb Code    52  ssnp.o(i.ssnp_apimsg)
    ssnp_apimsg_alias_list                   0x080079c5   Thumb Code    50  ssnp.o(i.ssnp_apimsg_alias_list)
    ssnp_init                                0x080079fd   Thumb Code    48  ssnp.o(i.ssnp_init)
    ssnp_input                               0x08007a59   Thumb Code    84  ssnp.o(i.ssnp_input)
    sys_arch_mbox_fetch                      0x08007b95   Thumb Code   136  sys_arch.o(i.sys_arch_mbox_fetch)
    sys_arch_mbox_fetch_unblock              0x08007c21   Thumb Code    20  sys_arch.o(i.sys_arch_mbox_fetch_unblock)
    sys_arch_sem_wait                        0x08007c35   Thumb Code   108  sys_arch.o(i.sys_arch_sem_wait)
    sys_init                                 0x08007ca1   Thumb Code    26  sys_arch.o(i.sys_init)
    sys_mbox_free                            0x08007cc5   Thumb Code    78  sys_arch.o(i.sys_mbox_free)
    sys_mbox_new                             0x08007d3d   Thumb Code    72  sys_arch.o(i.sys_mbox_new)
    sys_mbox_post                            0x08007d95   Thumb Code    42  sys_arch.o(i.sys_mbox_post)
    sys_mbox_trypost                         0x08007dc5   Thumb Code    30  sys_arch.o(i.sys_mbox_trypost)
    sys_sem_free                             0x08007de9   Thumb Code    16  sys_arch.o(i.sys_sem_free)
    sys_sem_new                              0x08007df9   Thumb Code    16  sys_arch.o(i.sys_sem_new)
    sys_sem_signal                           0x08007e09   Thumb Code    12  sys_arch.o(i.sys_sem_signal)
    sys_thread_new                           0x08007e15   Thumb Code   126  sys_arch.o(i.sys_thread_new)
    sys_time_get                             0x08007e99   Thumb Code     8  sys_arch.o(i.sys_time_get)
    sys_timeout                              0x08007ea1   Thumb Code   148  timer.o(i.sys_timeout)
    sys_timeouts_init                        0x08007f39   Thumb Code    16  timer.o(i.sys_timeouts_init)
    sys_timeouts_mbox_fetch                  0x08007f4d   Thumb Code   136  timer.o(i.sys_timeouts_mbox_fetch)
    sys_untimeout                            0x08007fd9   Thumb Code    90  timer.o(i.sys_untimeout)
    tbc_send_begin_of_epoch_msg              0x08008039   Thumb Code    10  ssnp_for_app.o(i.tbc_send_begin_of_epoch_msg)
    tbc_send_define_epoch_msg                0x08008049   Thumb Code    18  ssnp_for_app.o(i.tbc_send_define_epoch_msg)
    tbc_send_reflect_msg                     0x08008061   Thumb Code    14  ssnp_for_app.o(i.tbc_send_reflect_msg)
    tbc_send_timeslot_msg                    0x08008075   Thumb Code    26  ssnp_for_app.o(i.tbc_send_timeslot_msg)
    timeslot_alloc                           0x080080b1   Thumb Code     8  tbc.o(i.timeslot_alloc)
    tp_bind                                  0x080080b9   Thumb Code    68  tp.o(i.tp_bind)
    tp_connect                               0x08008101   Thumb Code    52  tp.o(i.tp_connect)
    tp_input                                 0x08008139   Thumb Code   320  tp.o(i.tp_input)
    tp_new                                   0x08008365   Thumb Code    24  tp.o(i.tp_new)
    tp_recv                                  0x0800837d   Thumb Code     6  tp.o(i.tp_recv)
    tp_sendto                                0x08008383   Thumb Code    46  tp.o(i.tp_sendto)
    tp_sendto_if                             0x080083b1   Thumb Code   186  tp.o(i.tp_sendto_if)
    OSDebugEn                                0x08008754   Data           2  os_dbg.o(.constdata)
    OSEndiannessTest                         0x08008758   Data           4  os_dbg.o(.constdata)
    OSEventEn                                0x0800875c   Data           2  os_dbg.o(.constdata)
    OSEventMax                               0x0800875e   Data           2  os_dbg.o(.constdata)
    OSEventNameEn                            0x08008760   Data           2  os_dbg.o(.constdata)
    OSEventSize                              0x08008762   Data           2  os_dbg.o(.constdata)
    OSEventTblSize                           0x08008764   Data           2  os_dbg.o(.constdata)
    OSEventMultiEn                           0x08008766   Data           2  os_dbg.o(.constdata)
    OSFlagEn                                 0x08008768   Data           2  os_dbg.o(.constdata)
    OSFlagGrpSize                            0x0800876a   Data           2  os_dbg.o(.constdata)
    OSFlagNodeSize                           0x0800876c   Data           2  os_dbg.o(.constdata)
    OSFlagWidth                              0x0800876e   Data           2  os_dbg.o(.constdata)
    OSFlagMax                                0x08008770   Data           2  os_dbg.o(.constdata)
    OSFlagNameEn                             0x08008772   Data           2  os_dbg.o(.constdata)
    OSLowestPrio                             0x08008774   Data           2  os_dbg.o(.constdata)
    OSMboxEn                                 0x08008776   Data           2  os_dbg.o(.constdata)
    OSMemEn                                  0x08008778   Data           2  os_dbg.o(.constdata)
    OSMemMax                                 0x0800877a   Data           2  os_dbg.o(.constdata)
    OSMemNameEn                              0x0800877c   Data           2  os_dbg.o(.constdata)
    OSMemSize                                0x0800877e   Data           2  os_dbg.o(.constdata)
    OSMemTblSize                             0x08008780   Data           2  os_dbg.o(.constdata)
    OSMutexEn                                0x08008782   Data           2  os_dbg.o(.constdata)
    OSPtrSize                                0x08008784   Data           2  os_dbg.o(.constdata)
    OSQEn                                    0x08008786   Data           2  os_dbg.o(.constdata)
    OSQMax                                   0x08008788   Data           2  os_dbg.o(.constdata)
    OSQSize                                  0x0800878a   Data           2  os_dbg.o(.constdata)
    OSRdyTblSize                             0x0800878c   Data           2  os_dbg.o(.constdata)
    OSSemEn                                  0x0800878e   Data           2  os_dbg.o(.constdata)
    OSStkWidth                               0x08008790   Data           2  os_dbg.o(.constdata)
    OSTaskCreateEn                           0x08008792   Data           2  os_dbg.o(.constdata)
    OSTaskCreateExtEn                        0x08008794   Data           2  os_dbg.o(.constdata)
    OSTaskDelEn                              0x08008796   Data           2  os_dbg.o(.constdata)
    OSTaskIdleStkSize                        0x08008798   Data           2  os_dbg.o(.constdata)
    OSTaskProfileEn                          0x0800879a   Data           2  os_dbg.o(.constdata)
    OSTaskMax                                0x0800879c   Data           2  os_dbg.o(.constdata)
    OSTaskNameEn                             0x0800879e   Data           2  os_dbg.o(.constdata)
    OSTaskStatEn                             0x080087a0   Data           2  os_dbg.o(.constdata)
    OSTaskStatStkSize                        0x080087a2   Data           2  os_dbg.o(.constdata)
    OSTaskStatStkChkEn                       0x080087a4   Data           2  os_dbg.o(.constdata)
    OSTaskSwHookEn                           0x080087a6   Data           2  os_dbg.o(.constdata)
    OSTaskRegTblSize                         0x080087a8   Data           2  os_dbg.o(.constdata)
    OSTCBPrioTblMax                          0x080087aa   Data           2  os_dbg.o(.constdata)
    OSTCBSize                                0x080087ac   Data           2  os_dbg.o(.constdata)
    OSTicksPerSec                            0x080087ae   Data           2  os_dbg.o(.constdata)
    OSTimeTickHookEn                         0x080087b0   Data           2  os_dbg.o(.constdata)
    OSVersionNbr                             0x080087b2   Data           2  os_dbg.o(.constdata)
    OSTmrEn                                  0x080087b4   Data           2  os_dbg.o(.constdata)
    OSTmrCfgMax                              0x080087b6   Data           2  os_dbg.o(.constdata)
    OSTmrCfgNameEn                           0x080087b8   Data           2  os_dbg.o(.constdata)
    OSTmrCfgWheelSize                        0x080087ba   Data           2  os_dbg.o(.constdata)
    OSTmrCfgTicksPerSec                      0x080087bc   Data           2  os_dbg.o(.constdata)
    OSTmrSize                                0x080087be   Data           2  os_dbg.o(.constdata)
    OSTmrTblSize                             0x080087c0   Data           2  os_dbg.o(.constdata)
    OSTmrWheelSize                           0x080087c2   Data           2  os_dbg.o(.constdata)
    OSTmrWheelTblSize                        0x080087c4   Data           2  os_dbg.o(.constdata)
    OSDataSize                               0x080087c6   Data           2  os_dbg.o(.constdata)
    OSUnMapTbl                               0x080087c8   Data         256  os_core.o(.constdata)
    pvNullPointer                            0x080088f8   Data           4  sys_arch.o(.constdata)
    Region$$Table$$Base                      0x08008940   Number         0  anon$$obj.o(Region$$Table)
    Region$$Table$$Limit                     0x08008960   Number         0  anon$$obj.o(Region$$Table)
    recv_num                                 0x20000000   Data           4  uctsk_ssnp_tbc.o(.data)
    syn_num                                  0x20000004   Data           4  uctsk_ssnp_tbc.o(.data)
    asyn_num                                 0x20000008   Data           4  uctsk_ssnp_tbc.o(.data)
    upcomputer_cmd_recv_mbox                 0x20000014   Data           4  uctsk_ssnp_tbc.o(.data)
    get_up_cmd                               0x20000018   Data           4  uctsk_ssnp_tbc.o(.data)
    get_up_cmd_alias                         0x2000001c   Data           1  uctsk_ssnp_tbc.o(.data)
    get_up_cmd_tdcn                          0x2000001d   Data           1  uctsk_ssnp_tbc.o(.data)
    DMATxDescToSet                           0x20000034   Data           4  stm32_eth.o(.data)
    DMARxDescToGet                           0x20000038   Data           4  stm32_eth.o(.data)
    DMAPTPTxDescToSet                        0x2000003c   Data           4  stm32_eth.o(.data)
    DMAPTPRxDescToGet                        0x20000040   Data           4  stm32_eth.o(.data)
    SystemCoreClock                          0x20000044   Data           4  system_stm32f10x.o(.data)
    AHBPrescTable                            0x20000048   Data          16  system_stm32f10x.o(.data)
    OSCtxSwCtr                               0x2000005c   Data           4  os_core.o(.data)
    OSEventFreeList                          0x20000060   Data           4  os_core.o(.data)
    OSFlagFreeList                           0x20000064   Data           4  os_core.o(.data)
    OSCPUUsage                               0x20000068   Data           1  os_core.o(.data)
    OSIdleCtrMax                             0x2000006c   Data           4  os_core.o(.data)
    OSIdleCtrRun                             0x20000070   Data           4  os_core.o(.data)
    OSStatRdy                                0x20000074   Data           1  os_core.o(.data)
    OSIntNesting                             0x20000075   Data           1  os_core.o(.data)
    OSLockNesting                            0x20000076   Data           1  os_core.o(.data)
    OSPrioCur                                0x20000077   Data           1  os_core.o(.data)
    OSPrioHighRdy                            0x20000078   Data           1  os_core.o(.data)
    OSRdyGrp                                 0x20000079   Data           1  os_core.o(.data)
    OSRdyTbl                                 0x2000007a   Data           8  os_core.o(.data)
    OSRunning                                0x20000082   Data           1  os_core.o(.data)
    OSTaskCtr                                0x20000083   Data           1  os_core.o(.data)
    OSIdleCtr                                0x20000084   Data           4  os_core.o(.data)
    OSTCBCur                                 0x20000088   Data           4  os_core.o(.data)
    OSTCBFreeList                            0x2000008c   Data           4  os_core.o(.data)
    OSTCBHighRdy                             0x20000090   Data           4  os_core.o(.data)
    OSTCBList                                0x20000094   Data           4  os_core.o(.data)
    OSTickStepState                          0x20000098   Data           1  os_core.o(.data)
    OSMemFreeList                            0x2000009c   Data           4  os_core.o(.data)
    OSQFreeList                              0x200000a0   Data           4  os_core.o(.data)
    OSTime                                   0x200000a4   Data           4  os_core.o(.data)
    OSTmrFree                                0x200000a8   Data           2  os_core.o(.data)
    OSTmrUsed                                0x200000aa   Data           2  os_core.o(.data)
    OSTmrTime                                0x200000ac   Data           4  os_core.o(.data)
    OSTmrSem                                 0x200000b0   Data           4  os_core.o(.data)
    OSTmrSemSignal                           0x200000b4   Data           4  os_core.o(.data)
    OSTmrFreeList                            0x200000b8   Data           4  os_core.o(.data)
    mac_address                              0x200000cf   Data           6  ethernetif.o(.data)
    MACaddr                                  0x200000d5   Data           6  ethernetif.o(.data)
    netif_list                               0x200000ec   Data           4  netif.o(.data)
    netif_default                            0x200000f0   Data           4  netif.o(.data)
    temp_trx                                 0x20000110   Data           2  ssnp_for_app.o(.data)
    item                                     0x20000112   Data           4  ssnp_for_app.o(.data)
    as_list                                  0x2000011c   Data           4  alias_state.o(.data)
    __stdout                                 0x20000128   Data           4  stdout.o(.data)
    test_time                                0x20000658   Data        2400  uctsk_ssnp_tbc.o(.bss)
    TBIM_recv                                0x20000fb8   Data          40  uctsk_ssnp_tbc.o(.bss)
    OSEventTbl                               0x2000100c   Data         480  os_core.o(.bss)
    OSFlagTbl                                0x200011ec   Data          80  os_core.o(.bss)
    OSTaskStatStk                            0x2000123c   Data         256  os_core.o(.bss)
    OSTaskIdleStk                            0x2000133c   Data         128  os_core.o(.bss)
    OSTCBPrioTbl                             0x200013bc   Data         256  os_core.o(.bss)
    OSTCBTbl                                 0x200014bc   Data        1936  os_core.o(.bss)
    OSMemTbl                                 0x20001c4c   Data         120  os_core.o(.bss)
    OSQTbl                                   0x20001cc4   Data          96  os_core.o(.bss)
    OSTmrTbl                                 0x20001d24   Data         640  os_core.o(.bss)
    OSTmrTaskStk                             0x20001fa4   Data         256  os_core.o(.bss)
    OSTmrWheelTbl                            0x200020a4   Data          64  os_core.o(.bss)
    DMARxDscrTab                             0x200020e4   Data          64  ethernetif.o(.bss)
    DMATxDscrTab                             0x20002124   Data          32  ethernetif.o(.bss)
    Rx_Buff                                  0x20002144   Data        6080  ethernetif.o(.bss)
    Tx_Buff                                  0x20003904   Data        3040  ethernetif.o(.bss)
    RAM                                      0x200044e4   Data       10268  mem.o(.bss)
    SSNP_TASK_STK                            0x2000a9cc   Data        3600  sys_arch.o(.bss)
    tbc                                      0x2000d7c4   Data        6676  tbc.o(.bss)
    __initial_sp                             0x2000f9d8   Data           0  startup_stm32f10x_cl.o(STACK)



==============================================================================

Memory Map of the image

  Image Entry point : 0x08000151

  Load Region LR_IROM1 (Base: 0x08000000, Size: 0x00008a8c, Max: 0x00040000, ABSOLUTE, COMPRESSED[0x00008980])

    Execution Region ER_IROM1 (Base: 0x08000000, Size: 0x00008960, Max: 0x00040000, ABSOLUTE)

    Base Addr    Size         Type   Attr      Idx    E Section Name        Object

    0x08000000   0x00000150   Data   RO         4406    RESET               startup_stm32f10x_cl.o
    0x08000150   0x00000000   Code   RO         7828  * .ARM.Collect$$$$00000000  mc_w.l(entry.o)
    0x08000150   0x00000004   Code   RO         8100    .ARM.Collect$$$$00000001  mc_w.l(entry2.o)
    0x08000154   0x00000004   Code   RO         8103    .ARM.Collect$$$$00000004  mc_w.l(entry5.o)
    0x08000158   0x00000008   Code   RO         8104    .ARM.Collect$$$$00000007  mc_w.l(entry7.o)
    0x08000160   0x00000004   Code   RO         8101    .ARM.Collect$$$$00002712  mc_w.l(entry2.o)
    0x08000164   0x00000024   Code   RO         4407    .text               startup_stm32f10x_cl.o
    0x08000188   0x000000a4   Code   RO         4529    .text               os_cpu_a.o
    0x0800022c   0x0000002a   Code   RO         5424    .text               cpu_a.o
    0x08000256   0x00000024   Code   RO         7831    .text               mc_w.l(memcpya.o)
    0x0800027a   0x00000026   Code   RO         7833    .text               mc_w.l(memseta.o)
    0x080002a0   0x0000002c   Code   RO         8106    .text               mc_w.l(uidiv.o)
    0x080002cc   0x00000066   Code   RO         8108    .text               mc_w.l(uldiv.o)
    0x08000332   0x00000000   Code   RO         8117    .text               mc_w.l(iusefp.o)
    0x08000332   0x000000c2   Code   RO         8118    .text               mf_w.l(depilogue.o)
    0x080003f4   0x0000014a   Code   RO         8120    .text               mf_w.l(dadd.o)
    0x0800053e   0x000000e2   Code   RO         8122    .text               mf_w.l(dmul.o)
    0x08000620   0x000000de   Code   RO         8124    .text               mf_w.l(ddiv.o)
    0x080006fe   0x00000030   Code   RO         8128    .text               mf_w.l(dfixul.o)
    0x0800072e   0x00000002   PAD
    0x08000730   0x00000028   Code   RO         8132    .text               mf_w.l(cdrcmple.o)
    0x08000758   0x00000024   Code   RO         8134    .text               mc_w.l(init.o)
    0x0800077c   0x0000001e   Code   RO         8136    .text               mc_w.l(llshl.o)
    0x0800079a   0x00000020   Code   RO         8138    .text               mc_w.l(llushr.o)
    0x080007ba   0x00000024   Code   RO         8140    .text               mc_w.l(llsshr.o)
    0x080007de   0x0000005c   Code   RO         8150    .text               mc_w.l(__dczerorl2.o)
    0x0800083a   0x00000002   PAD
    0x0800083c   0x0000001c   Code   RO          204    i.App_SSNPTaskCreate  uctsk_ssnp_tbc.o
    0x08000858   0x00000002   Code   RO         5322    i.App_TCBInitHook   os_apphooks.o
    0x0800085a   0x00000008   Code   RO            1    i.App_TaskCreate    main.o
    0x08000862   0x00000002   Code   RO         5323    i.App_TaskCreateHook  os_apphooks.o
    0x08000864   0x00000002   Code   RO         5325    i.App_TaskIdleHook  os_apphooks.o
    0x08000866   0x0000001c   Code   RO            2    i.App_TaskStart     main.o
    0x08000882   0x00000002   Code   RO         5327    i.App_TaskStatHook  os_apphooks.o
    0x08000884   0x00000002   Code   RO         5328    i.App_TaskSwHook    os_apphooks.o
    0x08000886   0x00000002   Code   RO         5329    i.App_TimeTickHook  os_apphooks.o
    0x08000888   0x00000004   Code   RO          129    i.BusFault_Handler  stm32f10x_it.o
    0x0800088c   0x00000002   Code   RO          130    i.DebugMon_Handler  stm32f10x_it.o
    0x0800088e   0x00000012   Code   RO          205    i.Delay             uctsk_ssnp_tbc.o
    0x080008a0   0x00000012   Code   RO         7473    i.Delay             tbc.o
    0x080008b2   0x00000002   PAD
    0x080008b4   0x0000000c   Code   RO         3753    i.ETH_DMAClearITPendingBit  stm32_eth.o
    0x080008c0   0x00000020   Code   RO         3754    i.ETH_DMAITConfig   stm32_eth.o
    0x080008e0   0x00000024   Code   RO         3757    i.ETH_DMAReceptionCmd  stm32_eth.o
    0x08000904   0x00000054   Code   RO         3758    i.ETH_DMARxDescChainInit  stm32_eth.o
    0x08000958   0x00000016   Code   RO         3760    i.ETH_DMARxDescReceiveITConfig  stm32_eth.o
    0x0800096e   0x00000002   PAD
    0x08000970   0x00000024   Code   RO         3763    i.ETH_DMATransmissionCmd  stm32_eth.o
    0x08000994   0x00000050   Code   RO         3766    i.ETH_DMATxDescChainInit  stm32_eth.o
    0x080009e4   0x00000016   Code   RO         3775    i.ETH_DeInit        stm32_eth.o
    0x080009fa   0x0000000e   Code   RO         3776    i.ETH_Delay         stm32_eth.o
    0x08000a08   0x00000014   Code   RO         3781    i.ETH_FlushTransmitFIFO  stm32_eth.o
    0x08000a1c   0x0000000c   Code   RO         6124    i.ETH_GetCurrentTxBuffer  ethernetif.o
    0x08000a28   0x0000000a   Code   RO         3792    i.ETH_GetDMARxDescFrameLength  stm32_eth.o
    0x08000a32   0x00000002   PAD
    0x08000a34   0x00000048   Code   RO         3807    i.ETH_GetRxPktSize  stm32_eth.o
    0x08000a7c   0x00000018   Code   RO         3808    i.ETH_GetSoftwareResetStatus  stm32_eth.o
    0x08000a94   0x00000044   Code   RO         7188    i.ETH_IRQHandler    ssnp_for_app.o
    0x08000ad8   0x0000024c   Code   RO         3815    i.ETH_Init          stm32_eth.o
    0x08000d24   0x00000034   Code   RO         3818    i.ETH_MACAddressConfig  stm32_eth.o
    0x08000d58   0x00000024   Code   RO         3823    i.ETH_MACReceptionCmd  stm32_eth.o
    0x08000d7c   0x00000024   Code   RO         3824    i.ETH_MACTransmissionCmd  stm32_eth.o
    0x08000da0   0x00000060   Code   RO         3835    i.ETH_ReadPHYRegister  stm32_eth.o
    0x08000e00   0x0000009c   Code   RO         6125    i.ETH_RxPkt_ChainMode  ethernetif.o
    0x08000e9c   0x00000014   Code   RO         3846    i.ETH_SoftwareReset  stm32_eth.o
    0x08000eb0   0x00000020   Code   RO         3847    i.ETH_Start         stm32_eth.o
    0x08000ed0   0x000000a4   Code   RO         3848    i.ETH_StructInit    stm32_eth.o
    0x08000f74   0x00000068   Code   RO         6126    i.ETH_TxPkt_ChainMode  ethernetif.o
    0x08000fdc   0x00000060   Code   RO         3850    i.ETH_WritePHYRegister  stm32_eth.o
    0x0800103c   0x000000a0   Code   RO         7189    i.Ethernet_Configuration  ssnp_for_app.o
    0x080010dc   0x0000000c   Code   RO          933    i.GPIO_ETH_MediaInterfaceConfig  stm32f10x_gpio.o
    0x080010e8   0x00000112   Code   RO          937    i.GPIO_Init         stm32f10x_gpio.o
    0x080011fa   0x00000002   PAD
    0x080011fc   0x00000090   Code   RO          939    i.GPIO_PinRemapConfig  stm32f10x_gpio.o
    0x0800128c   0x00000004   Code   RO          131    i.HardFault_Handler  stm32f10x_it.o
    0x08001290   0x000000b8   Code   RO         5964    i.InitiateDiscovery  ethbcp.o
    0x08001348   0x00000004   Code   RO          132    i.MemManage_Handler  stm32f10x_it.o
    0x0800134c   0x00000002   Code   RO          133    i.NMI_Handler       stm32f10x_it.o
    0x0800134e   0x00000026   Code   RO         7190    i.NVIC_Configuration  ssnp_for_app.o
    0x08001374   0x00000026   Code   RO          206    i.NVIC_Configuration_TIM5  uctsk_ssnp_tbc.o
    0x0800139a   0x00000028   Code   RO         7191    i.NVIC_Configuration_USART2  ssnp_for_app.o
    0x080013c2   0x00000002   PAD
    0x080013c4   0x00000084   Code   RO          718    i.NVIC_Init         misc.o
    0x08001448   0x00000014   Code   RO          719    i.NVIC_PriorityGroupConfig  misc.o
    0x0800145c   0x0000015c   Code   RO         4411    i.OSDebugInit       os_dbg.o
    0x080015b8   0x00000068   Code   RO         4533    i.OSEventNameSet    os_core.o
    0x08001620   0x00000038   Code   RO         4535    i.OSInit            os_core.o
    0x08001658   0x0000000c   Code   RO         4432    i.OSInitHookBegin   os_cpu_c.o
    0x08001664   0x00000002   Code   RO         4433    i.OSInitHookEnd     os_cpu_c.o
    0x08001666   0x00000002   PAD
    0x08001668   0x00000090   Code   RO         4537    i.OSIntExit         os_core.o
    0x080016f8   0x000000a8   Code   RO         4879    i.OSMemCreate       os_mem.o
    0x080017a0   0x00000048   Code   RO         4880    i.OSMemGet          os_mem.o
    0x080017e8   0x00000042   Code   RO         4883    i.OSMemPut          os_mem.o
    0x0800182a   0x00000062   Code   RO         4974    i.OSQAccept         os_q.o
    0x0800188c   0x000000a0   Code   RO         4975    i.OSQCreate         os_q.o
    0x0800192c   0x00000110   Code   RO         4976    i.OSQDel            os_q.o
    0x08001a3c   0x00000034   Code   RO         4977    i.OSQFlush          os_q.o
    0x08001a70   0x0000012c   Code   RO         4978    i.OSQPend           os_q.o
    0x08001b9c   0x00000078   Code   RO         4980    i.OSQPost           os_q.o
    0x08001c14   0x00000040   Code   RO         4538    i.OSSchedLock       os_core.o
    0x08001c54   0x00000060   Code   RO         4539    i.OSSchedUnlock     os_core.o
    0x08001cb4   0x00000054   Code   RO         5047    i.OSSemCreate       os_sem.o
    0x08001d08   0x000000e8   Code   RO         5048    i.OSSemDel          os_sem.o
    0x08001df0   0x000000f8   Code   RO         5049    i.OSSemPend         os_sem.o
    0x08001ee8   0x0000005e   Code   RO         5051    i.OSSemPost         os_sem.o
    0x08001f46   0x00000002   PAD
    0x08001f48   0x00000048   Code   RO         4540    i.OSStart           os_core.o
    0x08001f90   0x0000004c   Code   RO         4541    i.OSStatInit        os_core.o
    0x08001fdc   0x0000000c   Code   RO         4434    i.OSTCBInitHook     os_cpu_c.o
    0x08001fe8   0x000000a8   Code   RO         5101    i.OSTaskCreate      os_task.o
    0x08002090   0x000000c0   Code   RO         5102    i.OSTaskCreateExt   os_task.o
    0x08002150   0x0000000c   Code   RO         4435    i.OSTaskCreateHook  os_cpu_c.o
    0x0800215c   0x00000008   Code   RO         4437    i.OSTaskIdleHook    os_cpu_c.o
    0x08002164   0x00000084   Code   RO         5106    i.OSTaskNameSet     os_task.o
    0x080021e8   0x00000008   Code   RO         4438    i.OSTaskStatHook    os_cpu_c.o
    0x080021f0   0x000000a0   Code   RO         5111    i.OSTaskStkChk      os_task.o
    0x08002290   0x0000009a   Code   RO         4439    i.OSTaskStkInit     os_cpu_c.o
    0x0800232a   0x00000002   PAD
    0x0800232c   0x000000c4   Code   RO         5112    i.OSTaskSuspend     os_task.o
    0x080023f0   0x00000008   Code   RO         4440    i.OSTaskSwHook      os_cpu_c.o
    0x080023f8   0x00000080   Code   RO         5196    i.OSTimeDly         os_time.o
    0x08002478   0x00000084   Code   RO         5197    i.OSTimeDlyHMSM     os_time.o
    0x080024fc   0x0000001c   Code   RO         5199    i.OSTimeGet         os_time.o
    0x08002518   0x000000f4   Code   RO         4542    i.OSTimeTick        os_core.o
    0x0800260c   0x00000028   Code   RO         4441    i.OSTimeTickHook    os_cpu_c.o
    0x08002634   0x00000014   Code   RO         5236    i.OSTmrSignal       os_tmr.o
    0x08002648   0x000000f4   Code   RO         5242    i.OSTmr_Init        os_tmr.o
    0x0800273c   0x00000050   Code   RO         5243    i.OSTmr_InitTask    os_tmr.o
    0x0800278c   0x0000006c   Code   RO         5244    i.OSTmr_Link        os_tmr.o
    0x080027f8   0x00000080   Code   RO         5245    i.OSTmr_Task        os_tmr.o
    0x08002878   0x00000044   Code   RO         5246    i.OSTmr_Unlink      os_tmr.o
    0x080028bc   0x00000064   Code   RO         4444    i.OS_CPU_SysTickInit  os_cpu_c.o
    0x08002920   0x0000009c   Code   RO         4545    i.OS_EventTaskRdy   os_core.o
    0x080029bc   0x00000032   Code   RO         4546    i.OS_EventTaskRemove  os_core.o
    0x080029ee   0x00000050   Code   RO         4547    i.OS_EventTaskRemoveMulti  os_core.o
    0x08002a3e   0x00000002   PAD
    0x08002a40   0x00000084   Code   RO         4548    i.OS_EventTaskWait  os_core.o
    0x08002ac4   0x0000001c   Code   RO         4550    i.OS_EventWaitListInit  os_core.o
    0x08002ae0   0x00000058   Code   RO         4753    i.OS_FlagInit       os_flag.o
    0x08002b38   0x00000060   Code   RO         4551    i.OS_InitEventList  os_core.o
    0x08002b98   0x00000054   Code   RO         4552    i.OS_InitMisc       os_core.o
    0x08002bec   0x00000044   Code   RO         4553    i.OS_InitRdyList    os_core.o
    0x08002c30   0x00000080   Code   RO         4554    i.OS_InitTCBList    os_core.o
    0x08002cb0   0x00000050   Code   RO         4555    i.OS_InitTaskIdle   os_core.o
    0x08002d00   0x00000050   Code   RO         4556    i.OS_InitTaskStat   os_core.o
    0x08002d50   0x00000012   Code   RO         4557    i.OS_MemClr         os_core.o
    0x08002d62   0x00000002   PAD
    0x08002d64   0x00000058   Code   RO         4885    i.OS_MemInit        os_mem.o
    0x08002dbc   0x00000050   Code   RO         4984    i.OS_QInit          os_q.o
    0x08002e0c   0x00000074   Code   RO         4559    i.OS_Sched          os_core.o
    0x08002e80   0x0000002c   Code   RO         4560    i.OS_SchedNew       os_core.o
    0x08002eac   0x00000144   Code   RO         4562    i.OS_TCBInit        os_core.o
    0x08002ff0   0x00000028   Code   RO         4563    i.OS_TaskIdle       os_core.o
    0x08003018   0x00000088   Code   RO         4564    i.OS_TaskStat       os_core.o
    0x080030a0   0x0000003c   Code   RO         4565    i.OS_TaskStatStkChk  os_core.o
    0x080030dc   0x0000001a   Code   RO         5114    i.OS_TaskStkClr     os_task.o
    0x080030f6   0x00000002   PAD
    0x080030f8   0x00000020   Code   RO         1046    i.RCC_AHBPeriphClockCmd  stm32f10x_rcc.o
    0x08003118   0x00000020   Code   RO         1047    i.RCC_AHBPeriphResetCmd  stm32f10x_rcc.o
    0x08003138   0x00000020   Code   RO         1048    i.RCC_APB1PeriphClockCmd  stm32f10x_rcc.o
    0x08003158   0x00000020   Code   RO         1050    i.RCC_APB2PeriphClockCmd  stm32f10x_rcc.o
    0x08003178   0x00000190   Code   RO         1058    i.RCC_GetClocksFreq  stm32f10x_rcc.o
    0x08003308   0x0000003c   Code   RO         1059    i.RCC_GetFlagStatus  stm32f10x_rcc.o
    0x08003344   0x0000000c   Code   RO         1070    i.RCC_MCOConfig     stm32f10x_rcc.o
    0x08003350   0x0000000c   Code   RO         1076    i.RCC_PLL3Cmd       stm32f10x_rcc.o
    0x0800335c   0x00000018   Code   RO         1077    i.RCC_PLL3Config    stm32f10x_rcc.o
    0x08003374   0x00000002   Code   RO          134    i.SVC_Handler       stm32f10x_it.o
    0x08003376   0x00000008   Code   RO         4370    i.SetSysClock       system_stm32f10x.o
    0x0800337e   0x00000002   PAD
    0x08003380   0x00000100   Code   RO         4371    i.SetSysClockTo72   system_stm32f10x.o
    0x08003480   0x00000028   Code   RO          135    i.SysTick_Handler   stm32f10x_it.o
    0x080034a8   0x0000006c   Code   RO         4373    i.SystemInit        system_stm32f10x.o
    0x08003514   0x00000068   Code   RO         5965    i.TBC_DLL_init      ethbcp.o
    0x0800357c   0x00000020   Code   RO         7474    i.TBC_init          tbc.o
    0x0800359c   0x00000024   Code   RO         7476    i.TBC_send_cmd_to_tbim  tbc.o
    0x080035c0   0x00000024   Code   RO         7477    i.TBC_send_noArguCmd_to_tbim  tbc.o
    0x080035e4   0x00000022   Code   RO         7478    i.TBC_send_noArgucmd  tbc.o
    0x08003606   0x00000018   Code   RO         7481    i.TBC_send_upcomputer_cmd  tbc.o
    0x0800361e   0x0000002a   Code   RO         7482    i.TBIM_recongnition  tbc.o
    0x08003648   0x00000044   Code   RO          207    i.TIM5_IRQHandler   uctsk_ssnp_tbc.o
    0x0800368c   0x00000044   Code   RO          208    i.TIM5_Init         uctsk_ssnp_tbc.o
    0x080036d0   0x00000006   Code   RO         2977    i.TIM_ClearITPendingBit  stm32f10x_tim.o
    0x080036d6   0x00000018   Code   RO         2982    i.TIM_Cmd           stm32f10x_tim.o
    0x080036ee   0x00000006   Code   RO         3001    i.TIM_GetCounter    stm32f10x_tim.o
    0x080036f4   0x00000022   Code   RO         3003    i.TIM_GetITStatus   stm32f10x_tim.o
    0x08003716   0x00000018   Code   RO         3007    i.TIM_ITConfig      stm32f10x_tim.o
    0x0800372e   0x00000002   PAD
    0x08003730   0x000000a4   Code   RO         3053    i.TIM_TimeBaseInit  stm32f10x_tim.o
    0x080037d4   0x00000002   Code   RO          136    i.USART1_IRQHandler  stm32f10x_it.o
    0x080037d6   0x00000002   PAD
    0x080037d8   0x000000a4   Code   RO         7192    i.USART2_IRQHandler  ssnp_for_app.o
    0x0800387c   0x00000012   Code   RO         3514    i.USART_ClearFlag   stm32f10x_usart.o
    0x0800388e   0x00000018   Code   RO         3518    i.USART_Cmd         stm32f10x_usart.o
    0x080038a6   0x00000002   PAD
    0x080038a8   0x000000a0   Code   RO         7193    i.USART_Configuration  ssnp_for_app.o
    0x08003948   0x0000001a   Code   RO         3521    i.USART_GetFlagStatus  stm32f10x_usart.o
    0x08003962   0x00000054   Code   RO         3522    i.USART_GetITStatus  stm32f10x_usart.o
    0x080039b6   0x0000004a   Code   RO         3524    i.USART_ITConfig    stm32f10x_usart.o
    0x08003a00   0x000000d8   Code   RO         3525    i.USART_Init        stm32f10x_usart.o
    0x08003ad8   0x0000000a   Code   RO         3532    i.USART_ReceiveData  stm32f10x_usart.o
    0x08003ae2   0x00000008   Code   RO         3535    i.USART_SendData    stm32f10x_usart.o
    0x08003aea   0x00000004   Code   RO          137    i.UsageFault_Handler  stm32f10x_it.o
    0x08003aee   0x00000002   PAD
    0x08003af0   0x00000020   Code   RO         8070    i.__0printf         mc_w.l(printfa.o)
    0x08003b10   0x0000000e   Code   RO         8144    i.__scatterload_copy  mc_w.l(handlers.o)
    0x08003b1e   0x00000002   Code   RO         8145    i.__scatterload_null  mc_w.l(handlers.o)
    0x08003b20   0x0000000e   Code   RO         8146    i.__scatterload_zeroinit  mc_w.l(handlers.o)
    0x08003b2e   0x00000002   PAD
    0x08003b30   0x00000154   Code   RO         8077    i._fp_digits        mc_w.l(printfa.o)
    0x08003c84   0x000006d4   Code   RO         8078    i._printf_core      mc_w.l(printfa.o)
    0x08004358   0x00000026   Code   RO         8079    i._printf_post_padding  mc_w.l(printfa.o)
    0x0800437e   0x0000002e   Code   RO         8080    i._printf_pre_padding  mc_w.l(printfa.o)
    0x080043ac   0x0000005c   Code   RO         7413    i.add_alias_pending  alias_state.o
    0x08004408   0x00000070   Code   RO         5818    i.add_pad_pbuf      dp.o
    0x08004478   0x00000070   Code   RO         7713    i.add_pad_pbuf      sdp.o
    0x080044e8   0x00000006   Code   RO         5819    i.addr_check        dp.o
    0x080044ee   0x00000006   Code   RO         7714    i.addr_check        sdp.o
    0x080044f4   0x0000000a   Code   RO         7040    i.alias_alloc_finish  timer.o
    0x080044fe   0x00000002   PAD
    0x08004500   0x00000024   Code   RO         7041    i.alias_check_timer  timer.o
    0x08004524   0x000000c8   Code   RO         7414    i.alias_done        alias_state.o
    0x080045ec   0x00000050   Code   RO         7385    i.alloc_alias_map   alias_map.o
    0x0800463c   0x00000108   Code   RO          210    i.app_init          uctsk_ssnp_tbc.o
    0x08004744   0x00000048   Code   RO         7415    i.clear_unresponsive_alias  alias_state.o
    0x0800478c   0x00000014   Code   RO         7416    i.copy_uuid         alias_state.o
    0x080047a0   0x00000238   Code   RO         7483    i.create_TBIM       tbc.o
    0x080049d8   0x0000005c   Code   RO          432    i.deQueue           upcomputer.o
    0x08004a34   0x00000030   Code   RO         7386    i.del_alias_map     alias_map.o
    0x08004a64   0x0000005c   Code   RO         7417    i.delete_alias      alias_state.o
    0x08004ac0   0x00000072   Code   RO         5717    i.do_bind           api_msg.o
    0x08004b32   0x00000064   Code   RO         5718    i.do_connect        api_msg.o
    0x08004b96   0x00000018   Code   RO         5721    i.do_get_alias_alloc_state  api_msg.o
    0x08004bae   0x0000001e   Code   RO         5722    i.do_newconn        api_msg.o
    0x08004bcc   0x000000c4   Code   RO         5723    i.do_send           api_msg.o
    0x08004c90   0x00000038   Code   RO         5821    i.dp_bind           dp.o
    0x08004cc8   0x00000038   Code   RO         5822    i.dp_connect        dp.o
    0x08004d00   0x000003e4   Code   RO         5825    i.dp_input          dp.o
    0x080050e4   0x00000018   Code   RO         5826    i.dp_new            dp.o
    0x080050fc   0x00000006   Code   RO         5828    i.dp_recv           dp.o
    0x08005102   0x0000002e   Code   RO         5831    i.dp_sendto         dp.o
    0x08005130   0x000001b4   Code   RO         5832    i.dp_sendto_if      dp.o
    0x080052e4   0x00000054   Code   RO          433    i.enQueue           upcomputer.o
    0x08005338   0x00000004   Code   RO         5966    i.ethbcp_FCS_check  ethbcp.o
    0x0800533c   0x00000208   Code   RO         5967    i.ethbcp_input      ethbcp.o
    0x08005544   0x0000005c   Code   RO         5968    i.ethbcp_input_check  ethbcp.o
    0x080055a0   0x000000c0   Code   RO         5969    i.ethbcp_output     ethbcp.o
    0x08005660   0x00000110   Code   RO         7194    i.ethernet_initialize  ssnp_for_app.o
    0x08005770   0x000001bc   Code   RO         5970    i.ethernet_input    ethbcp.o
    0x0800592c   0x00000078   Code   RO         6127    i.ethernetif_init   ethernetif.o
    0x080059a4   0x00000068   Code   RO         6128    i.ethernetif_input  ethernetif.o
    0x08005a0c   0x00000020   Code   RO         7418    i.find              alias_state.o
    0x08005a2c   0x00000038   Code   RO         7484    i.find_tbim         tbc.o
    0x08005a64   0x00000024   Code   RO          213    i.fputc             uctsk_ssnp_tbc.o
    0x08005a88   0x000000c6   Code   RO         7485    i.get_TBIM_meta_TEDS  tbc.o
    0x08005b4e   0x00000002   PAD
    0x08005b50   0x00000094   Code   RO         7486    i.get_TBIM_struct   tbc.o
    0x08005be4   0x00000110   Code   RO         7487    i.get_TBIM_tdcn_TEDS  tbc.o
    0x08005cf4   0x0000000c   Code   RO         5971    i.get_alias_alloc_state  ethbcp.o
    0x08005d00   0x0000000c   Code   RO         7419    i.get_alias_done_list  alias_state.o
    0x08005d0c   0x00000034   Code   RO         5972    i.get_done_list     ethbcp.o
    0x08005d40   0x00000120   Code   RO         7488    i.get_epoch         tbc.o
    0x08005e60   0x0000002c   Code   RO         5557    i.get_tbim          api_lib.o
    0x08005e8c   0x00000008   Code   RO         7195    i.hardware_init     ssnp_for_app.o
    0x08005e94   0x00000006   Code   RO         6189    i.inet_chksum       inet_chksum.o
    0x08005e9a   0x00000002   PAD
    0x08005e9c   0x00000010   Code   RO          435    i.init_queue        upcomputer.o
    0x08005eac   0x00000030   Code   RO         5833    i.ip_route          dp.o
    0x08005edc   0x00000030   Code   RO         7102    i.ip_route          tp.o
    0x08005f0c   0x00000030   Code   RO         7717    i.ip_route          sdp.o
    0x08005f3c   0x00000014   Code   RO          436    i.isQempty          upcomputer.o
    0x08005f50   0x00000028   Code   RO          437    i.isQfull           upcomputer.o
    0x08005f78   0x0000001a   Code   RO         7420    i.is_exist_in_pending_list  alias_state.o
    0x08005f92   0x00000002   PAD
    0x08005f94   0x0000000c   Code   RO         5973    i.is_reflect_reply_ok  ethbcp.o
    0x08005fa0   0x0000000e   Code   RO         5834    i.isbroadcast       dp.o
    0x08005fae   0x0000000e   Code   RO         7103    i.isbroadcast       tp.o
    0x08005fbc   0x0000000e   Code   RO         7718    i.isbroadcast       sdp.o
    0x08005fca   0x00000002   PAD
    0x08005fcc   0x00000078   Code   RO         6129    i.low_level_init    ethernetif.o
    0x08006044   0x00000068   Code   RO         6130    i.low_level_input   ethernetif.o
    0x080060ac   0x00000042   Code   RO         6131    i.low_level_output  ethernetif.o
    0x080060ee   0x00000002   PAD
    0x080060f0   0x0000005c   Code   RO            3    i.main              main.o
    0x0800614c   0x00000108   Code   RO         6241    i.mem_alloc         mem.o
    0x08006254   0x0000005c   Code   RO         6242    i.mem_free          mem.o
    0x080062b0   0x00000068   Code   RO         6243    i.mem_init          mem.o
    0x08006318   0x0000010c   Code   RO         6244    i.mem_trim          mem.o
    0x08006424   0x0000002c   Code   RO         6283    i.memp_alloc        memp.o
    0x08006450   0x00000034   Code   RO         6284    i.memp_free         memp.o
    0x08006484   0x00000058   Code   RO         6285    i.memp_init         memp.o
    0x080064dc   0x00000042   Code   RO         5558    i.neconn_recv_data  api_lib.o
    0x0800651e   0x0000001e   Code   RO         6330    i.netbuf_delete     netbuf.o
    0x0800653c   0x00000014   Code   RO         6331    i.netbuf_free       netbuf.o
    0x08006550   0x00000038   Code   RO         6333    i.netbuf_ref        netbuf.o
    0x08006588   0x000000d0   Code   RO         5559    i.netconn_alloc     api_lib.o
    0x08006658   0x00000038   Code   RO         5560    i.netconn_bind      api_lib.o
    0x08006690   0x00000038   Code   RO         5561    i.netconn_connect   api_lib.o
    0x080066c8   0x00000040   Code   RO         5565    i.netconn_new       api_lib.o
    0x08006708   0x00000028   Code   RO         5566    i.netconn_recv      api_lib.o
    0x08006730   0x00000038   Code   RO         5571    i.netconn_send      api_lib.o
    0x08006768   0x00000024   Code   RO         5572    i.netconn_sendto    api_lib.o
    0x0800678c   0x00000080   Code   RO         6373    i.netif_add         netif.o
    0x0800680c   0x00000002   Code   RO         6375    i.netif_init        netif.o
    0x0800680e   0x00000002   PAD
    0x08006810   0x0000000c   Code   RO         6378    i.netif_set_default  netif.o
    0x0800681c   0x00000190   Code   RO         6421    i.pbuf_alloc        pbuf.o
    0x080069ac   0x00000024   Code   RO         6422    i.pbuf_cat          pbuf.o
    0x080069d0   0x00000016   Code   RO         6423    i.pbuf_chain        pbuf.o
    0x080069e6   0x0000006c   Code   RO         6429    i.pbuf_free         pbuf.o
    0x08006a52   0x0000006a   Code   RO         6430    i.pbuf_header       pbuf.o
    0x08006abc   0x00000064   Code   RO         6431    i.pbuf_realloc      pbuf.o
    0x08006b20   0x0000001a   Code   RO         6432    i.pbuf_ref          pbuf.o
    0x08006b3a   0x00000002   PAD
    0x08006b3c   0x0000008c   Code   RO         5725    i.pcb_new           api_msg.o
    0x08006bc8   0x00000078   Code   RO         6245    i.plug_holes        mem.o
    0x08006c40   0x00000068   Code   RO         7196    i.protocol_init     ssnp_for_app.o
    0x08006ca8   0x0000001c   Code   RO         6201    i.protocol_stack_init  init.o
    0x08006cc4   0x00000058   Code   RO         5726    i.recv_dp           api_msg.o
    0x08006d1c   0x000000b4   Code   RO         5727    i.recv_sdp          api_msg.o
    0x08006dd0   0x0000004c   Code   RO         5728    i.recv_tp           api_msg.o
    0x08006e1c   0x00000038   Code   RO         7719    i.sdp_bind          sdp.o
    0x08006e54   0x00000038   Code   RO         7720    i.sdp_connect       sdp.o
    0x08006e8c   0x00000314   Code   RO         7722    i.sdp_input         sdp.o
    0x080071a0   0x00000018   Code   RO         7723    i.sdp_new           sdp.o
    0x080071b8   0x00000006   Code   RO         7724    i.sdp_recv          sdp.o
    0x080071be   0x0000002e   Code   RO         7727    i.sdp_sendto        sdp.o
    0x080071ec   0x000001cc   Code   RO         7728    i.sdp_sendto_if     sdp.o
    0x080073b8   0x000000d4   Code   RO         5974    i.send_assign_alias_msg  ethbcp.o
    0x0800748c   0x000000e4   Code   RO         5975    i.send_assign_time_slot_msg  ethbcp.o
    0x08007570   0x000000b8   Code   RO         5976    i.send_begin_of_epoch_msg  ethbcp.o
    0x08007628   0x00000046   Code   RO         7489    i.send_cmd_to_tbim  tbc.o
    0x0800766e   0x00000002   PAD
    0x08007670   0x000000dc   Code   RO         5977    i.send_define_epoch_msg  ethbcp.o
    0x0800774c   0x00000010   Code   RO         7197    i.send_discovery_msg  ssnp_for_app.o
    0x0800775c   0x0000004e   Code   RO         7490    i.send_noArguCmd_to_tbim  tbc.o
    0x080077aa   0x00000002   PAD
    0x080077ac   0x000000bc   Code   RO         5978    i.send_reflect_msg  ethbcp.o
    0x08007868   0x0000003c   Code   RO          439    i.send_sdp_upcomputer  upcomputer.o
    0x080078a4   0x00000058   Code   RO         7492    i.send_timeslot_msg  tbc.o
    0x080078fc   0x00000030   Code   RO          440    i.send_upcomputer   upcomputer.o
    0x0800792c   0x0000000c   Code   RO         5979    i.set_alias_alloc_done  ethbcp.o
    0x08007938   0x0000000c   Code   RO         5574    i.set_connection_recvmbox  api_lib.o
    0x08007944   0x00000024   Code   RO         6132    i.set_mac_address   ethernetif.o
    0x08007968   0x0000000c   Code   RO         5980    i.set_reflect_reply_unfinished  ethbcp.o
    0x08007974   0x00000002   Code   RO         5981    i.set_status_word_bad_frame_received  ethbcp.o
    0x08007976   0x00000002   Code   RO         5835    i.set_status_word_protocol_error  dp.o
    0x08007978   0x00000002   Code   RO         7729    i.set_status_word_protocol_error  sdp.o
    0x0800797a   0x00000002   PAD
    0x0800797c   0x00000010   Code   RO         7493    i.set_syn_asyn_num  tbc.o
    0x0800798c   0x00000038   Code   RO         6505    i.ssnp_apimsg       ssnp.o
    0x080079c4   0x00000038   Code   RO         6506    i.ssnp_apimsg_alias_list  ssnp.o
    0x080079fc   0x0000004c   Code   RO         6507    i.ssnp_init         ssnp.o
    0x08007a48   0x0000000e   Code   RO         7199    i.ssnp_init_done    ssnp_for_app.o
    0x08007a56   0x00000002   PAD
    0x08007a58   0x000000ac   Code   RO         6508    i.ssnp_input        ssnp.o
    0x08007b04   0x00000090   Code   RO         6509    i.ssnp_thread       ssnp.o
    0x08007b94   0x0000008c   Code   RO         6560    i.sys_arch_mbox_fetch  sys_arch.o
    0x08007c20   0x00000014   Code   RO         6561    i.sys_arch_mbox_fetch_unblock  sys_arch.o
    0x08007c34   0x0000006c   Code   RO         6562    i.sys_arch_sem_wait  sys_arch.o
    0x08007ca0   0x00000024   Code   RO         6563    i.sys_init          sys_arch.o
    0x08007cc4   0x00000078   Code   RO         6564    i.sys_mbox_free     sys_arch.o
    0x08007d3c   0x00000058   Code   RO         6565    i.sys_mbox_new      sys_arch.o
    0x08007d94   0x00000030   Code   RO         6566    i.sys_mbox_post     sys_arch.o
    0x08007dc4   0x00000024   Code   RO         6567    i.sys_mbox_trypost  sys_arch.o
    0x08007de8   0x00000010   Code   RO         6568    i.sys_sem_free      sys_arch.o
    0x08007df8   0x00000010   Code   RO         6569    i.sys_sem_new       sys_arch.o
    0x08007e08   0x0000000c   Code   RO         6570    i.sys_sem_signal    sys_arch.o
    0x08007e14   0x00000084   Code   RO         6571    i.sys_thread_new    sys_arch.o
    0x08007e98   0x00000008   Code   RO         6572    i.sys_time_get      sys_arch.o
    0x08007ea0   0x00000098   Code   RO         7043    i.sys_timeout       timer.o
    0x08007f38   0x00000014   Code   RO         7044    i.sys_timeouts_init  timer.o
    0x08007f4c   0x0000008c   Code   RO         7045    i.sys_timeouts_mbox_fetch  timer.o
    0x08007fd8   0x00000060   Code   RO         7046    i.sys_untimeout     timer.o
    0x08008038   0x00000010   Code   RO         7200    i.tbc_send_begin_of_epoch_msg  ssnp_for_app.o
    0x08008048   0x00000018   Code   RO         7201    i.tbc_send_define_epoch_msg  ssnp_for_app.o
    0x08008060   0x00000014   Code   RO         7202    i.tbc_send_reflect_msg  ssnp_for_app.o
    0x08008074   0x00000020   Code   RO         7203    i.tbc_send_timeslot_msg  ssnp_for_app.o
    0x08008094   0x0000001c   Code   RO         7387    i.test              alias_map.o
    0x080080b0   0x00000008   Code   RO         7494    i.timeslot_alloc    tbc.o
    0x080080b8   0x00000048   Code   RO         7105    i.tp_bind           tp.o
    0x08008100   0x00000038   Code   RO         7106    i.tp_connect        tp.o
    0x08008138   0x0000022c   Code   RO         7108    i.tp_input          tp.o
    0x08008364   0x00000018   Code   RO         7109    i.tp_new            tp.o
    0x0800837c   0x00000006   Code   RO         7110    i.tp_recv           tp.o
    0x08008382   0x0000002e   Code   RO         7113    i.tp_sendto         tp.o
    0x080083b0   0x000000e8   Code   RO         7114    i.tp_sendto_if      tp.o
    0x08008498   0x000002bc   Code   RO          218    i.uctsk_SSNP_TBC_new  uctsk_ssnp_tbc.o
    0x08008754   0x00000074   Data   RO         4412    .constdata          os_dbg.o
    0x080087c8   0x00000100   Data   RO         4567    .constdata          os_core.o
    0x080088c8   0x00000030   Data   RO         6287    .constdata          memp.o
    0x080088f8   0x00000004   Data   RO         6574    .constdata          sys_arch.o
    0x080088fc   0x00000042   Data   RO         7730    .constdata          sdp.o
    0x0800893e   0x00000002   PAD
    0x08008940   0x00000020   Data   RO         8142    Region$$Table       anon$$obj.o


    Execution Region RW_IRAM1 (Base: 0x20000000, Size: 0x0000f9d8, Max: 0x00010000, ABSOLUTE, COMPRESSED[0x00000020])

    Base Addr    Size         Type   Attr      Idx    E Section Name        Object

    0x20000000   0x0000001e   Data   RW          221    .data               uctsk_ssnp_tbc.o
    0x2000001e   0x00000014   Data   RW         1086    .data               stm32f10x_rcc.o
    0x20000032   0x00000002   PAD
    0x20000034   0x00000010   Data   RW         3851    .data               stm32_eth.o
    0x20000044   0x00000014   Data   RW         4374    .data               system_stm32f10x.o
    0x20000058   0x00000002   Data   RW         4445    .data               os_cpu_c.o
    0x2000005a   0x00000002   PAD
    0x2000005c   0x00000060   Data   RW         4568    .data               os_core.o
    0x200000bc   0x00000004   Data   RW         5836    .data               dp.o
    0x200000c0   0x0000000f   Data   RW         5982    .data               ethbcp.o
    0x200000cf   0x0000000c   Data   RW         6134    .data               ethernetif.o
    0x200000db   0x00000001   PAD
    0x200000dc   0x00000010   Data   RW         6247    .data               mem.o
    0x200000ec   0x00000009   Data   RW         6379    .data               netif.o
    0x200000f5   0x00000003   PAD
    0x200000f8   0x0000000c   Data   RW         6512    .data               ssnp.o
    0x20000104   0x00000004   Data   RW         6575    .data               sys_arch.o
    0x20000108   0x00000004   Data   RW         7047    .data               timer.o
    0x2000010c   0x00000004   Data   RW         7115    .data               tp.o
    0x20000110   0x00000006   Data   RW         7205    .data               ssnp_for_app.o
    0x20000116   0x00000006   Data   RW         7388    .data               alias_map.o
    0x2000011c   0x00000008   Data   RW         7421    .data               alias_state.o
    0x20000124   0x00000004   Data   RW         7731    .data               sdp.o
    0x20000128   0x00000004   Data   RW         8105    .data               mc_w.l(stdout.o)
    0x2000012c   0x00000100   Zero   RW            4    .bss                main.o
    0x2000022c   0x00000db4   Zero   RW          219    .bss                uctsk_ssnp_tbc.o
    0x20000fe0   0x0000002b   Zero   RW          441    .bss                upcomputer.o
    0x2000100b   0x00000001   PAD
    0x2000100c   0x000010d8   Zero   RW         4566    .bss                os_core.o
    0x200020e4   0x00002400   Zero   RW         6133    .bss                ethernetif.o
    0x200044e4   0x0000281c   Zero   RW         6246    .bss                mem.o
    0x20006d00   0x00003ccb   Zero   RW         6286    .bss                memp.o
    0x2000a9cb   0x00000001   PAD
    0x2000a9cc   0x00002d7b   Zero   RW         6573    .bss                sys_arch.o
    0x2000d747   0x00000001   PAD
    0x2000d748   0x00000050   Zero   RW         7204    .bss                ssnp_for_app.o
    0x2000d798   0x00001a40   Zero   RW         7495    .bss                tbc.o
    0x2000f1d8   0x00000800   Zero   RW         4404    STACK               startup_stm32f10x_cl.o


==============================================================================

Image component sizes


      Code (inc. data)   RO Data    RW Data    ZI Data      Debug   Object Name

       156         24          0          6          0       1858   alias_map.o
       546         40          0          8          0       6579   alias_state.o
       638        116          0          0          0      12247   api_lib.o
       948        124          0          0          0      11045   api_msg.o
         0          0          0          0          0         32   core_cm3.o
        42          0          0          0          0        284   cpu_a.o
      1802        602          0          4          0      13139   dp.o
      2674       1014          0         15          0      17704   ethbcp.o
       822        142          0         12       9216       6428   ethernetif.o
         6          0          0          0          0        502   inet_chksum.o
        28          0          0          0          0        906   init.o
       128         20          0          0        256     324650   main.o
       848         86          0         16      10268       4323   mem.o
       184         30         48          0      15563       2557   memp.o
       152         24          0          0          0       1547   misc.o
       106          0          0          0          0       2219   netbuf.o
       142         50          0          9          0       2496   netif.o
        12          0          0          0          0       2477   os_apphooks.o
      2576        416        256         96       4312      23482   os_core.o
       164         32          0          0          0        340   os_cpu_a.o
       356         24          0          2          0      30578   os_cpu_c.o
       348        230        116          0          0       3430   os_dbg.o
        88         14          0          0          0        558   os_flag.o
       394         18          0          0          0       3205   os_mem.o
      1082         54          0          0          0       5707   os_q.o
       658         36          0          0          0       3297   os_sem.o
       874         66          0          0          0       5320   os_task.o
       288         32          0          0          0       1876   os_time.o
       648        132          0          0          0       3651   os_tmr.o
       798         34          0          0          0       4801   pbuf.o
      1618        432         66          4          0      10259   sdp.o
       504        140          0         12          0       3956   ssnp.o
      1136        134          0          6         80      62080   ssnp_for_app.o
        36          8        336          0       2048        852   startup_stm32f10x_cl.o
      1584        134          0         16          0      13951   stm32_eth.o
       430         12          0          0          0       3354   stm32f10x_gpio.o
        64          6          0          0          0       3521   stm32f10x_it.o
       636         72          0         20          0       8537   stm32f10x_rcc.o
       258         42          0          0          0       4111   stm32f10x_tim.o
       460          6          0          0          0       6719   stm32f10x_usart.o
       780         90          4          4      11643       8857   sys_arch.o
       372         32          0         20          0       2009   system_stm32f10x.o
      2012        444          0          0       6720      20204   tbc.o
       454         24          0          4          0       4028   timer.o
      1054        298          0          4          0       8056   tp.o
      1220        522          0         30       3508     270301   uctsk_ssnp_tbc.o
       360         44          0          0         43     242714   upcomputer.o

    ----------------------------------------------------------------------
     30542       5800        860        296      63660    1170747   Object Totals
         0          0         32          0          0          0   (incl. Generated)
        56          0          2          8          3          1   (incl. Padding)

    ----------------------------------------------------------------------

      Code (inc. data)   RO Data    RW Data    ZI Data      Debug   Library Member Name

        92          0          0          0          0          0   __dczerorl2.o
         0          0          0          0          0          0   entry.o
         8          4          0          0          0          0   entry2.o
         4          0          0          0          0          0   entry5.o
         8          4          0          0          0          0   entry7.o
        30          0          0          0          0          0   handlers.o
        36          8          0          0          0         68   init.o
         0          0          0          0          0          0   iusefp.o
        30          0          0          0          0         68   llshl.o
        36          0          0          0          0         68   llsshr.o
        32          0          0          0          0         68   llushr.o
        36          0          0          0          0         68   memcpya.o
        38          0          0          0          0        108   memseta.o
      2204         92          0          0          0        460   printfa.o
         0          0          0          4          0          0   stdout.o
        44          0          0          0          0         80   uidiv.o
       102          0          0          0          0         92   uldiv.o
        40          2          0          0          0         68   cdrcmple.o
       330          0          0          0          0        148   dadd.o
       222          0          0          0          0        100   ddiv.o
       194          0          0          0          0        184   depilogue.o
        48          0          0          0          0         68   dfixul.o
       226          0          0          0          0         96   dmul.o

    ----------------------------------------------------------------------
      3766        110          0          4          0       1744   Library Totals
         6          0          0          0          0          0   (incl. Padding)

    ----------------------------------------------------------------------

      Code (inc. data)   RO Data    RW Data    ZI Data      Debug   Library Name

      2700        108          0          4          0       1080   mc_w.l
      1060          2          0          0          0        664   mf_w.l

    ----------------------------------------------------------------------
      3766        110          0          4          0       1744   Library Totals

    ----------------------------------------------------------------------

==============================================================================


      Code (inc. data)   RO Data    RW Data    ZI Data      Debug   

     34308       5910        860        300      63660    1154916   Grand Totals
     34308       5910        860         32      63660    1154916   ELF Image Totals (compressed)
     34308       5910        860         32          0          0   ROM Totals

==============================================================================

    Total RO  Size (Code + RO Data)                35168 (  34.34kB)
    Total RW  Size (RW Data + ZI Data)             63960 (  62.46kB)
    Total ROM Size (Code + RO Data + RW Data)      35200 (  34.38kB)

==============================================================================

