ARM Linker, 4.1 [Build 567] [Standard]

==============================================================================

Section Cross References

    main.o(i.App_TaskCreate) refers to uctsk_ssnp_tbc.o(i.App_SSNPTaskCreate) for App_SSNPTaskCreate
    main.o(i.App_TaskStart) refers to os_cpu_c.o(i.OS_CPU_SysTickInit) for OS_CPU_SysTickInit
    main.o(i.App_TaskStart) refers to os_core.o(i.OSStatInit) for OSStatInit
    main.o(i.App_TaskStart) refers to main.o(i.App_TaskCreate) for App_TaskCreate
    main.o(i.App_TaskStart) refers to os_time.o(i.OSTimeDlyHMSM) for OSTimeDlyHMSM
    main.o(i.main) refers to cpu_a.o(.text) for CPU_IntDis
    main.o(i.main) refers to os_core.o(i.OSInit) for OSInit
    main.o(i.main) refers to os_task.o(i.OSTaskCreateExt) for OSTaskCreateExt
    main.o(i.main) refers to os_task.o(i.OSTaskNameSet) for OSTaskNameSet
    main.o(i.main) refers to os_core.o(i.OSStart) for OSStart
    main.o(i.main) refers to main.o(.bss) for App_TaskStartStk
    main.o(i.main) refers to main.o(i.App_TaskStart) for App_TaskStart
    stm32f10x_it.o(i.SysTick_Handler) refers to os_cpu_a.o(.text) for OS_CPU_SR_Save
    stm32f10x_it.o(i.SysTick_Handler) refers to os_core.o(i.OSTimeTick) for OSTimeTick
    stm32f10x_it.o(i.SysTick_Handler) refers to os_core.o(i.OSIntExit) for OSIntExit
    stm32f10x_it.o(i.SysTick_Handler) refers to os_core.o(.data) for OSIntNesting
    uctsk_ssnp_tbc.o(i.App_SSNPTaskCreate) refers to os_task.o(i.OSTaskCreate) for OSTaskCreate
    uctsk_ssnp_tbc.o(i.App_SSNPTaskCreate) refers to uctsk_ssnp_tbc.o(.bss) for AppSSNPTaskStk
    uctsk_ssnp_tbc.o(i.App_SSNPTaskCreate) refers to uctsk_ssnp_tbc.o(i.uctsk_SSNP_TBC_new) for uctsk_SSNP_TBC_new
    uctsk_ssnp_tbc.o(i.Delay) refers to os_time.o(i.OSTimeDly) for OSTimeDly
    uctsk_ssnp_tbc.o(i.NVIC_Configuration_TIM5) refers to misc.o(i.NVIC_PriorityGroupConfig) for NVIC_PriorityGroupConfig
    uctsk_ssnp_tbc.o(i.NVIC_Configuration_TIM5) refers to misc.o(i.NVIC_Init) for NVIC_Init
    uctsk_ssnp_tbc.o(i.TIM5_IRQHandler) refers to stm32f10x_tim.o(i.TIM_GetITStatus) for TIM_GetITStatus
    uctsk_ssnp_tbc.o(i.TIM5_IRQHandler) refers to stm32f10x_tim.o(i.TIM_ClearITPendingBit) for TIM_ClearITPendingBit
    uctsk_ssnp_tbc.o(i.TIM5_IRQHandler) refers to tbc.o(.bss) for tbc
    uctsk_ssnp_tbc.o(i.TIM5_Init) refers to stm32f10x_rcc.o(i.RCC_APB1PeriphClockCmd) for RCC_APB1PeriphClockCmd
    uctsk_ssnp_tbc.o(i.TIM5_Init) refers to stm32f10x_tim.o(i.TIM_TimeBaseInit) for TIM_TimeBaseInit
    uctsk_ssnp_tbc.o(i.TIM5_Init) refers to stm32f10x_tim.o(i.TIM_ITConfig) for TIM_ITConfig
    uctsk_ssnp_tbc.o(i.TIM5_Init) refers to stm32f10x_tim.o(i.TIM_Cmd) for TIM_Cmd
    uctsk_ssnp_tbc.o(i.TIM5_delay_us) refers to stm32f10x_tim.o(i.TIM_SetCounter) for TIM_SetCounter
    uctsk_ssnp_tbc.o(i.TIM5_delay_us) refers to stm32f10x_tim.o(i.TIM_GetCounter) for TIM_GetCounter
    uctsk_ssnp_tbc.o(i.app_init) refers to sys_arch.o(i.sys_mbox_new) for sys_mbox_new
    uctsk_ssnp_tbc.o(i.app_init) refers to printfa.o(i.__0printf) for __2printf
    uctsk_ssnp_tbc.o(i.app_init) refers to uctsk_ssnp_tbc.o(i.TIM5_Init) for TIM5_Init
    uctsk_ssnp_tbc.o(i.app_init) refers to tbc.o(i.TBC_init) for TBC_init
    uctsk_ssnp_tbc.o(i.app_init) refers to upcomputer.o(i.init_queue) for init_queue
    uctsk_ssnp_tbc.o(i.app_init) refers to uctsk_ssnp_tbc.o(.data) for streaming_data_recv_mbox
    uctsk_ssnp_tbc.o(i.average_time) refers to printfa.o(i.__0printf) for __2printf
    uctsk_ssnp_tbc.o(i.avertime_new) refers to dflti.o(.text) for __aeabi_i2d
    uctsk_ssnp_tbc.o(i.avertime_new) refers to sqrt.o(i.sqrt) for sqrt
    uctsk_ssnp_tbc.o(i.avertime_new) refers to printfa.o(i.__0printf) for __2printf
    uctsk_ssnp_tbc.o(i.avertime_new) refers to uctsk_ssnp_tbc.o(.constdata) for .constdata
    uctsk_ssnp_tbc.o(i.fputc) refers to stm32f10x_usart.o(i.USART_SendData) for USART_SendData
    uctsk_ssnp_tbc.o(i.fputc) refers to stm32f10x_usart.o(i.USART_GetFlagStatus) for USART_GetFlagStatus
    uctsk_ssnp_tbc.o(i.send_cmd) refers to tbc.o(i.TBC_send_noArgucmd) for TBC_send_noArgucmd
    uctsk_ssnp_tbc.o(i.send_cmd) refers to printfa.o(i.__0printf) for __2printf
    uctsk_ssnp_tbc.o(i.test) refers to printfa.o(i.__0printf) for __2printf
    uctsk_ssnp_tbc.o(i.test_analysis) refers to printfa.o(i.__0printf) for __2printf
    uctsk_ssnp_tbc.o(i.uctsk_SSNP_TBC_new) refers to ssnp_for_app.o(i.hardware_init) for hardware_init
    uctsk_ssnp_tbc.o(i.uctsk_SSNP_TBC_new) refers to ssnp_for_app.o(i.protocol_init) for protocol_init
    uctsk_ssnp_tbc.o(i.uctsk_SSNP_TBC_new) refers to printfa.o(i.__0printf) for __2printf
    uctsk_ssnp_tbc.o(i.uctsk_SSNP_TBC_new) refers to uctsk_ssnp_tbc.o(i.app_init) for app_init
    upcomputer.o(i.deQueue) refers to upcomputer.o(i.isQempty) for isQempty
    upcomputer.o(i.deQueue) refers to upcomputer.o(.bss) for queue
    upcomputer.o(i.enQueue) refers to upcomputer.o(i.isQfull) for isQfull
[...]
    i.protocol_init                          0x08005978   Section        0  ssnp_for_app.o(i.protocol_init)
    i.protocol_stack_init                    0x080059e0   Section        0  init.o(i.protocol_stack_init)
    i.sdp_input                              0x080059fc   Section        0  sdp.o(i.sdp_input)
    i.send_assign_alias_msg                  0x08005d10   Section        0  ethbcp.o(i.send_assign_alias_msg)
    send_assign_alias_msg                    0x08005d11   Thumb Code   162  ethbcp.o(i.send_assign_alias_msg)
    i.set_alias_alloc_done                   0x08005de4   Section        0  ethbcp.o(i.set_alias_alloc_done)
    i.set_mac_address                        0x08005df0   Section        0  ethernetif.o(i.set_mac_address)
    i.set_status_word_bad_frame_received     0x08005e14   Section        0  ethbcp.o(i.set_status_word_bad_frame_received)
    set_status_word_bad_frame_received       0x08005e15   Thumb Code     2  ethbcp.o(i.set_status_word_bad_frame_received)
    i.set_status_word_protocol_error         0x08005e16   Section        0  dp.o(i.set_status_word_protocol_error)
    set_status_word_protocol_error           0x08005e17   Thumb Code     2  dp.o(i.set_status_word_protocol_error)
    i.set_status_word_protocol_error         0x08005e18   Section        0  sdp.o(i.set_status_word_protocol_error)
    set_status_word_protocol_error           0x08005e19   Thumb Code     2  sdp.o(i.set_status_word_protocol_error)
    i.ssnp_init                              0x08005e1c   Section        0  ssnp.o(i.ssnp_init)
    i.ssnp_init_done                         0x08005e68   Section        0  ssnp_for_app.o(i.ssnp_init_done)
    ssnp_init_done                           0x08005e69   Thumb Code    14  ssnp_for_app.o(i.ssnp_init_done)
    i.ssnp_input                             0x08005e78   Section        0  ssnp.o(i.ssnp_input)
    i.ssnp_thread                            0x08005f24   Section        0  ssnp.o(i.ssnp_thread)
    ssnp_thread                              0x08005f25   Thumb Code   130  ssnp.o(i.ssnp_thread)
    i.sys_arch_mbox_fetch                    0x08005fb4   Section        0  sys_arch.o(i.sys_arch_mbox_fetch)
    i.sys_arch_sem_wait                      0x08006040   Section        0  sys_arch.o(i.sys_arch_sem_wait)
    i.sys_init                               0x080060ac   Section        0  sys_arch.o(i.sys_init)
    i.sys_mbox_new                           0x080060d0   Section        0  sys_arch.o(i.sys_mbox_new)
    i.sys_mbox_trypost                       0x08006128   Section        0  sys_arch.o(i.sys_mbox_trypost)
    i.sys_sem_free                           0x0800614c   Section        0  sys_arch.o(i.sys_sem_free)
    i.sys_sem_new                            0x0800615c   Section        0  sys_arch.o(i.sys_sem_new)
    i.sys_sem_signal                         0x0800616c   Section        0  sys_arch.o(i.sys_sem_signal)
    i.sys_thread_new                         0x08006178   Section        0  sys_arch.o(i.sys_thread_new)
    i.sys_time_get                           0x080061fc   Section        0  sys_arch.o(i.sys_time_get)
    i.sys_timeout                            0x08006204   Section        0  timer.o(i.sys_timeout)
    i.sys_timeouts_init                      0x0800629c   Section        0  timer.o(i.sys_timeouts_init)
    i.sys_timeouts_mbox_fetch                0x080062b0   Section        0  timer.o(i.sys_timeouts_mbox_fetch)
    i.sys_untimeout                          0x0800633c   Section        0  timer.o(i.sys_untimeout)
    i.test                                   0x0800639c   Section        0  alias_map.o(i.test)
    test                                     0x0800639d   Thumb Code    22  alias_map.o(i.test)
    i.tp_input                               0x080063b8   Section        0  tp.o(i.tp_input)
    i.uctsk_SSNP_TBC_new                     0x080065e4   Section        0  uctsk_ssnp_tbc.o(i.uctsk_SSNP_TBC_new)
    uctsk_SSNP_TBC_new                       0x080065e5   Thumb Code    50  uctsk_ssnp_tbc.o(i.uctsk_SSNP_TBC_new)
    .constdata                               0x08006630   Section      116  os_dbg.o(.constdata)
    .constdata                               0x080066a4   Section      256  os_core.o(.constdata)
    .constdata                               0x080067a4   Section       48  memp.o(.constdata)
    memp_sizes                               0x080067a4   Data          24  memp.o(.constdata)
    memp_num                                 0x080067bc   Data          24  memp.o(.constdata)
    .constdata                               0x080067d4   Section        4  sys_arch.o(.constdata)
    .constdata                               0x080067d8   Section       66  sdp.o(.constdata)
    .data                                    0x20000000   Section       30  uctsk_ssnp_tbc.o(.data)
    streaming_data_recv_mbox                 0x2000000c   Data           4  uctsk_ssnp_tbc.o(.data)
    cmd_reply_recv_mbox                      0x20000010   Data           4  uctsk_ssnp_tbc.o(.data)
    .data                                    0x2000001e   Section       20  stm32f10x_rcc.o(.data)
    APBAHBPrescTable                         0x2000001e   Data          16  stm32f10x_rcc.o(.data)
    ADCPrescTable                            0x2000002e   Data           4  stm32f10x_rcc.o(.data)
    .data                                    0x20000034   Section       16  stm32_eth.o(.data)
    .data                                    0x20000044   Section       20  system_stm32f10x.o(.data)
    .data                                    0x20000058   Section        2  os_cpu_c.o(.data)
    OSTmrCtr                                 0x20000058   Data           2  os_cpu_c.o(.data)
    .data                                    0x2000005c   Section       96  os_core.o(.data)
    .data                                    0x200000bc   Section        4  dp.o(.data)
    dp_pcbs                                  0x200000bc   Data           4  dp.o(.data)
    .data                                    0x200000c0   Section       15  ethbcp.o(.data)
    alias_alloc_done                         0x200000c0   Data           1  ethbcp.o(.data)
    time_slot_msg                            0x200000c4   Data           4  ethbcp.o(.data)
    tbc_dll_state                            0x200000c8   Data           7  ethbcp.o(.data)
    .data                                    0x200000cf   Section       12  ethernetif.o(.data)
    .data                                    0x200000dc   Section       16  mem.o(.data)
    ram                                      0x200000dc   Data           4  mem.o(.data)
    ram_end                                  0x200000e0   Data           4  mem.o(.data)
    ffree                                    0x200000e4   Data           4  mem.o(.data)
    mem_sem                                  0x200000e8   Data           4  mem.o(.data)
    .data                                    0x200000ec   Section        9  netif.o(.data)
    netif_num                                0x200000f4   Data           1  netif.o(.data)
    .data                                    0x200000f8   Section       12  ssnp.o(.data)
    mbox                                     0x200000f8   Data           4  ssnp.o(.data)
    ssnp_init_done                           0x200000fc   Data           4  ssnp.o(.data)
    ssnp_init_done_arg                       0x20000100   Data           4  ssnp.o(.data)
    .data                                    0x20000104   Section        4  sys_arch.o(.data)
    pQueueMem                                0x20000104   Data           4  sys_arch.o(.data)
    .data                                    0x20000108   Section        4  timer.o(.data)
    next_timeout                             0x20000108   Data           4  timer.o(.data)
    .data                                    0x2000010c   Section        4  tp.o(.data)
    tp_pcbs                                  0x2000010c   Data           4  tp.o(.data)
    .data                                    0x20000110   Section       14  ssnp_for_app.o(.data)
    recv_type                                0x20000110   Data           2  ssnp_for_app.o(.data)
    buf_start                                0x20000112   Data           2  ssnp_for_app.o(.data)
    buf_tail                                 0x20000114   Data           2  ssnp_for_app.o(.data)
    .data                                    0x2000011e   Section        6  alias_map.o(.data)
    first_free                               0x2000011e   Data           1  alias_map.o(.data)
    alias_map                                0x2000011f   Data           5  alias_map.o(.data)
    .data                                    0x20000124   Section        8  alias_state.o(.data)
    done_list                                0x20000128   Data           4  alias_state.o(.data)
    .data                                    0x2000012c   Section        4  sdp.o(.data)
    sdp_pcbs                                 0x2000012c   Data           4  sdp.o(.data)
    .data                                    0x20000130   Section        4  stdout.o(.data)
    .bss                                     0x20000134   Section      256  main.o(.bss)
    App_TaskStartStk                         0x20000134   Data         256  main.o(.bss)
    .bss                                     0x20000234   Section     3508  uctsk_ssnp_tbc.o(.bss)
    queue                                    0x20000234   Data          43  uctsk_ssnp_tbc.o(.bss)
    AppSSNPTaskStk                           0x20000260   Data        1024  uctsk_ssnp_tbc.o(.bss)
    .bss                                     0x20000fe8   Section       43  upcomputer.o(.bss)
    queue                                    0x20000fe8   Data          43  upcomputer.o(.bss)
    .bss                                     0x20001014   Section     4312  os_core.o(.bss)
    .bss                                     0x200020ec   Section     9216  ethernetif.o(.bss)
    .bss                                     0x200044ec   Section    10268  mem.o(.bss)
    .bss                                     0x20006d08   Section    15563  memp.o(.bss)
    memp_tab                                 0x20006d08   Data          48  memp.o(.bss)
    memp_memory                              0x20006d38   Data       15515  memp.o(.bss)
    .bss                                     0x2000a9d4   Section    11643  sys_arch.o(.bss)
    pcQueueMemoryPool                        0x2000b7e4   Data        8043  sys_arch.o(.bss)
    .bss                                     0x2000d750   Section      680  ssnp_for_app.o(.bss)
    queue                                    0x2000d750   Data          43  ssnp_for_app.o(.bss)
    netif                                    0x2000d77c   Data          36  ssnp_for_app.o(.bss)
    recv_buf                                 0x2000d7a0   Data         600  ssnp_for_app.o(.bss)
    .bss                                     0x2000d9f8   Section     6720  tbc.o(.bss)
    queue                                    0x2000d9f8   Data          43  tbc.o(.bss)
    STACK                                    0x2000f438   Section     2048  startup_stm32f10x_cl.o(STACK)

    Global Symbols

    Symbol Name                              Value     Ov Type        Size  Object(Section)

    BuildAttributes$$THM_ISAv4$P$D$K$B$S$PE$A:L22UL41UL21$X:L11$S22US41US21$IEEE1$IW$USESV6$~STKCKD$USESV7$~SHL$OTIME$ROPI$IEEEJ$EBA8$MICROLIB$REQ8$PRES8$EABIv2 0x00000000   Number         0  anon$$obj.o ABSOLUTE
    __ARM_use_no_argv                        0x00000000   Number         0  main.o ABSOLUTE
    _printf_a                                0x00000000   Number         0  stubs.o ABSOLUTE
    _printf_c                                0x00000000   Number         0  stubs.o ABSOLUTE
    _printf_charcount                        0x00000000   Number         0  stubs.o ABSOLUTE
    _printf_d                                0x00000000   Number         0  stubs.o ABSOLUTE
    _printf_e                                0x00000000   Number         0  stubs.o ABSOLUTE
    _printf_f                                0x00000000   Number         0  stubs.o ABSOLUTE
    _printf_flags                            0x00000000   Number         0  stubs.o ABSOLUTE
    _printf_fp_dec                           0x00000000   Number         0  stubs.o ABSOLUTE
    _printf_fp_hex                           0x00000000   Number         0  stubs.o ABSOLUTE
    _printf_g                                0x00000000   Number         0  stubs.o ABSOLUTE
    _printf_i                                0x00000000   Number         0  stubs.o ABSOLUTE
    _printf_int_dec                          0x00000000   Number         0  stubs.o ABSOLUTE
    _printf_l                                0x00000000   Number         0  stubs.o ABSOLUTE
    _printf_lc                               0x00000000   Number         0  stubs.o ABSOLUTE
    _printf_ll                               0x00000000   Number         0  stubs.o ABSOLUTE
    _printf_lld                              0x00000000   Number         0  stubs.o ABSOLUTE
    _printf_lli                              0x00000000   Number         0  stubs.o ABSOLUTE
    _printf_llo                              0x00000000   Number         0  stubs.o ABSOLUTE
    _printf_llu                              0x00000000   Number         0  stubs.o ABSOLUTE
    _printf_llx                              0x00000000   Number         0  stubs.o ABSOLUTE
    _printf_longlong_dec                     0x00000000   Number         0  stubs.o ABSOLUTE
    _printf_longlong_hex                     0x00000000   Number         0  stubs.o ABSOLUTE
    _printf_longlong_oct                     0x00000000   Number         0  stubs.o ABSOLUTE
    _printf_ls                               0x00000000   Number         0  stubs.o ABSOLUTE
    _printf_mbtowc                           0x00000000   Number         0  stubs.o ABSOLUTE
    _printf_n                                0x00000000   Number         0  stubs.o ABSOLUTE
    _printf_o                                0x00000000   Number         0  stubs.o ABSOLUTE
    _printf_p                                0x00000000   Number         0  stubs.o ABSOLUTE
    _printf_percent                          0x00000000   Number         0  stubs.o ABSOLUTE
    _printf_pre_padding                      0x00000000   Number         0  stubs.o ABSOLUTE
    _printf_return_value                     0x00000000   Number         0  stubs.o ABSOLUTE
    _printf_s                                0x00000000   Number         0  stubs.o ABSOLUTE
    _printf_sizespec                         0x00000000   Number         0  stubs.o ABSOLUTE
    _printf_str                              0x00000000   Number         0  stubs.o ABSOLUTE
    _printf_truncate_signed                  0x00000000   Number         0  stubs.o ABSOLUTE
    _printf_truncate_unsigned                0x00000000   Number         0  stubs.o ABSOLUTE
    _printf_u                                0x00000000   Number         0  stubs.o ABSOLUTE
    _printf_wc                               0x00000000   Number         0  stubs.o ABSOLUTE
    _printf_wctomb                           0x00000000   Number         0  stubs.o ABSOLUTE
    _printf_widthprec                        0x00000000   Number         0  stubs.o ABSOLUTE
    _printf_x                                0x00000000   Number         0  stubs.o ABSOLUTE
    __Vectors_Size                           0x00000150   Number         0  startup_stm32f10x_cl.o ABSOLUTE
    __Vectors                                0x08000000   Data           4  startup_stm32f10x_cl.o(RESET)
    __Vectors_End                            0x08000150   Data           0  startup_stm32f10x_cl.o(RESET)
    __main                                   0x08000151   Thumb Code     0  entry.o(.ARM.Collect$$$$00000000)
    _main_stk                                0x08000151   Thumb Code     0  entry2.o(.ARM.Collect$$$$00000001)
    _main_scatterload                        0x08000155   Thumb Code     0  entry5.o(.ARM.Collect$$$$00000004)
    __main_after_scatterload                 0x08000159   Thumb Code     0  entry5.o(.ARM.Collect$$$$00000004)
    _main_init                               0x08000159   Thumb Code     0  entry7.o(.ARM.Collect$$$$00000007)
    Reset_Handler                            0x08000165   Thumb Code     8  startup_stm32f10x_cl.o(.text)
    ADC1_2_IRQHandler                        0x0800017f   Thumb Code     0  startup_stm32f10x_cl.o(.text)
    CAN1_RX0_IRQHandler                      0x0800017f   Thumb Code     0  startup_stm32f10x_cl.o(.text)
    CAN1_RX1_IRQHandler                      0x0800017f   Thumb Code     0  startup_stm32f10x_cl.o(.text)
    CAN1_SCE_IRQHandler                      0x0800017f   Thumb Code     0  startup_stm32f10x_cl.o(.text)
    CAN1_TX_IRQHandler                       0x0800017f   Thumb Code     0  startup_stm32f10x_cl.o(.text)
    CAN2_RX0_IRQHandler                      0x0800017f   Thumb Code     0  startup_stm32f10x_cl.o(.text)
    CAN2_RX1_IRQHandler                      0x0800017f   Thumb Code     0  startup_stm32f10x_cl.o(.text)
    CAN2_SCE_IRQHandler                      0x0800017f   Thumb Code     0  startup_stm32f10x_cl.o(.text)
    CAN2_TX_IRQHandler                       0x0800017f   Thumb Code     0  startup_stm32f10x_cl.o(.text)
    DMA1_Channel1_IRQHandler                 0x0800017f   Thumb Code     0  startup_stm32f10x_cl.o(.text)
    DMA1_Channel2_IRQHandler                 0x0800017f   Thumb Code     0  startup_stm32f10x_cl.o(.text)
    DMA1_Channel3_IRQHandler                 0x0800017f   Thumb Code     0  startup_stm32f10x_cl.o(.text)
    DMA1_Channel4_IRQHandler                 0x0800017f   Thumb Code     0  startup_stm32f10x_cl.o(.text)
    DMA1_Channel5_IRQHandler                 0x0800017f   Thumb Code     0  startup_stm32f10x_cl.o(.text)
    DMA1_Channel6_IRQHandler                 0x0800017f   Thumb Code     0  startup_stm32f10x_cl.o(.text)
    DMA1_Channel7_IRQHandler                 0x0800017f   Thumb Code     0  startup_stm32f10x_cl.o(.text)
    DMA2_Channel1_IRQHandler                 0x0800017f   Thumb Code     0  startup_stm32f10x_cl.o(.text)
    DMA2_Channel2_IRQHandler                 0x0800017f   Thumb Code     0  startup_stm32f10x_cl.o(.text)
    DMA2_Channel3_IRQHandler                 0x0800017f   Thumb Code     0  startup_stm32f10x_cl.o(.text)
    DMA2_Channel4_IRQHandler                 0x0800017f   Thumb Code     0  startup_stm32f10x_cl.o(.text)
    DMA2_Channel5_IRQHandler                 0x0800017f   Thumb Code     0  startup_stm32f10x_cl.o(.text)
    ETH_WKUP_IRQHandler                      0x0800017f   Thumb Code     0  startup_stm32f10x_cl.o(.text)
    EXTI0_IRQHandler                         0x0800017f   Thumb Code     0  startup_stm32f10x_cl.o(.text)
    EXTI15_10_IRQHandler                     0x0800017f   Thumb Code     0  startup_stm32f10x_cl.o(.text)
    EXTI1_IRQHandler                         0x0800017f   Thumb Code     0  startup_stm32f10x_cl.o(.text)
    EXTI2_IRQHandler                         0x0800017f   Thumb Code     0  startup_stm32f10x_cl.o(.text)
    EXTI3_IRQHandler                         0x0800017f   Thumb Code     0  startup_stm32f10x_cl.o(.text)
    EXTI4_IRQHandler                         0x0800017f   Thumb Code     0  startup_stm32f10x_cl.o(.text)
    EXTI9_5_IRQHandler                       0x0800017f   Thumb Code     0  startup_stm32f10x_cl.o(.text)
    FLASH_IRQHandler                         0x0800017f   Thumb Code     0  startup_stm32f10x_cl.o(.text)
    I2C1_ER_IRQHandler                       0x0800017f   Thumb Code     0  startup_stm32f10x_cl.o(.text)
    I2C1_EV_IRQHandler                       0x0800017f   Thumb Code     0  startup_stm32f10x_cl.o(.text)
    I2C2_ER_IRQHandler                       0x0800017f   Thumb Code     0  startup_stm32f10x_cl.o(.text)
    I2C2_EV_IRQHandler                       0x0800017f   Thumb Code     0  startup_stm32f10x_cl.o(.text)
    OTG_FS_IRQHandler                        0x0800017f   Thumb Code     0  startup_stm32f10x_cl.o(.text)
    OTG_FS_WKUP_IRQHandler                   0x0800017f   Thumb Code     0  startup_stm32f10x_cl.o(.text)
    PVD_IRQHandler                           0x0800017f   Thumb Code     0  startup_stm32f10x_cl.o(.text)
    RCC_IRQHandler                           0x0800017f   Thumb Code     0  startup_stm32f10x_cl.o(.text)
    RTCAlarm_IRQHandler                      0x0800017f   Thumb Code     0  startup_stm32f10x_cl.o(.text)
    RTC_IRQHandler                           0x0800017f   Thumb Code     0  startup_stm32f10x_cl.o(.text)
    SPI1_IRQHandler                          0x0800017f   Thumb Code     0  startup_stm32f10x_cl.o(.text)
    SPI2_IRQHandler                          0x0800017f   Thumb Code     0  startup_stm32f10x_cl.o(.text)
    SPI3_IRQHandler                          0x0800017f   Thumb Code     0  startup_stm32f10x_cl.o(.text)
    TAMPER_IRQHandler                        0x0800017f   Thumb Code     0  startup_stm32f10x_cl.o(.text)
    TIM1_BRK_IRQHandler                      0x0800017f   Thumb Code     0  startup_stm32f10x_cl.o(.text)
    TIM1_CC_IRQHandler                       0x0800017f   Thumb Code     0  startup_stm32f10x_cl.o(.text)
    TIM1_TRG_COM_IRQHandler                  0x0800017f   Thumb Code     0  startup_stm32f10x_cl.o(.text)
    TIM1_UP_IRQHandler                       0x0800017f   Thumb Code     0  startup_stm32f10x_cl.o(.text)
    TIM2_IRQHandler                          0x0800017f   Thumb Code     0  startup_stm32f10x_cl.o(.text)
    TIM3_IRQHandler                          0x0800017f   Thumb Code     0  startup_stm32f10x_cl.o(.text)
    TIM4_IRQHandler                          0x0800017f   Thumb Code     0  startup_stm32f10x_cl.o(.text)
    TIM6_IRQHandler                          0x0800017f   Thumb Code     0  startup_stm32f10x_cl.o(.text)
    TIM7_IRQHandler                          0x0800017f   Thumb Code     0  startup_stm32f10x_cl.o(.text)
    UART4_IRQHandler                         0x0800017f   Thumb Code     0  startup_stm32f10x_cl.o(.text)
    UART5_IRQHandler                         0x0800017f   Thumb Code     0  startup_stm32f10x_cl.o(.text)
    USART3_IRQHandler                        0x0800017f   Thumb Code     0  startup_stm32f10x_cl.o(.text)
    WWDG_IRQHandler                          0x0800017f   Thumb Code     0  startup_stm32f10x_cl.o(.text)
    OS_CPU_SR_Save                           0x08000189   Thumb Code     0  os_cpu_a.o(.text)
    OS_CPU_SR_Restore                        0x08000191   Thumb Code     0  os_cpu_a.o(.text)
    OSStartHighRdy                           0x08000197   Thumb Code     0  os_cpu_a.o(.text)
    OSCtxSw                                  0x080001b7   Thumb Code     0  os_cpu_a.o(.text)
    OSIntCtxSw                               0x080001c1   Thumb Code     0  os_cpu_a.o(.text)
    PendSV_Handler                           0x080001cb   Thumb Code     0  os_cpu_a.o(.text)
    CPU_IntDis                               0x0800022d   Thumb Code     0  cpu_a.o(.text)
    CPU_IntEn                                0x08000231   Thumb Code     0  cpu_a.o(.text)
    CPU_SR_Save                              0x08000235   Thumb Code     0  cpu_a.o(.text)
    CPU_SR_Restore                           0x0800023d   Thumb Code     0  cpu_a.o(.text)
    CPU_CntLeadZeros                         0x08000243   Thumb Code     0  cpu_a.o(.text)
    CPU_RevBits                              0x08000249   Thumb Code     0  cpu_a.o(.text)
    CPU_WaitForInt                           0x0800024f   Thumb Code     0  cpu_a.o(.text)
    CPU_WaitForExcept                        0x08000253   Thumb Code     0  cpu_a.o(.text)
    __aeabi_memcpy                           0x08000257   Thumb Code    36  memcpya.o(.text)
    __aeabi_memcpy4                          0x08000257   Thumb Code     0  memcpya.o(.text)
    __aeabi_memcpy8                          0x08000257   Thumb Code     0  memcpya.o(.text)
    __aeabi_uidiv                            0x0800027b   Thumb Code     0  uidiv.o(.text)
    __aeabi_uidivmod                         0x0800027b   Thumb Code    44  uidiv.o(.text)
    __aeabi_uldivmod                         0x080002a7   Thumb Code   102  uldiv.o(.text)
    __I$use$fp                               0x0800030d   Thumb Code     0  iusefp.o(.text)
    _double_round                            0x0800030d   Thumb Code    26  depilogue.o(.text)
    _double_epilogue                         0x08000327   Thumb Code   168  depilogue.o(.text)
    __aeabi_dadd                             0x080003cf   Thumb Code   318  dadd.o(.text)
    __aeabi_dsub                             0x0800050d   Thumb Code     6  dadd.o(.text)
    __aeabi_drsub                            0x08000513   Thumb Code     6  dadd.o(.text)
    __aeabi_dmul                             0x08000519   Thumb Code   226  dmul.o(.text)
    __aeabi_ddiv                             0x080005fb   Thumb Code   222  ddiv.o(.text)
    __aeabi_d2ulz                            0x080006d9   Thumb Code    48  dfixul.o(.text)
    __aeabi_cdrcmple                         0x08000709   Thumb Code    38  cdrcmple.o(.text)
    __scatterload                            0x08000731   Thumb Code    28  init.o(.text)
    __scatterload_rt2                        0x08000731   Thumb Code     0  init.o(.text)
    __aeabi_llsl                             0x08000755   Thumb Code    30  llshl.o(.text)
    _ll_shift_l                              0x08000755   Thumb Code     0  llshl.o(.text)
    __aeabi_llsr                             0x08000773   Thumb Code    32  llushr.o(.text)
    _ll_ushift_r                             0x08000773   Thumb Code     0  llushr.o(.text)
    __aeabi_lasr                             0x08000793   Thumb Code    36  llsshr.o(.text)
    _ll_sshift_r                             0x08000793   Thumb Code     0  llsshr.o(.text)
    __decompress                             0x080007b7   Thumb Code     0  __dczerorl2.o(.text)
    __decompress1                            0x080007b7   Thumb Code    92  __dczerorl2.o(.text)
    App_SSNPTaskCreate                       0x08000815   Thumb Code    20  uctsk_ssnp_tbc.o(i.App_SSNPTaskCreate)
    App_TCBInitHook                          0x08000831   Thumb Code     2  os_apphooks.o(i.App_TCBInitHook)
    App_TaskCreateHook                       0x0800083b   Thumb Code     2  os_apphooks.o(i.App_TaskCreateHook)
    App_TaskIdleHook                         0x0800083d   Thumb Code     2  os_apphooks.o(i.App_TaskIdleHook)
    App_TaskStatHook                         0x0800085b   Thumb Code     2  os_apphooks.o(i.App_TaskStatHook)
    App_TaskSwHook                           0x0800085d   Thumb Code     2  os_apphooks.o(i.App_TaskSwHook)
    App_TimeTickHook                         0x0800085f   Thumb Code     2  os_apphooks.o(i.App_TimeTickHook)
    BusFault_Handler                         0x08000861   Thumb Code     4  stm32f10x_it.o(i.BusFault_Handler)
    DebugMon_Handler                         0x08000865   Thumb Code     2  stm32f10x_it.o(i.DebugMon_Handler)
    ETH_DMAClearITPendingBit                 0x08000869   Thumb Code     6  stm32_eth.o(i.ETH_DMAClearITPendingBit)
    ETH_DMAITConfig                          0x08000875   Thumb Code    26  stm32_eth.o(i.ETH_DMAITConfig)
    ETH_DMAReceptionCmd                      0x08000895   Thumb Code    30  stm32_eth.o(i.ETH_DMAReceptionCmd)
    ETH_DMARxDescChainInit                   0x080008b9   Thumb Code    76  stm32_eth.o(i.ETH_DMARxDescChainInit)
    ETH_DMARxDescReceiveITConfig             0x0800090d   Thumb Code    22  stm32_eth.o(i.ETH_DMARxDescReceiveITConfig)
    ETH_DMATransmissionCmd                   0x08000925   Thumb Code    30  stm32_eth.o(i.ETH_DMATransmissionCmd)
    ETH_DMATxDescChainInit                   0x08000949   Thumb Code    70  stm32_eth.o(i.ETH_DMATxDescChainInit)
    ETH_DeInit                               0x08000999   Thumb Code    22  stm32_eth.o(i.ETH_DeInit)
    ETH_FlushTransmitFIFO                    0x080009bd   Thumb Code    14  stm32_eth.o(i.ETH_FlushTransmitFIFO)
    ETH_GetCurrentTxBuffer                   0x080009d1   Thumb Code     8  ethernetif.o(i.ETH_GetCurrentTxBuffer)
    ETH_GetDMARxDescFrameLength              0x080009dd   Thumb Code    10  stm32_eth.o(i.ETH_GetDMARxDescFrameLength)
    ETH_GetRxPktSize                         0x080009e9   Thumb Code    66  stm32_eth.o(i.ETH_GetRxPktSize)
    ETH_GetSoftwareResetStatus               0x08000a31   Thumb Code    20  stm32_eth.o(i.ETH_GetSoftwareResetStatus)
    ETH_IRQHandler                           0x08000a49   Thumb Code    60  ssnp_for_app.o(i.ETH_IRQHandler)
    ETH_Init                                 0x08000a8d   Thumb Code   552  stm32_eth.o(i.ETH_Init)
    ETH_MACAddressConfig                     0x08000cd9   Thumb Code    46  stm32_eth.o(i.ETH_MACAddressConfig)
    ETH_MACReceptionCmd                      0x08000d0d   Thumb Code    30  stm32_eth.o(i.ETH_MACReceptionCmd)
    ETH_MACTransmissionCmd                   0x08000d31   Thumb Code    30  stm32_eth.o(i.ETH_MACTransmissionCmd)
    ETH_ReadPHYRegister                      0x08000d55   Thumb Code    88  stm32_eth.o(i.ETH_ReadPHYRegister)
    ETH_RxPkt_ChainMode                      0x08000db5   Thumb Code   148  ethernetif.o(i.ETH_RxPkt_ChainMode)
    ETH_SoftwareReset                        0x08000e51   Thumb Code    14  stm32_eth.o(i.ETH_SoftwareReset)
    ETH_Start                                0x08000e65   Thumb Code    32  stm32_eth.o(i.ETH_Start)
    ETH_StructInit                           0x08000e85   Thumb Code   164  stm32_eth.o(i.ETH_StructInit)
    ETH_TxPkt_ChainMode                      0x08000f29   Thumb Code    94  ethernetif.o(i.ETH_TxPkt_ChainMode)
    ETH_WritePHYRegister                     0x08000f91   Thumb Code    88  stm32_eth.o(i.ETH_WritePHYRegister)
    GPIO_ETH_MediaInterfaceConfig            0x08001091   Thumb Code     6  stm32f10x_gpio.o(i.GPIO_ETH_MediaInterfaceConfig)
    GPIO_Init                                0x0800109d   Thumb Code   274  stm32f10x_gpio.o(i.GPIO_Init)
    GPIO_PinRemapConfig                      0x080011b1   Thumb Code   138  stm32f10x_gpio.o(i.GPIO_PinRemapConfig)
    HardFault_Handler                        0x08001241   Thumb Code     4  stm32f10x_it.o(i.HardFault_Handler)
    MemManage_Handler                        0x08001245   Thumb Code     4  stm32f10x_it.o(i.MemManage_Handler)
    NMI_Handler                              0x08001249   Thumb Code     2  stm32f10x_it.o(i.NMI_Handler)
    NVIC_Init                                0x08001299   Thumb Code   118  misc.o(i.NVIC_Init)
    NVIC_PriorityGroupConfig                 0x0800131d   Thumb Code    10  misc.o(i.NVIC_PriorityGroupConfig)
    OSDebugInit                              0x08001331   Thumb Code   118  os_dbg.o(i.OSDebugInit)
    OSEventNameSet                           0x0800148d   Thumb Code   100  os_core.o(i.OSEventNameSet)
    OSInit                                   0x080014f5   Thumb Code    56  os_core.o(i.OSInit)
    OSInitHookBegin                          0x0800152d   Thumb Code     8  os_cpu_c.o(i.OSInitHookBegin)
    OSInitHookEnd                            0x08001539   Thumb Code     2  os_cpu_c.o(i.OSInitHookEnd)
    OSIntExit                                0x0800153d   Thumb Code   112  os_core.o(i.OSIntExit)
    OSMemCreate                              0x080015cd   Thumb Code   164  os_mem.o(i.OSMemCreate)
    OSMemGet                                 0x08001675   Thumb Code    72  os_mem.o(i.OSMemGet)
    OSMemPut                                 0x080016bd   Thumb Code    66  os_mem.o(i.OSMemPut)
    OSQCreate                                0x08001701   Thumb Code   144  os_q.o(i.OSQCreate)
    OSQPend                                  0x080017a1   Thumb Code   288  os_q.o(i.OSQPend)
    OSQPost                                  0x080018cd   Thumb Code   120  os_q.o(i.OSQPost)
    OSSchedLock                              0x08001945   Thumb Code    50  os_core.o(i.OSSchedLock)
    OSSchedUnlock                            0x08001985   Thumb Code    82  os_core.o(i.OSSchedUnlock)
    OSSemCreate                              0x080019e5   Thumb Code    72  os_sem.o(i.OSSemCreate)
    OSSemDel                                 0x08001a39   Thumb Code   220  os_sem.o(i.OSSemDel)
    OSSemPend                                0x08001b21   Thumb Code   236  os_sem.o(i.OSSemPend)
    OSSemPost                                0x08001c19   Thumb Code    94  os_sem.o(i.OSSemPost)
    OSStart                                  0x08001c79   Thumb Code    48  os_core.o(i.OSStart)
    OSStatInit                               0x08001cc1   Thumb Code    62  os_core.o(i.OSStatInit)
    OSTCBInitHook                            0x08001d0d   Thumb Code    12  os_cpu_c.o(i.OSTCBInitHook)
    OSTaskCreate                             0x08001d19   Thumb Code   154  os_task.o(i.OSTaskCreate)
    OSTaskCreateExt                          0x08001dc1   Thumb Code   178  os_task.o(i.OSTaskCreateExt)
    OSTaskCreateHook                         0x08001e81   Thumb Code    12  os_cpu_c.o(i.OSTaskCreateHook)
    OSTaskIdleHook                           0x08001e8d   Thumb Code     8  os_cpu_c.o(i.OSTaskIdleHook)
    OSTaskNameSet                            0x08001e95   Thumb Code   120  os_task.o(i.OSTaskNameSet)
    OSTaskStatHook                           0x08001f19   Thumb Code     8  os_cpu_c.o(i.OSTaskStatHook)
    OSTaskStkChk                             0x08001f21   Thumb Code   150  os_task.o(i.OSTaskStkChk)
    OSTaskStkInit                            0x08001fc1   Thumb Code   154  os_cpu_c.o(i.OSTaskStkInit)
    OSTaskSuspend                            0x0800205d   Thumb Code   180  os_task.o(i.OSTaskSuspend)
    OSTaskSwHook                             0x08002121   Thumb Code     8  os_cpu_c.o(i.OSTaskSwHook)
    OSTimeDly                                0x08002129   Thumb Code   108  os_time.o(i.OSTimeDly)
    OSTimeDlyHMSM                            0x080021a9   Thumb Code   124  os_time.o(i.OSTimeDlyHMSM)
    OSTimeGet                                0x0800222d   Thumb Code    24  os_time.o(i.OSTimeGet)
    OSTimeTick                               0x08002249   Thumb Code   218  os_core.o(i.OSTimeTick)
    OSTimeTickHook                           0x0800233d   Thumb Code    34  os_cpu_c.o(i.OSTimeTickHook)
    OSTmrSignal                              0x08002365   Thumb Code    16  os_tmr.o(i.OSTmrSignal)
    OSTmr_Init                               0x08002379   Thumb Code   168  os_tmr.o(i.OSTmr_Init)
    OS_CPU_SysTickInit                       0x080025ed   Thumb Code    86  os_cpu_c.o(i.OS_CPU_SysTickInit)
    OS_EventTaskRdy                          0x08002651   Thumb Code   138  os_core.o(i.OS_EventTaskRdy)
    OS_EventTaskRemove                       0x080026ed   Thumb Code    50  os_core.o(i.OS_EventTaskRemove)
    OS_EventTaskRemoveMulti                  0x0800271f   Thumb Code    80  os_core.o(i.OS_EventTaskRemoveMulti)
    OS_EventTaskWait                         0x08002771   Thumb Code   120  os_core.o(i.OS_EventTaskWait)
    OS_EventWaitListInit                     0x080027f5   Thumb Code    28  os_core.o(i.OS_EventWaitListInit)
    OS_FlagInit                              0x08002811   Thumb Code    74  os_flag.o(i.OS_FlagInit)
    OS_MemClr                                0x08002a81   Thumb Code    18  os_core.o(i.OS_MemClr)
    OS_MemInit                               0x08002a95   Thumb Code    74  os_mem.o(i.OS_MemInit)
    OS_QInit                                 0x08002aed   Thumb Code    72  os_q.o(i.OS_QInit)
    OS_Sched                                 0x08002b3d   Thumb Code    88  os_core.o(i.OS_Sched)
    OS_TCBInit                               0x08002bdd   Thumb Code   294  os_core.o(i.OS_TCBInit)
    OS_TaskIdle                              0x08002d21   Thumb Code    34  os_core.o(i.OS_TaskIdle)
    OS_TaskStat                              0x08002d49   Thumb Code   116  os_core.o(i.OS_TaskStat)
    OS_TaskStatStkChk                        0x08002dd1   Thumb Code    54  os_core.o(i.OS_TaskStatStkChk)
    OS_TaskStkClr                            0x08002e0d   Thumb Code    26  os_task.o(i.OS_TaskStkClr)
    RCC_AHBPeriphClockCmd                    0x08002e29   Thumb Code    26  stm32f10x_rcc.o(i.RCC_AHBPeriphClockCmd)
    RCC_AHBPeriphResetCmd                    0x08002e49   Thumb Code    26  stm32f10x_rcc.o(i.RCC_AHBPeriphResetCmd)
    RCC_APB1PeriphClockCmd                   0x08002e69   Thumb Code    26  stm32f10x_rcc.o(i.RCC_APB1PeriphClockCmd)
    RCC_APB2PeriphClockCmd                   0x08002e89   Thumb Code    26  stm32f10x_rcc.o(i.RCC_APB2PeriphClockCmd)
    RCC_GetClocksFreq                        0x08002ea9   Thumb Code   374  stm32f10x_rcc.o(i.RCC_GetClocksFreq)
    RCC_GetFlagStatus                        0x08003039   Thumb Code    56  stm32f10x_rcc.o(i.RCC_GetFlagStatus)
    RCC_MCOConfig                            0x08003075   Thumb Code     6  stm32f10x_rcc.o(i.RCC_MCOConfig)
    RCC_PLL3Cmd                              0x08003081   Thumb Code     6  stm32f10x_rcc.o(i.RCC_PLL3Cmd)
    RCC_PLL3Config                           0x0800308d   Thumb Code    18  stm32f10x_rcc.o(i.RCC_PLL3Config)
    SVC_Handler                              0x080030a5   Thumb Code     2  stm32f10x_it.o(i.SVC_Handler)
    SysTick_Handler                          0x080031b1   Thumb Code    34  stm32f10x_it.o(i.SysTick_Handler)
    SystemInit                               0x080031d9   Thumb Code    92  system_stm32f10x.o(i.SystemInit)
    TBC_DLL_init                             0x08003245   Thumb Code    58  ethbcp.o(i.TBC_DLL_init)
    TBC_init                                 0x080032ad   Thumb Code    26  tbc.o(i.TBC_init)
    TIM5_IRQHandler                          0x080032cd   Thumb Code    60  uctsk_ssnp_tbc.o(i.TIM5_IRQHandler)
    TIM_ClearITPendingBit                    0x08003355   Thumb Code     6  stm32f10x_tim.o(i.TIM_ClearITPendingBit)
    TIM_Cmd                                  0x0800335b   Thumb Code    24  stm32f10x_tim.o(i.TIM_Cmd)
    TIM_GetITStatus                          0x08003373   Thumb Code    34  stm32f10x_tim.o(i.TIM_GetITStatus)
    TIM_ITConfig                             0x08003395   Thumb Code    24  stm32f10x_tim.o(i.TIM_ITConfig)
    TIM_TimeBaseInit                         0x080033ad   Thumb Code   122  stm32f10x_tim.o(i.TIM_TimeBaseInit)
    USART1_IRQHandler                        0x08003451   Thumb Code     2  stm32f10x_it.o(i.USART1_IRQHandler)
    USART2_IRQHandler                        0x08003455   Thumb Code   224  ssnp_for_app.o(i.USART2_IRQHandler)
    USART_ClearFlag                          0x080035f5   Thumb Code    18  stm32f10x_usart.o(i.USART_ClearFlag)
    USART_ClearITPendingBit                  0x08003607   Thumb Code    30  stm32f10x_usart.o(i.USART_ClearITPendingBit)
    USART_Cmd                                0x08003625   Thumb Code    24  stm32f10x_usart.o(i.USART_Cmd)
    USART_GetFlagStatus                      0x080036dd   Thumb Code    26  stm32f10x_usart.o(i.USART_GetFlagStatus)
    USART_GetITStatus                        0x080036f7   Thumb Code    84  stm32f10x_usart.o(i.USART_GetITStatus)
    USART_ITConfig                           0x0800374b   Thumb Code    74  stm32f10x_usart.o(i.USART_ITConfig)
    USART_Init                               0x08003795   Thumb Code   210  stm32f10x_usart.o(i.USART_Init)
    USART_ReceiveData                        0x0800386d   Thumb Code    10  stm32f10x_usart.o(i.USART_ReceiveData)
    USART_SendData                           0x08003877   Thumb Code     8  stm32f10x_usart.o(i.USART_SendData)
    UsageFault_Handler                       0x0800387f   Thumb Code     4  stm32f10x_it.o(i.UsageFault_Handler)
    __0printf                                0x08003885   Thumb Code    22  printfa.o(i.__0printf)
    __1printf                                0x08003885   Thumb Code     0  printfa.o(i.__0printf)
    __2printf                                0x08003885   Thumb Code     0  printfa.o(i.__0printf)
    __c89printf                              0x08003885   Thumb Code     0  printfa.o(i.__0printf)
    printf                                   0x08003885   Thumb Code     0  printfa.o(i.__0printf)
    __scatterload_copy                       0x080038a5   Thumb Code    14  handlers.o(i.__scatterload_copy)
    __scatterload_null                       0x080038b3   Thumb Code     2  handlers.o(i.__scatterload_null)
    __scatterload_zeroinit                   0x080038b5   Thumb Code    14  handlers.o(i.__scatterload_zeroinit)
    add_alias_pending                        0x08004141   Thumb Code    82  alias_state.o(i.add_alias_pending)
    alias_check_timer                        0x080041b5   Thumb Code    30  timer.o(i.alias_check_timer)
    alias_done                               0x080041d9   Thumb Code   190  alias_state.o(i.alias_done)
    alloc_alias_map                          0x080042a1   Thumb Code    70  alias_map.o(i.alloc_alias_map)
    clear_unresponsive_alias                 0x080043f9   Thumb Code    68  alias_state.o(i.clear_unresponsive_alias)
    del_alias_map                            0x08004455   Thumb Code    40  alias_map.o(i.del_alias_map)
    dp_input                                 0x080044e1   Thumb Code   538  dp.o(i.dp_input)
    ethbcp_output                            0x08004b2d   Thumb Code   140  ethbcp.o(i.ethbcp_output)
    ethernet_input                           0x08004cfd   Thumb Code   222  ethbcp.o(i.ethernet_input)
    ethernetif_init                          0x08004eb9   Thumb Code    70  ethernetif.o(i.ethernetif_init)
    ethernetif_input                         0x08004f31   Thumb Code    66  ethernetif.o(i.ethernetif_input)
    fputc                                    0x08004fb9   Thumb Code    32  uctsk_ssnp_tbc.o(i.fputc)
    hardware_init                            0x08004fdd   Thumb Code     8  ssnp_for_app.o(i.hardware_init)
    inet_chksum                              0x08004fe5   Thumb Code     6  inet_chksum.o(i.inet_chksum)
    init_queue                               0x08004fed   Thumb Code    12  upcomputer.o(i.init_queue)
    is_exist_in_pending_list                 0x08004ffd   Thumb Code    26  alias_state.o(i.is_exist_in_pending_list)
    main                                     0x08005165   Thumb Code    72  main.o(i.main)
    mem_alloc                                0x080051c1   Thumb Code   246  mem.o(i.mem_alloc)
    mem_free                                 0x080052c9   Thumb Code    74  mem.o(i.mem_free)
    mem_init                                 0x08005325   Thumb Code    82  mem.o(i.mem_init)
    mem_trim                                 0x0800538d   Thumb Code   252  mem.o(i.mem_trim)
    memp_alloc                               0x08005499   Thumb Code    38  memp.o(i.memp_alloc)
    memp_free                                0x080054c5   Thumb Code    46  memp.o(i.memp_free)
    memp_init                                0x080054f9   Thumb Code    70  memp.o(i.memp_init)
    netif_add                                0x08005551   Thumb Code    84  netif.o(i.netif_add)
    netif_init                               0x080055d1   Thumb Code     2  netif.o(i.netif_init)
    netif_set_default                        0x080055d5   Thumb Code     6  netif.o(i.netif_set_default)
    pbuf_alloc                               0x080055e1   Thumb Code   366  pbuf.o(i.pbuf_alloc)
    pbuf_cat                                 0x08005771   Thumb Code    36  pbuf.o(i.pbuf_cat)
    pbuf_chain                               0x08005795   Thumb Code    22  pbuf.o(i.pbuf_chain)
    pbuf_free                                0x080057ab   Thumb Code   108  pbuf.o(i.pbuf_free)
    pbuf_header                              0x08005817   Thumb Code   106  pbuf.o(i.pbuf_header)
    pbuf_realloc                             0x08005881   Thumb Code   100  pbuf.o(i.pbuf_realloc)
    pbuf_ref                                 0x080058e5   Thumb Code    26  pbuf.o(i.pbuf_ref)
    protocol_init                            0x08005979   Thumb Code    78  ssnp_for_app.o(i.protocol_init)
    protocol_stack_init                      0x080059e1   Thumb Code    28  init.o(i.protocol_stack_init)
    sdp_input                                0x080059fd   Thumb Code   514  sdp.o(i.sdp_input)
    set_alias_alloc_done                     0x08005de5   Thumb Code     8  ethbcp.o(i.set_alias_alloc_done)
    set_mac_address                          0x08005df1   Thumb Code    32  ethernetif.o(i.set_mac_address)
    ssnp_init                                0x08005e1d   Thumb Code    48  ssnp.o(i.ssnp_init)
    ssnp_input                               0x08005e79   Thumb Code    84  ssnp.o(i.ssnp_input)
    sys_arch_mbox_fetch                      0x08005fb5   Thumb Code   136  sys_arch.o(i.sys_arch_mbox_fetch)
    sys_arch_sem_wait                        0x08006041   Thumb Code   108  sys_arch.o(i.sys_arch_sem_wait)
    sys_init                                 0x080060ad   Thumb Code    26  sys_arch.o(i.sys_init)
    sys_mbox_new                             0x080060d1   Thumb Code    72  sys_arch.o(i.sys_mbox_new)
    sys_mbox_trypost                         0x08006129   Thumb Code    30  sys_arch.o(i.sys_mbox_trypost)
    sys_sem_free                             0x0800614d   Thumb Code    16  sys_arch.o(i.sys_sem_free)
    sys_sem_new                              0x0800615d   Thumb Code    16  sys_arch.o(i.sys_sem_new)
    sys_sem_signal                           0x0800616d   Thumb Code    12  sys_arch.o(i.sys_sem_signal)
    sys_thread_new                           0x08006179   Thumb Code   126  sys_arch.o(i.sys_thread_new)
    sys_time_get                             0x080061fd   Thumb Code     8  sys_arch.o(i.sys_time_get)
    sys_timeout                              0x08006205   Thumb Code   148  timer.o(i.sys_timeout)
    sys_timeouts_init                        0x0800629d   Thumb Code    16  timer.o(i.sys_timeouts_init)
    sys_timeouts_mbox_fetch                  0x080062b1   Thumb Code   136  timer.o(i.sys_timeouts_mbox_fetch)
    sys_untimeout                            0x0800633d   Thumb Code    90  timer.o(i.sys_untimeout)
    tp_input                                 0x080063b9   Thumb Code   320  tp.o(i.tp_input)
    OSDebugEn                                0x08006630   Data           2  os_dbg.o(.constdata)
    OSEndiannessTest                         0x08006634   Data           4  os_dbg.o(.constdata)
    OSEventEn                                0x08006638   Data           2  os_dbg.o(.constdata)
    OSEventMax                               0x0800663a   Data           2  os_dbg.o(.constdata)
    OSEventNameEn                            0x0800663c   Data           2  os_dbg.o(.constdata)
    OSEventSize                              0x0800663e   Data           2  os_dbg.o(.constdata)
    OSEventTblSize                           0x08006640   Data           2  os_dbg.o(.constdata)
    OSEventMultiEn                           0x08006642   Data           2  os_dbg.o(.constdata)
    OSFlagEn                                 0x08006644   Data           2  os_dbg.o(.constdata)
    OSFlagGrpSize                            0x08006646   Data           2  os_dbg.o(.constdata)
    OSFlagNodeSize                           0x08006648   Data           2  os_dbg.o(.constdata)
    OSFlagWidth                              0x0800664a   Data           2  os_dbg.o(.constdata)
    OSFlagMax                                0x0800664c   Data           2  os_dbg.o(.constdata)
    OSFlagNameEn                             0x0800664e   Data           2  os_dbg.o(.constdata)
    OSLowestPrio                             0x08006650   Data           2  os_dbg.o(.constdata)
    OSMboxEn                                 0x08006652   Data           2  os_dbg.o(.constdata)
    OSMemEn                                  0x08006654   Data           2  os_dbg.o(.constdata)
    OSMemMax                                 0x08006656   Data           2  os_dbg.o(.constdata)
    OSMemNameEn                              0x08006658   Data           2  os_dbg.o(.constdata)
    OSMemSize                                0x0800665a   Data           2  os_dbg.o(.constdata)
    OSMemTblSize                             0x0800665c   Data           2  os_dbg.o(.constdata)
    OSMutexEn                                0x0800665e   Data           2  os_dbg.o(.constdata)
    OSPtrSize                                0x08006660   Data           2  os_dbg.o(.constdata)
    OSQEn                                    0x08006662   Data           2  os_dbg.o(.constdata)
    OSQMax                                   0x08006664   Data           2  os_dbg.o(.constdata)
    OSQSize                                  0x08006666   Data           2  os_dbg.o(.constdata)
    OSRdyTblSize                             0x08006668   Data           2  os_dbg.o(.constdata)
    OSSemEn                                  0x0800666a   Data           2  os_dbg.o(.constdata)
    OSStkWidth                               0x0800666c   Data           2  os_dbg.o(.constdata)
    OSTaskCreateEn                           0x0800666e   Data           2  os_dbg.o(.constdata)
    OSTaskCreateExtEn                        0x08006670   Data           2  os_dbg.o(.constdata)
    OSTaskDelEn                              0x08006672   Data           2  os_dbg.o(.constdata)
    OSTaskIdleStkSize                        0x08006674   Data           2  os_dbg.o(.constdata)
    OSTaskProfileEn                          0x08006676   Data           2  os_dbg.o(.constdata)
    OSTaskMax                                0x08006678   Data           2  os_dbg.o(.constdata)
    OSTaskNameEn                             0x0800667a   Data           2  os_dbg.o(.constdata)
    OSTaskStatEn                             0x0800667c   Data           2  os_dbg.o(.constdata)
    OSTaskStatStkSize                        0x0800667e   Data           2  os_dbg.o(.constdata)
    OSTaskStatStkChkEn                       0x08006680   Data           2  os_dbg.o(.constdata)
    OSTaskSwHookEn                           0x08006682   Data           2  os_dbg.o(.constdata)
    OSTaskRegTblSize                         0x08006684   Data           2  os_dbg.o(.constdata)
    OSTCBPrioTblMax                          0x08006686   Data           2  os_dbg.o(.constdata)
    OSTCBSize                                0x08006688   Data           2  os_dbg.o(.constdata)
    OSTicksPerSec                            0x0800668a   Data           2  os_dbg.o(.constdata)
    OSTimeTickHookEn                         0x0800668c   Data           2  os_dbg.o(.constdata)
    OSVersionNbr                             0x0800668e   Data           2  os_dbg.o(.constdata)
    OSTmrEn                                  0x08006690   Data           2  os_dbg.o(.constdata)
    OSTmrCfgMax                              0x08006692   Data           2  os_dbg.o(.constdata)
    OSTmrCfgNameEn                           0x08006694   Data           2  os_dbg.o(.constdata)
    OSTmrCfgWheelSize                        0x08006696   Data           2  os_dbg.o(.constdata)
    OSTmrCfgTicksPerSec                      0x08006698   Data           2  os_dbg.o(.constdata)
    OSTmrSize                                0x0800669a   Data           2  os_dbg.o(.constdata)
    OSTmrTblSize                             0x0800669c   Data           2  os_dbg.o(.constdata)
    OSTmrWheelSize                           0x0800669e   Data           2  os_dbg.o(.constdata)
    OSTmrWheelTblSize                        0x080066a0   Data           2  os_dbg.o(.constdata)
    OSDataSize                               0x080066a2   Data           2  os_dbg.o(.constdata)
    OSUnMapTbl                               0x080066a4   Data         256  os_core.o(.constdata)
    pvNullPointer                            0x080067d4   Data           4  sys_arch.o(.constdata)
    Region$$Table$$Base                      0x0800681c   Number         0  anon$$obj.o(Region$$Table)
    Region$$Table$$Limit                     0x0800683c   Number         0  anon$$obj.o(Region$$Table)
    recv_num                                 0x20000000   Data           4  uctsk_ssnp_tbc.o(.data)
    syn_num                                  0x20000004   Data           4  uctsk_ssnp_tbc.o(.data)
    asyn_num                                 0x20000008   Data           4  uctsk_ssnp_tbc.o(.data)
    upcomputer_cmd_recv_mbox                 0x20000014   Data           4  uctsk_ssnp_tbc.o(.data)
    get_up_cmd                               0x20000018   Data           4  uctsk_ssnp_tbc.o(.data)
    get_up_cmd_alias                         0x2000001c   Data           1  uctsk_ssnp_tbc.o(.data)
    get_up_cmd_tdcn                          0x2000001d   Data           1  uctsk_ssnp_tbc.o(.data)
    DMATxDescToSet                           0x20000034   Data           4  stm32_eth.o(.data)
    DMARxDescToGet                           0x20000038   Data           4  stm32_eth.o(.data)
    DMAPTPTxDescToSet                        0x2000003c   Data           4  stm32_eth.o(.data)
    DMAPTPRxDescToGet                        0x20000040   Data           4  stm32_eth.o(.data)
    SystemCoreClock                          0x20000044   Data           4  system_stm32f10x.o(.data)
    AHBPrescTable                            0x20000048   Data          16  system_stm32f10x.o(.data)
    OSCtxSwCtr                               0x2000005c   Data           4  os_core.o(.data)
    OSEventFreeList                          0x20000060   Data           4  os_core.o(.data)
    OSFlagFreeList                           0x20000064   Data           4  os_core.o(.data)
    OSCPUUsage                               0x20000068   Data           1  os_core.o(.data)
    OSIdleCtrMax                             0x2000006c   Data           4  os_core.o(.data)
    OSIdleCtrRun                             0x20000070   Data           4  os_core.o(.data)
    OSStatRdy                                0x20000074   Data           1  os_core.o(.data)
    OSIntNesting                             0x20000075   Data           1  os_core.o(.data)
    OSLockNesting                            0x20000076   Data           1  os_core.o(.data)
    OSPrioCur                                0x20000077   Data           1  os_core.o(.data)
    OSPrioHighRdy                            0x20000078   Data           1  os_core.o(.data)
    OSRdyGrp                                 0x20000079   Data           1  os_core.o(.data)
    OSRdyTbl                                 0x2000007a   Data           8  os_core.o(.data)
    OSRunning                                0x20000082   Data           1  os_core.o(.data)
    OSTaskCtr                                0x20000083   Data           1  os_core.o(.data)
    OSIdleCtr                                0x20000084   Data           4  os_core.o(.data)
    OSTCBCur                                 0x20000088   Data           4  os_core.o(.data)
    OSTCBFreeList                            0x2000008c   Data           4  os_core.o(.data)
    OSTCBHighRdy                             0x20000090   Data           4  os_core.o(.data)
    OSTCBList                                0x20000094   Data           4  os_core.o(.data)
    OSTickStepState                          0x20000098   Data           1  os_core.o(.data)
    OSMemFreeList                            0x2000009c   Data           4  os_core.o(.data)
    OSQFreeList                              0x200000a0   Data           4  os_core.o(.data)
    OSTime                                   0x200000a4   Data           4  os_core.o(.data)
    OSTmrFree                                0x200000a8   Data           2  os_core.o(.data)
    OSTmrUsed                                0x200000aa   Data           2  os_core.o(.data)
    OSTmrTime                                0x200000ac   Data           4  os_core.o(.data)
    OSTmrSem                                 0x200000b0   Data           4  os_core.o(.data)
    OSTmrSemSignal                           0x200000b4   Data           4  os_core.o(.data)
    OSTmrFreeList                            0x200000b8   Data           4  os_core.o(.data)
    mac_address                              0x200000cf   Data           6  ethernetif.o(.data)
    MACaddr                                  0x200000d5   Data           6  ethernetif.o(.data)
    netif_list                               0x200000ec   Data           4  netif.o(.data)
    netif_default                            0x200000f0   Data           4  netif.o(.data)
    recv_data                                0x20000116   Data           2  ssnp_for_app.o(.data)
    temp_trx                                 0x20000118   Data           2  ssnp_for_app.o(.data)
    item                                     0x2000011a   Data           4  ssnp_for_app.o(.data)
    as_list                                  0x20000124   Data           4  alias_state.o(.data)
    __stdout                                 0x20000130   Data           4  stdout.o(.data)
    test_time                                0x20000660   Data        2400  uctsk_ssnp_tbc.o(.bss)
    TBIM_recv                                0x20000fc0   Data          40  uctsk_ssnp_tbc.o(.bss)
    OSEventTbl                               0x20001014   Data         480  os_core.o(.bss)
    OSFlagTbl                                0x200011f4   Data          80  os_core.o(.bss)
    OSTaskStatStk                            0x20001244   Data         256  os_core.o(.bss)
    OSTaskIdleStk                            0x20001344   Data         128  os_core.o(.bss)
    OSTCBPrioTbl                             0x200013c4   Data         256  os_core.o(.bss)
    OSTCBTbl                                 0x200014c4   Data        1936  os_core.o(.bss)
    OSMemTbl                                 0x20001c54   Data         120  os_core.o(.bss)
    OSQTbl                                   0x20001ccc   Data          96  os_core.o(.bss)
    OSTmrTbl                                 0x20001d2c   Data         640  os_core.o(.bss)
    OSTmrTaskStk                             0x20001fac   Data         256  os_core.o(.bss)
    OSTmrWheelTbl                            0x200020ac   Data          64  os_core.o(.bss)
    DMARxDscrTab                             0x200020ec   Data          64  ethernetif.o(.bss)
    DMATxDscrTab                             0x2000212c   Data          32  ethernetif.o(.bss)
    Rx_Buff                                  0x2000214c   Data        6080  ethernetif.o(.bss)
    Tx_Buff                                  0x2000390c   Data        3040  ethernetif.o(.bss)
    RAM                                      0x200044ec   Data       10268  mem.o(.bss)
    SSNP_TASK_STK                            0x2000a9d4   Data        3600  sys_arch.o(.bss)
    tbc                                      0x2000da24   Data        6676  tbc.o(.bss)
    __initial_sp                             0x2000fc38   Data           0  startup_stm32f10x_cl.o(STACK)



==============================================================================

Memory Map of the image

  Image Entry point : 0x08000151

  Load Region LR_IROM1 (Base: 0x08000000, Size: 0x00006970, Max: 0x00040000, ABSOLUTE, COMPRESSED[0x0000685c])

    Execution Region ER_IROM1 (Base: 0x08000000, Size: 0x0000683c, Max: 0x00040000, ABSOLUTE)

    Base Addr    Size         Type   Attr      Idx    E Section Name        Object

    0x08000000   0x00000150   Data   RO         4401    RESET               startup_stm32f10x_cl.o
    0x08000150   0x00000000   Code   RO         7858  * .ARM.Collect$$$$00000000  mc_w.l(entry.o)
    0x08000150   0x00000004   Code   RO         8130    .ARM.Collect$$$$00000001  mc_w.l(entry2.o)
    0x08000154   0x00000004   Code   RO         8133    .ARM.Collect$$$$00000004  mc_w.l(entry5.o)
    0x08000158   0x00000008   Code   RO         8134    .ARM.Collect$$$$00000007  mc_w.l(entry7.o)
    0x08000160   0x00000004   Code   RO         8131    .ARM.Collect$$$$00002712  mc_w.l(entry2.o)
    0x08000164   0x00000024   Code   RO         4402    .text               startup_stm32f10x_cl.o
    0x08000188   0x000000a4   Code   RO         4524    .text               os_cpu_a.o
    0x0800022c   0x0000002a   Code   RO         5419    .text               cpu_a.o
    0x08000256   0x00000024   Code   RO         7861    .text               mc_w.l(memcpya.o)
    0x0800027a   0x0000002c   Code   RO         8136    .text               mc_w.l(uidiv.o)
    0x080002a6   0x00000066   Code   RO         8138    .text               mc_w.l(uldiv.o)
    0x0800030c   0x00000000   Code   RO         8147    .text               mc_w.l(iusefp.o)
    0x0800030c   0x000000c2   Code   RO         8148    .text               mf_w.l(depilogue.o)
    0x080003ce   0x0000014a   Code   RO         8150    .text               mf_w.l(dadd.o)
    0x08000518   0x000000e2   Code   RO         8152    .text               mf_w.l(dmul.o)
    0x080005fa   0x000000de   Code   RO         8154    .text               mf_w.l(ddiv.o)
    0x080006d8   0x00000030   Code   RO         8158    .text               mf_w.l(dfixul.o)
    0x08000708   0x00000028   Code   RO         8162    .text               mf_w.l(cdrcmple.o)
    0x08000730   0x00000024   Code   RO         8164    .text               mc_w.l(init.o)
    0x08000754   0x0000001e   Code   RO         8166    .text               mc_w.l(llshl.o)
    0x08000772   0x00000020   Code   RO         8168    .text               mc_w.l(llushr.o)
    0x08000792   0x00000024   Code   RO         8170    .text               mc_w.l(llsshr.o)
    0x080007b6   0x0000005c   Code   RO         8180    .text               mc_w.l(__dczerorl2.o)
    0x08000812   0x00000002   PAD
    0x08000814   0x0000001c   Code   RO          204    i.App_SSNPTaskCreate  uctsk_ssnp_tbc.o
    0x08000830   0x00000002   Code   RO         5317    i.App_TCBInitHook   os_apphooks.o
    0x08000832   0x00000008   Code   RO            1    i.App_TaskCreate    main.o
    0x0800083a   0x00000002   Code   RO         5318    i.App_TaskCreateHook  os_apphooks.o
    0x0800083c   0x00000002   Code   RO         5320    i.App_TaskIdleHook  os_apphooks.o
    0x0800083e   0x0000001c   Code   RO            2    i.App_TaskStart     main.o
    0x0800085a   0x00000002   Code   RO         5322    i.App_TaskStatHook  os_apphooks.o
    0x0800085c   0x00000002   Code   RO         5323    i.App_TaskSwHook    os_apphooks.o
    0x0800085e   0x00000002   Code   RO         5324    i.App_TimeTickHook  os_apphooks.o
    0x08000860   0x00000004   Code   RO          129    i.BusFault_Handler  stm32f10x_it.o
    0x08000864   0x00000002   Code   RO          130    i.DebugMon_Handler  stm32f10x_it.o
    0x08000866   0x00000002   PAD
    0x08000868   0x0000000c   Code   RO         3748    i.ETH_DMAClearITPendingBit  stm32_eth.o
    0x08000874   0x00000020   Code   RO         3749    i.ETH_DMAITConfig   stm32_eth.o
    0x08000894   0x00000024   Code   RO         3752    i.ETH_DMAReceptionCmd  stm32_eth.o
    0x080008b8   0x00000054   Code   RO         3753    i.ETH_DMARxDescChainInit  stm32_eth.o
    0x0800090c   0x00000016   Code   RO         3755    i.ETH_DMARxDescReceiveITConfig  stm32_eth.o
    0x08000922   0x00000002   PAD
    0x08000924   0x00000024   Code   RO         3758    i.ETH_DMATransmissionCmd  stm32_eth.o
    0x08000948   0x00000050   Code   RO         3761    i.ETH_DMATxDescChainInit  stm32_eth.o
    0x08000998   0x00000016   Code   RO         3770    i.ETH_DeInit        stm32_eth.o
    0x080009ae   0x0000000e   Code   RO         3771    i.ETH_Delay         stm32_eth.o
    0x080009bc   0x00000014   Code   RO         3776    i.ETH_FlushTransmitFIFO  stm32_eth.o
    0x080009d0   0x0000000c   Code   RO         6119    i.ETH_GetCurrentTxBuffer  ethernetif.o
    0x080009dc   0x0000000a   Code   RO         3787    i.ETH_GetDMARxDescFrameLength  stm32_eth.o
    0x080009e6   0x00000002   PAD
    0x080009e8   0x00000048   Code   RO         3802    i.ETH_GetRxPktSize  stm32_eth.o
    0x08000a30   0x00000018   Code   RO         3803    i.ETH_GetSoftwareResetStatus  stm32_eth.o
    0x08000a48   0x00000044   Code   RO         7183    i.ETH_IRQHandler    ssnp_for_app.o
    0x08000a8c   0x0000024c   Code   RO         3810    i.ETH_Init          stm32_eth.o
    0x08000cd8   0x00000034   Code   RO         3813    i.ETH_MACAddressConfig  stm32_eth.o
    0x08000d0c   0x00000024   Code   RO         3818    i.ETH_MACReceptionCmd  stm32_eth.o
    0x08000d30   0x00000024   Code   RO         3819    i.ETH_MACTransmissionCmd  stm32_eth.o
    0x08000d54   0x00000060   Code   RO         3830    i.ETH_ReadPHYRegister  stm32_eth.o
    0x08000db4   0x0000009c   Code   RO         6120    i.ETH_RxPkt_ChainMode  ethernetif.o
    0x08000e50   0x00000014   Code   RO         3841    i.ETH_SoftwareReset  stm32_eth.o
    0x08000e64   0x00000020   Code   RO         3842    i.ETH_Start         stm32_eth.o
    0x08000e84   0x000000a4   Code   RO         3843    i.ETH_StructInit    stm32_eth.o
    0x08000f28   0x00000068   Code   RO         6121    i.ETH_TxPkt_ChainMode  ethernetif.o
    0x08000f90   0x00000060   Code   RO         3845    i.ETH_WritePHYRegister  stm32_eth.o
    0x08000ff0   0x000000a0   Code   RO         7184    i.Ethernet_Configuration  ssnp_for_app.o
    0x08001090   0x0000000c   Code   RO          928    i.GPIO_ETH_MediaInterfaceConfig  stm32f10x_gpio.o
    0x0800109c   0x00000112   Code   RO          932    i.GPIO_Init         stm32f10x_gpio.o
    0x080011ae   0x00000002   PAD
    0x080011b0   0x00000090   Code   RO          934    i.GPIO_PinRemapConfig  stm32f10x_gpio.o
    0x08001240   0x00000004   Code   RO          131    i.HardFault_Handler  stm32f10x_it.o
    0x08001244   0x00000004   Code   RO          132    i.MemManage_Handler  stm32f10x_it.o
    0x08001248   0x00000002   Code   RO          133    i.NMI_Handler       stm32f10x_it.o
    0x0800124a   0x00000026   Code   RO         7185    i.NVIC_Configuration  ssnp_for_app.o
    0x08001270   0x00000028   Code   RO         7186    i.NVIC_Configuration_USART2  ssnp_for_app.o
    0x08001298   0x00000084   Code   RO          713    i.NVIC_Init         misc.o
    0x0800131c   0x00000014   Code   RO          714    i.NVIC_PriorityGroupConfig  misc.o
    0x08001330   0x0000015c   Code   RO         4406    i.OSDebugInit       os_dbg.o
    0x0800148c   0x00000068   Code   RO         4528    i.OSEventNameSet    os_core.o
    0x080014f4   0x00000038   Code   RO         4530    i.OSInit            os_core.o
    0x0800152c   0x0000000c   Code   RO         4427    i.OSInitHookBegin   os_cpu_c.o
    0x08001538   0x00000002   Code   RO         4428    i.OSInitHookEnd     os_cpu_c.o
    0x0800153a   0x00000002   PAD
    0x0800153c   0x00000090   Code   RO         4532    i.OSIntExit         os_core.o
    0x080015cc   0x000000a8   Code   RO         4874    i.OSMemCreate       os_mem.o
    0x08001674   0x00000048   Code   RO         4875    i.OSMemGet          os_mem.o
    0x080016bc   0x00000042   Code   RO         4878    i.OSMemPut          os_mem.o
    0x080016fe   0x00000002   PAD
    0x08001700   0x000000a0   Code   RO         4970    i.OSQCreate         os_q.o
    0x080017a0   0x0000012c   Code   RO         4973    i.OSQPend           os_q.o
    0x080018cc   0x00000078   Code   RO         4975    i.OSQPost           os_q.o
    0x08001944   0x00000040   Code   RO         4533    i.OSSchedLock       os_core.o
    0x08001984   0x00000060   Code   RO         4534    i.OSSchedUnlock     os_core.o
    0x080019e4   0x00000054   Code   RO         5042    i.OSSemCreate       os_sem.o
    0x08001a38   0x000000e8   Code   RO         5043    i.OSSemDel          os_sem.o
    0x08001b20   0x000000f8   Code   RO         5044    i.OSSemPend         os_sem.o
    0x08001c18   0x0000005e   Code   RO         5046    i.OSSemPost         os_sem.o
    0x08001c76   0x00000002   PAD
    0x08001c78   0x00000048   Code   RO         4535    i.OSStart           os_core.o
    0x08001cc0   0x0000004c   Code   RO         4536    i.OSStatInit        os_core.o
    0x08001d0c   0x0000000c   Code   RO         4429    i.OSTCBInitHook     os_cpu_c.o
    0x08001d18   0x000000a8   Code   RO         5096    i.OSTaskCreate      os_task.o
    0x08001dc0   0x000000c0   Code   RO         5097    i.OSTaskCreateExt   os_task.o
    0x08001e80   0x0000000c   Code   RO         4430    i.OSTaskCreateHook  os_cpu_c.o
    0x08001e8c   0x00000008   Code   RO         4432    i.OSTaskIdleHook    os_cpu_c.o
    0x08001e94   0x00000084   Code   RO         5101    i.OSTaskNameSet     os_task.o
    0x08001f18   0x00000008   Code   RO         4433    i.OSTaskStatHook    os_cpu_c.o
    0x08001f20   0x000000a0   Code   RO         5106    i.OSTaskStkChk      os_task.o
    0x08001fc0   0x0000009a   Code   RO         4434    i.OSTaskStkInit     os_cpu_c.o
    0x0800205a   0x00000002   PAD
    0x0800205c   0x000000c4   Code   RO         5107    i.OSTaskSuspend     os_task.o
    0x08002120   0x00000008   Code   RO         4435    i.OSTaskSwHook      os_cpu_c.o
    0x08002128   0x00000080   Code   RO         5191    i.OSTimeDly         os_time.o
    0x080021a8   0x00000084   Code   RO         5192    i.OSTimeDlyHMSM     os_time.o
    0x0800222c   0x0000001c   Code   RO         5194    i.OSTimeGet         os_time.o
    0x08002248   0x000000f4   Code   RO         4537    i.OSTimeTick        os_core.o
    0x0800233c   0x00000028   Code   RO         4436    i.OSTimeTickHook    os_cpu_c.o
    0x08002364   0x00000014   Code   RO         5231    i.OSTmrSignal       os_tmr.o
    0x08002378   0x000000f4   Code   RO         5237    i.OSTmr_Init        os_tmr.o
    0x0800246c   0x00000050   Code   RO         5238    i.OSTmr_InitTask    os_tmr.o
    0x080024bc   0x0000006c   Code   RO         5239    i.OSTmr_Link        os_tmr.o
    0x08002528   0x00000080   Code   RO         5240    i.OSTmr_Task        os_tmr.o
    0x080025a8   0x00000044   Code   RO         5241    i.OSTmr_Unlink      os_tmr.o
    0x080025ec   0x00000064   Code   RO         4439    i.OS_CPU_SysTickInit  os_cpu_c.o
    0x08002650   0x0000009c   Code   RO         4540    i.OS_EventTaskRdy   os_core.o
    0x080026ec   0x00000032   Code   RO         4541    i.OS_EventTaskRemove  os_core.o
    0x0800271e   0x00000050   Code   RO         4542    i.OS_EventTaskRemoveMulti  os_core.o
    0x0800276e   0x00000002   PAD
    0x08002770   0x00000084   Code   RO         4543    i.OS_EventTaskWait  os_core.o
    0x080027f4   0x0000001c   Code   RO         4545    i.OS_EventWaitListInit  os_core.o
    0x08002810   0x00000058   Code   RO         4748    i.OS_FlagInit       os_flag.o
    0x08002868   0x00000060   Code   RO         4546    i.OS_InitEventList  os_core.o
    0x080028c8   0x00000054   Code   RO         4547    i.OS_InitMisc       os_core.o
    0x0800291c   0x00000044   Code   RO         4548    i.OS_InitRdyList    os_core.o
    0x08002960   0x00000080   Code   RO         4549    i.OS_InitTCBList    os_core.o
    0x080029e0   0x00000050   Code   RO         4550    i.OS_InitTaskIdle   os_core.o
    0x08002a30   0x00000050   Code   RO         4551    i.OS_InitTaskStat   os_core.o
    0x08002a80   0x00000012   Code   RO         4552    i.OS_MemClr         os_core.o
    0x08002a92   0x00000002   PAD
    0x08002a94   0x00000058   Code   RO         4880    i.OS_MemInit        os_mem.o
    0x08002aec   0x00000050   Code   RO         4979    i.OS_QInit          os_q.o
    0x08002b3c   0x00000074   Code   RO         4554    i.OS_Sched          os_core.o
    0x08002bb0   0x0000002c   Code   RO         4555    i.OS_SchedNew       os_core.o
    0x08002bdc   0x00000144   Code   RO         4557    i.OS_TCBInit        os_core.o
    0x08002d20   0x00000028   Code   RO         4558    i.OS_TaskIdle       os_core.o
    0x08002d48   0x00000088   Code   RO         4559    i.OS_TaskStat       os_core.o
    0x08002dd0   0x0000003c   Code   RO         4560    i.OS_TaskStatStkChk  os_core.o
    0x08002e0c   0x0000001a   Code   RO         5109    i.OS_TaskStkClr     os_task.o
    0x08002e26   0x00000002   PAD
    0x08002e28   0x00000020   Code   RO         1041    i.RCC_AHBPeriphClockCmd  stm32f10x_rcc.o
    0x08002e48   0x00000020   Code   RO         1042    i.RCC_AHBPeriphResetCmd  stm32f10x_rcc.o
    0x08002e68   0x00000020   Code   RO         1043    i.RCC_APB1PeriphClockCmd  stm32f10x_rcc.o
    0x08002e88   0x00000020   Code   RO         1045    i.RCC_APB2PeriphClockCmd  stm32f10x_rcc.o
    0x08002ea8   0x00000190   Code   RO         1053    i.RCC_GetClocksFreq  stm32f10x_rcc.o
    0x08003038   0x0000003c   Code   RO         1054    i.RCC_GetFlagStatus  stm32f10x_rcc.o
    0x08003074   0x0000000c   Code   RO         1065    i.RCC_MCOConfig     stm32f10x_rcc.o
    0x08003080   0x0000000c   Code   RO         1071    i.RCC_PLL3Cmd       stm32f10x_rcc.o
    0x0800308c   0x00000018   Code   RO         1072    i.RCC_PLL3Config    stm32f10x_rcc.o
    0x080030a4   0x00000002   Code   RO          134    i.SVC_Handler       stm32f10x_it.o
    0x080030a6   0x00000008   Code   RO         4365    i.SetSysClock       system_stm32f10x.o
    0x080030ae   0x00000002   PAD
    0x080030b0   0x00000100   Code   RO         4366    i.SetSysClockTo72   system_stm32f10x.o
    0x080031b0   0x00000028   Code   RO          135    i.SysTick_Handler   stm32f10x_it.o
    0x080031d8   0x0000006c   Code   RO         4368    i.SystemInit        system_stm32f10x.o
    0x08003244   0x00000068   Code   RO         5960    i.TBC_DLL_init      ethbcp.o
    0x080032ac   0x00000020   Code   RO         7438    i.TBC_init          tbc.o
    0x080032cc   0x00000044   Code   RO          207    i.TIM5_IRQHandler   uctsk_ssnp_tbc.o
    0x08003310   0x00000044   Code   RO          208    i.TIM5_Init         uctsk_ssnp_tbc.o
    0x08003354   0x00000006   Code   RO         2972    i.TIM_ClearITPendingBit  stm32f10x_tim.o
    0x0800335a   0x00000018   Code   RO         2977    i.TIM_Cmd           stm32f10x_tim.o
    0x08003372   0x00000022   Code   RO         2998    i.TIM_GetITStatus   stm32f10x_tim.o
    0x08003394   0x00000018   Code   RO         3002    i.TIM_ITConfig      stm32f10x_tim.o
    0x080033ac   0x000000a4   Code   RO         3048    i.TIM_TimeBaseInit  stm32f10x_tim.o
    0x08003450   0x00000002   Code   RO          136    i.USART1_IRQHandler  stm32f10x_it.o
    0x08003452   0x00000002   PAD
    0x08003454   0x000001a0   Code   RO         7187    i.USART2_IRQHandler  ssnp_for_app.o
    0x080035f4   0x00000012   Code   RO         3509    i.USART_ClearFlag   stm32f10x_usart.o
    0x08003606   0x0000001e   Code   RO         3510    i.USART_ClearITPendingBit  stm32f10x_usart.o
    0x08003624   0x00000018   Code   RO         3513    i.USART_Cmd         stm32f10x_usart.o
    0x0800363c   0x000000a0   Code   RO         7188    i.USART_Configuration  ssnp_for_app.o
    0x080036dc   0x0000001a   Code   RO         3516    i.USART_GetFlagStatus  stm32f10x_usart.o
    0x080036f6   0x00000054   Code   RO         3517    i.USART_GetITStatus  stm32f10x_usart.o
    0x0800374a   0x0000004a   Code   RO         3519    i.USART_ITConfig    stm32f10x_usart.o
    0x08003794   0x000000d8   Code   RO         3520    i.USART_Init        stm32f10x_usart.o
    0x0800386c   0x0000000a   Code   RO         3527    i.USART_ReceiveData  stm32f10x_usart.o
    0x08003876   0x00000008   Code   RO         3530    i.USART_SendData    stm32f10x_usart.o
    0x0800387e   0x00000004   Code   RO          137    i.UsageFault_Handler  stm32f10x_it.o
    0x08003882   0x00000002   PAD
    0x08003884   0x00000020   Code   RO         8100    i.__0printf         mc_w.l(printfa.o)
    0x080038a4   0x0000000e   Code   RO         8174    i.__scatterload_copy  mc_w.l(handlers.o)
    0x080038b2   0x00000002   Code   RO         8175    i.__scatterload_null  mc_w.l(handlers.o)
    0x080038b4   0x0000000e   Code   RO         8176    i.__scatterload_zeroinit  mc_w.l(handlers.o)
    0x080038c2   0x00000002   PAD
    0x080038c4   0x00000154   Code   RO         8107    i._fp_digits        mc_w.l(printfa.o)
    0x08003a18   0x000006d4   Code   RO         8108    i._printf_core      mc_w.l(printfa.o)
    0x080040ec   0x00000026   Code   RO         8109    i._printf_post_padding  mc_w.l(printfa.o)
    0x08004112   0x0000002e   Code   RO         8110    i._printf_pre_padding  mc_w.l(printfa.o)
    0x08004140   0x0000005c   Code   RO         7377    i.add_alias_pending  alias_state.o
    0x0800419c   0x00000006   Code   RO         5814    i.addr_check        dp.o
    0x080041a2   0x00000006   Code   RO         7744    i.addr_check        sdp.o
    0x080041a8   0x0000000a   Code   RO         7035    i.alias_alloc_finish  timer.o
    0x080041b2   0x00000002   PAD
    0x080041b4   0x00000024   Code   RO         7036    i.alias_check_timer  timer.o
    0x080041d8   0x000000c8   Code   RO         7378    i.alias_done        alias_state.o
    0x080042a0   0x00000050   Code   RO         7349    i.alloc_alias_map   alias_map.o
    0x080042f0   0x00000108   Code   RO          210    i.app_init          uctsk_ssnp_tbc.o
    0x080043f8   0x00000048   Code   RO         7379    i.clear_unresponsive_alias  alias_state.o
    0x08004440   0x00000014   Code   RO         7380    i.copy_uuid         alias_state.o
    0x08004454   0x00000030   Code   RO         7350    i.del_alias_map     alias_map.o
    0x08004484   0x0000005c   Code   RO         7381    i.delete_alias      alias_state.o
    0x080044e0   0x000003e4   Code   RO         5820    i.dp_input          dp.o
    0x080048c4   0x00000004   Code   RO         5961    i.ethbcp_FCS_check  ethbcp.o
    0x080048c8   0x00000208   Code   RO         5962    i.ethbcp_input      ethbcp.o
    0x08004ad0   0x0000005c   Code   RO         5963    i.ethbcp_input_check  ethbcp.o
    0x08004b2c   0x000000c0   Code   RO         5964    i.ethbcp_output     ethbcp.o
    0x08004bec   0x00000110   Code   RO         7189    i.ethernet_initialize  ssnp_for_app.o
    0x08004cfc   0x000001bc   Code   RO         5965    i.ethernet_input    ethbcp.o
    0x08004eb8   0x00000078   Code   RO         6122    i.ethernetif_init   ethernetif.o
    0x08004f30   0x00000068   Code   RO         6123    i.ethernetif_input  ethernetif.o
    0x08004f98   0x00000020   Code   RO         7382    i.find              alias_state.o
    0x08004fb8   0x00000024   Code   RO          213    i.fputc             uctsk_ssnp_tbc.o
    0x08004fdc   0x00000008   Code   RO         7190    i.hardware_init     ssnp_for_app.o
    0x08004fe4   0x00000006   Code   RO         6184    i.inet_chksum       inet_chksum.o
    0x08004fea   0x00000002   PAD
    0x08004fec   0x00000010   Code   RO          430    i.init_queue        upcomputer.o
    0x08004ffc   0x0000001a   Code   RO         7384    i.is_exist_in_pending_list  alias_state.o
    0x08005016   0x0000000e   Code   RO         5829    i.isbroadcast       dp.o
    0x08005024   0x0000000e   Code   RO         7098    i.isbroadcast       tp.o
    0x08005032   0x0000000e   Code   RO         7748    i.isbroadcast       sdp.o
    0x08005040   0x00000078   Code   RO         6124    i.low_level_init    ethernetif.o
    0x080050b8   0x00000068   Code   RO         6125    i.low_level_input   ethernetif.o
    0x08005120   0x00000042   Code   RO         6126    i.low_level_output  ethernetif.o
    0x08005162   0x00000002   PAD
    0x08005164   0x0000005c   Code   RO            3    i.main              main.o
    0x080051c0   0x00000108   Code   RO         6236    i.mem_alloc         mem.o
    0x080052c8   0x0000005c   Code   RO         6237    i.mem_free          mem.o
    0x08005324   0x00000068   Code   RO         6238    i.mem_init          mem.o
    0x0800538c   0x0000010c   Code   RO         6239    i.mem_trim          mem.o
    0x08005498   0x0000002c   Code   RO         6278    i.memp_alloc        memp.o
    0x080054c4   0x00000034   Code   RO         6279    i.memp_free         memp.o
    0x080054f8   0x00000058   Code   RO         6280    i.memp_init         memp.o
    0x08005550   0x00000080   Code   RO         6368    i.netif_add         netif.o
    0x080055d0   0x00000002   Code   RO         6370    i.netif_init        netif.o
    0x080055d2   0x00000002   PAD
    0x080055d4   0x0000000c   Code   RO         6373    i.netif_set_default  netif.o
    0x080055e0   0x00000190   Code   RO         6416    i.pbuf_alloc        pbuf.o
    0x08005770   0x00000024   Code   RO         6417    i.pbuf_cat          pbuf.o
    0x08005794   0x00000016   Code   RO         6418    i.pbuf_chain        pbuf.o
    0x080057aa   0x0000006c   Code   RO         6424    i.pbuf_free         pbuf.o
    0x08005816   0x0000006a   Code   RO         6425    i.pbuf_header       pbuf.o
    0x08005880   0x00000064   Code   RO         6426    i.pbuf_realloc      pbuf.o
    0x080058e4   0x0000001a   Code   RO         6427    i.pbuf_ref          pbuf.o
    0x080058fe   0x00000002   PAD
    0x08005900   0x00000078   Code   RO         6240    i.plug_holes        mem.o
    0x08005978   0x00000068   Code   RO         7191    i.protocol_init     ssnp_for_app.o
    0x080059e0   0x0000001c   Code   RO         6196    i.protocol_stack_init  init.o
    0x080059fc   0x00000314   Code   RO         7752    i.sdp_input         sdp.o
    0x08005d10   0x000000d4   Code   RO         5969    i.send_assign_alias_msg  ethbcp.o
    0x08005de4   0x0000000c   Code   RO         5974    i.set_alias_alloc_done  ethbcp.o
    0x08005df0   0x00000024   Code   RO         6127    i.set_mac_address   ethernetif.o
    0x08005e14   0x00000002   Code   RO         5976    i.set_status_word_bad_frame_received  ethbcp.o
    0x08005e16   0x00000002   Code   RO         5830    i.set_status_word_protocol_error  dp.o
    0x08005e18   0x00000002   Code   RO         7759    i.set_status_word_protocol_error  sdp.o
    0x08005e1a   0x00000002   PAD
    0x08005e1c   0x0000004c   Code   RO         6502    i.ssnp_init         ssnp.o
    0x08005e68   0x0000000e   Code   RO         7194    i.ssnp_init_done    ssnp_for_app.o
    0x08005e76   0x00000002   PAD
    0x08005e78   0x000000ac   Code   RO         6503    i.ssnp_input        ssnp.o
    0x08005f24   0x00000090   Code   RO         6504    i.ssnp_thread       ssnp.o
    0x08005fb4   0x0000008c   Code   RO         6555    i.sys_arch_mbox_fetch  sys_arch.o
    0x08006040   0x0000006c   Code   RO         6557    i.sys_arch_sem_wait  sys_arch.o
    0x080060ac   0x00000024   Code   RO         6558    i.sys_init          sys_arch.o
    0x080060d0   0x00000058   Code   RO         6560    i.sys_mbox_new      sys_arch.o
    0x08006128   0x00000024   Code   RO         6562    i.sys_mbox_trypost  sys_arch.o
    0x0800614c   0x00000010   Code   RO         6563    i.sys_sem_free      sys_arch.o
    0x0800615c   0x00000010   Code   RO         6564    i.sys_sem_new       sys_arch.o
    0x0800616c   0x0000000c   Code   RO         6565    i.sys_sem_signal    sys_arch.o
    0x08006178   0x00000084   Code   RO         6566    i.sys_thread_new    sys_arch.o
    0x080061fc   0x00000008   Code   RO         6567    i.sys_time_get      sys_arch.o
    0x08006204   0x00000098   Code   RO         7038    i.sys_timeout       timer.o
    0x0800629c   0x00000014   Code   RO         7039    i.sys_timeouts_init  timer.o
    0x080062b0   0x0000008c   Code   RO         7040    i.sys_timeouts_mbox_fetch  timer.o
    0x0800633c   0x00000060   Code   RO         7041    i.sys_untimeout     timer.o
    0x0800639c   0x0000001c   Code   RO         7351    i.test              alias_map.o
    0x080063b8   0x0000022c   Code   RO         7103    i.tp_input          tp.o
    0x080065e4   0x0000004c   Code   RO          217    i.uctsk_SSNP_TBC_new  uctsk_ssnp_tbc.o
    0x08006630   0x00000074   Data   RO         4407    .constdata          os_dbg.o
    0x080066a4   0x00000100   Data   RO         4562    .constdata          os_core.o
    0x080067a4   0x00000030   Data   RO         6282    .constdata          memp.o
    0x080067d4   0x00000004   Data   RO         6569    .constdata          sys_arch.o
    0x080067d8   0x00000042   Data   RO         7760    .constdata          sdp.o
    0x0800681a   0x00000002   PAD
    0x0800681c   0x00000020   Data   RO         8172    Region$$Table       anon$$obj.o


    Execution Region RW_IRAM1 (Base: 0x20000000, Size: 0x0000fc38, Max: 0x00010000, ABSOLUTE, COMPRESSED[0x00000020])

    Base Addr    Size         Type   Attr      Idx    E Section Name        Object

    0x20000000   0x0000001e   Data   RW          220    .data               uctsk_ssnp_tbc.o
    0x2000001e   0x00000014   Data   RW         1081    .data               stm32f10x_rcc.o
    0x20000032   0x00000002   PAD
    0x20000034   0x00000010   Data   RW         3846    .data               stm32_eth.o
    0x20000044   0x00000014   Data   RW         4369    .data               system_stm32f10x.o
    0x20000058   0x00000002   Data   RW         4440    .data               os_cpu_c.o
    0x2000005a   0x00000002   PAD
    0x2000005c   0x00000060   Data   RW         4563    .data               os_core.o
    0x200000bc   0x00000004   Data   RW         5831    .data               dp.o
    0x200000c0   0x0000000f   Data   RW         5977    .data               ethbcp.o
    0x200000cf   0x0000000c   Data   RW         6129    .data               ethernetif.o
    0x200000db   0x00000001   PAD
    0x200000dc   0x00000010   Data   RW         6242    .data               mem.o
    0x200000ec   0x00000009   Data   RW         6374    .data               netif.o
    0x200000f5   0x00000003   PAD
    0x200000f8   0x0000000c   Data   RW         6507    .data               ssnp.o
    0x20000104   0x00000004   Data   RW         6570    .data               sys_arch.o
    0x20000108   0x00000004   Data   RW         7042    .data               timer.o
    0x2000010c   0x00000004   Data   RW         7110    .data               tp.o
    0x20000110   0x0000000e   Data   RW         7200    .data               ssnp_for_app.o
    0x2000011e   0x00000006   Data   RW         7352    .data               alias_map.o
    0x20000124   0x00000008   Data   RW         7385    .data               alias_state.o
    0x2000012c   0x00000004   Data   RW         7761    .data               sdp.o
    0x20000130   0x00000004   Data   RW         8135    .data               mc_w.l(stdout.o)
    0x20000134   0x00000100   Zero   RW            4    .bss                main.o
    0x20000234   0x00000db4   Zero   RW          218    .bss                uctsk_ssnp_tbc.o
    0x20000fe8   0x0000002b   Zero   RW          436    .bss                upcomputer.o
    0x20001013   0x00000001   PAD
    0x20001014   0x000010d8   Zero   RW         4561    .bss                os_core.o
    0x200020ec   0x00002400   Zero   RW         6128    .bss                ethernetif.o
    0x200044ec   0x0000281c   Zero   RW         6241    .bss                mem.o
    0x20006d08   0x00003ccb   Zero   RW         6281    .bss                memp.o
    0x2000a9d3   0x00000001   PAD
    0x2000a9d4   0x00002d7b   Zero   RW         6568    .bss                sys_arch.o
    0x2000d74f   0x00000001   PAD
    0x2000d750   0x000002a8   Zero   RW         7199    .bss                ssnp_for_app.o
    0x2000d9f8   0x00001a40   Zero   RW         7459    .bss                tbc.o
    0x2000f438   0x00000800   Zero   RW         4399    STACK               startup_stm32f10x_cl.o


==============================================================================

Image component sizes


      Code (inc. data)   RO Data    RW Data    ZI Data      Debug   Object Name

       156         24          0          6          0       1858   alias_map.o
       534         34          0          8          0       6149   alias_state.o
         0          0          0          0          0       5784   api_lib.o
         0          0          0          0          0         32   core_cm3.o
        42          0          0          0          0        284   cpu_a.o
      1018        458          0          4          0       7614   dp.o
      1582        688          0         15          0      11634   ethbcp.o
       822        142          0         12       9216       6428   ethernetif.o
         6          0          0          0          0        502   inet_chksum.o
        28          0          0          0          0        906   init.o
       128         20          0          0        256     324650   main.o
       848         86          0         16      10268       4323   mem.o
       184         30         48          0      15563       2557   memp.o
       152         24          0          0          0       1547   misc.o
       142         50          0          9          0       2496   netif.o
        12          0          0          0          0       2477   os_apphooks.o
      2576        416        256         96       4312      23482   os_core.o
       164         32          0          0          0        340   os_cpu_a.o
       356         24          0          2          0      30578   os_cpu_c.o
       348        230        116          0          0       3430   os_dbg.o
        88         14          0          0          0        558   os_flag.o
       394         18          0          0          0       3205   os_mem.o
       660         36          0          0          0       3303   os_q.o
       658         36          0          0          0       3297   os_sem.o
       874         66          0          0          0       5320   os_task.o
       288         32          0          0          0       1876   os_time.o
       648        132          0          0          0       3651   os_tmr.o
       798         34          0          0          0       4801   pbuf.o
       810        274         66          4          0       4708   sdp.o
       392        130          0         12          0       2801   ssnp.o
      1280        256          0         14        680      10245   ssnp_for_app.o
        36          8        336          0       2048        852   startup_stm32f10x_cl.o
      1584        134          0         16          0      13951   stm32_eth.o
       430         12          0          0          0       3354   stm32f10x_gpio.o
        64          6          0          0          0       3521   stm32f10x_it.o
       636         72          0         20          0       8537   stm32f10x_rcc.o
       252         42          0          0          0       3578   stm32f10x_tim.o
       490          6          0          0          0       7353   stm32f10x_usart.o
       592         42          4          4      11643       7223   sys_arch.o
       372         32          0         20          0       2009   system_stm32f10x.o
        32          6          0          0       6720      15728   tbc.o
       454         24          0          4          0       4028   timer.o
       570        236          0          4          0       3387   tp.o
       540        224          0         30       3508     315277   uctsk_ssnp_tbc.o
        16          4          0          0         43       2041   upcomputer.o

    ----------------------------------------------------------------------
     22098       4134        860        304      64260     871675   Object Totals
         0          0         32          0          0          0   (incl. Generated)
        42          0          2          8          3          1   (incl. Padding)

    ----------------------------------------------------------------------

      Code (inc. data)   RO Data    RW Data    ZI Data      Debug   Library Member Name

        92          0          0          0          0          0   __dczerorl2.o
         0          0          0          0          0          0   entry.o
         8          4          0          0          0          0   entry2.o
         4          0          0          0          0          0   entry5.o
         8          4          0          0          0          0   entry7.o
        30          0          0          0          0          0   handlers.o
        36          8          0          0          0         68   init.o
         0          0          0          0          0          0   iusefp.o
        30          0          0          0          0         68   llshl.o
        36          0          0          0          0         68   llsshr.o
        32          0          0          0          0         68   llushr.o
        36          0          0          0          0         68   memcpya.o
      2204         92          0          0          0        460   printfa.o
         0          0          0          4          0          0   stdout.o
        44          0          0          0          0         80   uidiv.o
       102          0          0          0          0         92   uldiv.o
        40          2          0          0          0         68   cdrcmple.o
       330          0          0          0          0        148   dadd.o
       222          0          0          0          0        100   ddiv.o
       194          0          0          0          0        184   depilogue.o
        48          0          0          0          0         68   dfixul.o
       226          0          0          0          0         96   dmul.o

    ----------------------------------------------------------------------
      3726        110          0          4          0       1636   Library Totals
         4          0          0          0          0          0   (incl. Padding)

    ----------------------------------------------------------------------

      Code (inc. data)   RO Data    RW Data    ZI Data      Debug   Library Name

      2662        108          0          4          0        972   mc_w.l
      1060          2          0          0          0        664   mf_w.l

    ----------------------------------------------------------------------
      3726        110          0          4          0       1636   Library Totals

    ----------------------------------------------------------------------

==============================================================================


      Code (inc. data)   RO Data    RW Data    ZI Data      Debug   

     25824       4244        860        308      64260     860624   Grand Totals
     25824       4244        860         32      64260     860624   ELF Image Totals (compressed)
     25824       4244        860         32          0          0   ROM Totals

==============================================================================

    Total RO  Size (Code + RO Data)                26684 (  26.06kB)
    Total RW  Size (RW Data + ZI Data)             64568 (  63.05kB)
    Total ROM Size (Code + RO Data + RW Data)      26716 (  26.09kB)

==============================================================================

